Component: ARM Compiler 5.05 update 1 (build 106) Tool: armlink [4d0efa]

==============================================================================

Section Cross References

    main.o(i.main) refers to _printf_percent.o(.ARM.Collect$$_printf_percent$$00000000) for _printf_percent
    main.o(i.main) refers to _printf_d.o(.ARM.Collect$$_printf_percent$$00000009) for _printf_d
    main.o(i.main) refers to _printf_dec.o(.text) for _printf_int_dec
    main.o(i.main) refers to sys.o(i.Cache_Enable) for Cache_Enable
    main.o(i.main) refers to mpu.o(i.MPU_Memory_Protection) for MPU_Memory_Protection
    main.o(i.main) refers to stm32f7xx_hal.o(i.HAL_Init) for HAL_Init
    main.o(i.main) refers to sys.o(i.Stm32_Clock_Init) for Stm32_Clock_Init
    main.o(i.main) refers to delay.o(i.delay_init) for delay_init
    main.o(i.main) refers to usart.o(i.uart_init) for uart_init
    main.o(i.main) refers to led.o(i.LED_Init) for LED_Init
    main.o(i.main) refers to key.o(i.KEY_Init) for KEY_Init
    main.o(i.main) refers to sdram.o(i.SDRAM_Init) for SDRAM_Init
    main.o(i.main) refers to lcd.o(i.LCD_Init) for LCD_Init
    main.o(i.main) refers to w25qxx.o(i.W25QXX_Init) for W25QXX_Init
    main.o(i.main) refers to pcf8574.o(i.PCF8574_Init) for PCF8574_Init
    main.o(i.main) refers to ov5640.o(i.OV5640_Init) for OV5640_Init
    main.o(i.main) refers to malloc.o(i.my_mem_init) for my_mem_init
    main.o(i.main) refers to lcd.o(i.LCD_Clear) for LCD_Clear
    main.o(i.main) refers to lcd.o(i.LCD_ShowString) for LCD_ShowString
    main.o(i.main) refers to delay.o(i.delay_ms) for delay_ms
    main.o(i.main) refers to lcd.o(i.LCD_Fill) for LCD_Fill
    main.o(i.main) refers to fontupd.o(i.font_init) for font_init
    main.o(i.main) refers to text.o(i.Show_Str_Mid) for Show_Str_Mid
    main.o(i.main) refers to text.o(i.Show_Str) for Show_Str
    main.o(i.main) refers to ov5640.o(i.OV5640_RGB565_Mode) for OV5640_RGB565_Mode
    main.o(i.main) refers to ov5640.o(i.OV5640_Focus_Init) for OV5640_Focus_Init
    main.o(i.main) refers to ov5640.o(i.OV5640_Light_Mode) for OV5640_Light_Mode
    main.o(i.main) refers to ov5640.o(i.OV5640_Color_Saturation) for OV5640_Color_Saturation
    main.o(i.main) refers to ov5640.o(i.OV5640_Brightness) for OV5640_Brightness
    main.o(i.main) refers to ov5640.o(i.OV5640_Contrast) for OV5640_Contrast
    main.o(i.main) refers to ov5640.o(i.OV5640_Sharpness) for OV5640_Sharpness
    main.o(i.main) refers to ov5640.o(i.OV5640_Focus_Constant) for OV5640_Focus_Constant
    main.o(i.main) refers to dcmi.o(i.DCMI_Init) for DCMI_Init
    main.o(i.main) refers to malloc.o(i.mymalloc) for mymalloc
    main.o(i.main) refers to dcmi.o(i.DCMI_DMA_Init) for DCMI_DMA_Init
    main.o(i.main) refers to ov5640.o(i.OV5640_OutSize_Set) for OV5640_OutSize_Set
    main.o(i.main) refers to dcmi.o(i.DCMI_Start) for DCMI_Start
    main.o(i.main) refers to malloc.o(i.my_mem_perused) for my_mem_perused
    main.o(i.main) refers to __2printf.o(.text) for __2printf
    main.o(i.main) refers to atk_zbar.o(i.atk_qr_init) for atk_qr_init
    main.o(i.main) refers to key.o(i.KEY_Scan) for KEY_Scan
    main.o(i.main) refers to ov5640.o(i.OV5640_Focus_Single) for OV5640_Focus_Single
    main.o(i.main) refers to main.o(i.qr_show_image) for qr_show_image
    main.o(i.main) refers to main.o(i.qr_decode) for qr_decode
    main.o(i.main) refers to stm32f7xx_hal_gpio.o(i.HAL_GPIO_TogglePin) for HAL_GPIO_TogglePin
    main.o(i.main) refers to atk_zbar.o(i.atk_qr_destroy) for atk_qr_destroy
    main.o(i.main) refers to lcd.o(.data) for POINT_COLOR
    main.o(i.main) refers to lcd.o(.bss) for lcddev
    main.o(i.main) refers to main.o(.data) for qr_image_width
    main.o(i.main) refers to main.o(i.qr_dcmi_rx_callback) for qr_dcmi_rx_callback
    main.o(i.main) refers to dcmi.o(.data) for dcmi_rx_callback
    main.o(i.qr_dcmi_rx_callback) refers to main.o(.data) for dcmi_curline
    main.o(i.qr_dcmi_rx_callback) refers to dcmi.o(.bss) for DMADMCI_Handler
    main.o(i.qr_decode) refers to _printf_percent.o(.ARM.Collect$$_printf_percent$$00000000) for _printf_percent
    main.o(i.qr_decode) refers to _printf_s.o(.ARM.Collect$$_printf_percent$$00000014) for _printf_s
    main.o(i.qr_decode) refers to _printf_str.o(.text) for _printf_str
    main.o(i.qr_decode) refers to malloc.o(i.mymalloc) for mymalloc
    main.o(i.qr_decode) refers to malloc.o(i.mymemset) for mymemset
    main.o(i.qr_decode) refers to atk_zbar.o(i.atk_qr_decode) for atk_qr_decode
    main.o(i.qr_decode) refers to pcf8574.o(i.PCF8574_WriteBit) for PCF8574_WriteBit
    main.o(i.qr_decode) refers to delay.o(i.delay_ms) for delay_ms
    main.o(i.qr_decode) refers to lcd.o(i.LCD_Fill) for LCD_Fill
    main.o(i.qr_decode) refers to text.o(i.Show_Str) for Show_Str
    main.o(i.qr_decode) refers to __2printf.o(.text) for __2printf
    main.o(i.qr_decode) refers to malloc.o(i.myfree) for myfree
    main.o(i.qr_decode) refers to ltdc.o(.bss) for lcdltdc
[...]
    HAL_UART_Receive                         0x08003e79   Thumb Code   274  stm32f7xx_hal_uart.o(i.HAL_UART_Receive)
    HAL_UART_RxCpltCallback                  0x08003f8b   Thumb Code     2  stm32f7xx_hal_uart.o(i.HAL_UART_RxCpltCallback)
    HAL_UART_TxCpltCallback                  0x08003f8d   Thumb Code     2  stm32f7xx_hal_uart.o(i.HAL_UART_TxCpltCallback)
    HardFault_Handler                        0x08003f8f   Thumb Code     4  stm32f7xx_it.o(i.HardFault_Handler)
    IIC_Ack                                  0x08003f95   Thumb Code    78  myiic.o(i.IIC_Ack)
    IIC_Init                                 0x08003fe9   Thumb Code    78  myiic.o(i.IIC_Init)
    IIC_NAck                                 0x08004041   Thumb Code    78  myiic.o(i.IIC_NAck)
    IIC_Read_Byte                            0x08004095   Thumb Code   102  myiic.o(i.IIC_Read_Byte)
    IIC_Send_Byte                            0x08004101   Thumb Code   118  myiic.o(i.IIC_Send_Byte)
    IIC_Start                                0x0800417d   Thumb Code    78  myiic.o(i.IIC_Start)
    IIC_Stop                                 0x080041d1   Thumb Code    78  myiic.o(i.IIC_Stop)
    IIC_Wait_Ack                             0x08004225   Thumb Code    98  myiic.o(i.IIC_Wait_Ack)
    KEY_Init                                 0x0800428d   Thumb Code   150  key.o(i.KEY_Init)
    KEY_Scan                                 0x08004335   Thumb Code   192  key.o(i.KEY_Scan)
    LCD_Clear                                0x08004405   Thumb Code    58  lcd.o(i.LCD_Clear)
    LCD_Color_Fill                           0x0800444d   Thumb Code   114  lcd.o(i.LCD_Color_Fill)
    LCD_Display_Dir                          0x080044c9   Thumb Code   376  lcd.o(i.LCD_Display_Dir)
    LCD_Fast_DrawPoint                       0x08004649   Thumb Code   278  lcd.o(i.LCD_Fast_DrawPoint)
    LCD_Fill                                 0x0800476d   Thumb Code   104  lcd.o(i.LCD_Fill)
    LCD_Init                                 0x080047dd   Thumb Code  9306  lcd.o(i.LCD_Init)
    LCD_MPU_Config                           0x08006c45   Thumb Code   128  lcd.o(i.LCD_MPU_Config)
    LCD_RD_DATA                              0x08006cc9   Thumb Code    14  lcd.o(i.LCD_RD_DATA)
    LCD_SSD_BackLightSet                     0x08006cdd   Thumb Code    72  lcd.o(i.LCD_SSD_BackLightSet)
    LCD_Scan_Dir                             0x08006d2d   Thumb Code   624  lcd.o(i.LCD_Scan_Dir)
    LCD_SetCursor                            0x08006fa1   Thumb Code   306  lcd.o(i.LCD_SetCursor)
    LCD_ShowChar                             0x080070d9   Thumb Code   288  lcd.o(i.LCD_ShowChar)
    LCD_ShowString                           0x08007215   Thumb Code   102  lcd.o(i.LCD_ShowString)
    LCD_WR_DATA                              0x0800727d   Thumb Code    18  lcd.o(i.LCD_WR_DATA)
    LCD_WR_REG                               0x08007295   Thumb Code    18  lcd.o(i.LCD_WR_REG)
    LCD_WriteRAM_Prepare                     0x080072ad   Thumb Code    10  lcd.o(i.LCD_WriteRAM_Prepare)
    LCD_WriteReg                             0x080072c1   Thumb Code    10  lcd.o(i.LCD_WriteReg)
    LED_Init                                 0x080072d1   Thumb Code    78  led.o(i.LED_Init)
    LTDC_Clear                               0x08007329   Thumb Code    32  ltdc.o(i.LTDC_Clear)
    LTDC_Clk_Set                             0x0800734d   Thumb Code    38  ltdc.o(i.LTDC_Clk_Set)
    LTDC_Color_Fill                          0x08007375   Thumb Code   318  ltdc.o(i.LTDC_Color_Fill)
    LTDC_Display_Dir                         0x080074c5   Thumb Code    40  ltdc.o(i.LTDC_Display_Dir)
    LTDC_Draw_Point                          0x080074f1   Thumb Code    70  ltdc.o(i.LTDC_Draw_Point)
    LTDC_Fill                                0x08007541   Thumb Code   310  ltdc.o(i.LTDC_Fill)
    LTDC_Init                                0x08007689   Thumb Code   534  ltdc.o(i.LTDC_Init)
    LTDC_Layer_Parameter_Config              0x080078bd   Thumb Code   114  ltdc.o(i.LTDC_Layer_Parameter_Config)
    LTDC_Layer_Window_Config                 0x08007939   Thumb Code    44  ltdc.o(i.LTDC_Layer_Window_Config)
    LTDC_PanelID_Read                        0x08007969   Thumb Code   188  ltdc.o(i.LTDC_PanelID_Read)
    LTDC_Select_Layer                        0x08007a31   Thumb Code     6  ltdc.o(i.LTDC_Select_Layer)
    MPU_Memory_Protection                    0x08007c4f   Thumb Code    52  mpu.o(i.MPU_Memory_Protection)
    MPU_Set_Protection                       0x08007c85   Thumb Code   140  mpu.o(i.MPU_Set_Protection)
    MemManage_Handler                        0x08007d15   Thumb Code    98  mpu.o(i.MemManage_Handler)
    NMI_Handler                              0x08007db1   Thumb Code     2  stm32f7xx_it.o(i.NMI_Handler)
    OV5640_Brightness                        0x08007ded   Thumb Code    90  ov5640.o(i.OV5640_Brightness)
    OV5640_Color_Saturation                  0x08007e49   Thumb Code   120  ov5640.o(i.OV5640_Color_Saturation)
    OV5640_Contrast                          0x08007ec5   Thumb Code   120  ov5640.o(i.OV5640_Contrast)
    OV5640_Flash_Ctrl                        0x08007f3d   Thumb Code    50  ov5640.o(i.OV5640_Flash_Ctrl)
    OV5640_Focus_Constant                    0x08007f6f   Thumb Code   124  ov5640.o(i.OV5640_Focus_Constant)
    OV5640_Focus_Init                        0x08007fed   Thumb Code   180  ov5640.o(i.OV5640_Focus_Init)
    OV5640_Focus_Single                      0x080080a5   Thumb Code    60  ov5640.o(i.OV5640_Focus_Single)
    OV5640_Init                              0x080080e1   Thumb Code   246  ov5640.o(i.OV5640_Init)
    OV5640_Light_Mode                        0x080081ed   Thumb Code    66  ov5640.o(i.OV5640_Light_Mode)
    OV5640_OutSize_Set                       0x08008235   Thumb Code   128  ov5640.o(i.OV5640_OutSize_Set)
    OV5640_PWDN_Set                          0x080082b5   Thumb Code    14  ov5640.o(i.OV5640_PWDN_Set)
    OV5640_RD_Reg                            0x080082c3   Thumb Code    60  ov5640.o(i.OV5640_RD_Reg)
    OV5640_RGB565_Mode                       0x08008301   Thumb Code    52  ov5640.o(i.OV5640_RGB565_Mode)
    OV5640_Sharpness                         0x0800833d   Thumb Code   122  ov5640.o(i.OV5640_Sharpness)
    OV5640_WR_Reg                            0x080083b7   Thumb Code    60  ov5640.o(i.OV5640_WR_Reg)
    PCF8574_Init                             0x080083f5   Thumb Code    94  pcf8574.o(i.PCF8574_Init)
    PCF8574_ReadOneByte                      0x0800845d   Thumb Code    34  pcf8574.o(i.PCF8574_ReadOneByte)
    PCF8574_WriteBit                         0x0800847f   Thumb Code    38  pcf8574.o(i.PCF8574_WriteBit)
    PCF8574_WriteOneByte                     0x080084a5   Thumb Code    40  pcf8574.o(i.PCF8574_WriteOneByte)
    PendSV_Handler                           0x080084cd   Thumb Code     2  stm32f7xx_it.o(i.PendSV_Handler)
    QSPI_Init                                0x080086b9   Thumb Code    68  qspi.o(i.QSPI_Init)
    QSPI_Receive                             0x08008705   Thumb Code    36  qspi.o(i.QSPI_Receive)
    QSPI_Send_CMD                            0x0800872d   Thumb Code    70  qspi.o(i.QSPI_Send_CMD)
    QSPI_Transmit                            0x08008779   Thumb Code    36  qspi.o(i.QSPI_Transmit)
    SCCB_Delay                               0x08008905   Thumb Code    10  sccb.o(i.SCCB_Delay)
    SCCB_Init                                0x08008911   Thumb Code    58  sccb.o(i.SCCB_Init)
    SCCB_No_Ack                              0x08008955   Thumb Code    60  sccb.o(i.SCCB_No_Ack)
    SCCB_RD_Byte                             0x08008995   Thumb Code   106  sccb.o(i.SCCB_RD_Byte)
    SCCB_Start                               0x08008a05   Thumb Code    52  sccb.o(i.SCCB_Start)
    SCCB_Stop                                0x08008a3d   Thumb Code    46  sccb.o(i.SCCB_Stop)
    SCCB_WR_Byte                             0x08008a71   Thumb Code   164  sccb.o(i.SCCB_WR_Byte)
    SDRAM_Init                               0x08008b19   Thumb Code    96  sdram.o(i.SDRAM_Init)
    SDRAM_Initialization_Sequence            0x08008b81   Thumb Code    78  sdram.o(i.SDRAM_Initialization_Sequence)
    SDRAM_Send_Cmd                           0x08008bd5   Thumb Code    68  sdram.o(i.SDRAM_Send_Cmd)
    SVC_Handler                              0x08008c1d   Thumb Code     2  stm32f7xx_it.o(i.SVC_Handler)
    Show_Font                                0x08008c21   Thumb Code   194  text.o(i.Show_Font)
    Show_Str                                 0x08008ced   Thumb Code   194  text.o(i.Show_Str)
    Show_Str_Mid                             0x08008db1   Thumb Code   106  text.o(i.Show_Str_Mid)
    Stm32_Clock_Init                         0x08008e21   Thumb Code   170  sys.o(i.Stm32_Clock_Init)
    SysTick_Handler                          0x08008ed5   Thumb Code     8  stm32f7xx_it.o(i.SysTick_Handler)
    SystemInit                               0x08008edd   Thumb Code    82  system_stm32f7xx.o(i.SystemInit)
    UART_AdvFeatureConfig                    0x08008f41   Thumb Code   234  stm32f7xx_hal_uart.o(i.UART_AdvFeatureConfig)
    UART_CheckIdleState                      0x0800902b   Thumb Code   116  stm32f7xx_hal_uart.o(i.UART_CheckIdleState)
    UART_SetConfig                           0x08009181   Thumb Code   858  stm32f7xx_hal_uart.o(i.UART_SetConfig)
    UART_WaitOnFlagUntilTimeout              0x08009577   Thumb Code   108  stm32f7xx_hal_uart.o(i.UART_WaitOnFlagUntilTimeout)
    USART1_IRQHandler                        0x080095e5   Thumb Code   146  usart.o(i.USART1_IRQHandler)
    UsageFault_Handler                       0x08009685   Thumb Code     4  stm32f7xx_it.o(i.UsageFault_Handler)
    W25QXX_Init                              0x08009689   Thumb Code   114  w25qxx.o(i.W25QXX_Init)
    W25QXX_Qspi_Enable                       0x08009701   Thumb Code    62  w25qxx.o(i.W25QXX_Qspi_Enable)
    W25QXX_Read                              0x08009745   Thumb Code    44  w25qxx.o(i.W25QXX_Read)
    W25QXX_ReadID                            0x08009771   Thumb Code    90  w25qxx.o(i.W25QXX_ReadID)
    W25QXX_ReadSR                            0x080097d1   Thumb Code   110  w25qxx.o(i.W25QXX_ReadSR)
    W25QXX_Write_Enable                      0x08009845   Thumb Code    56  w25qxx.o(i.W25QXX_Write_Enable)
    W25QXX_Write_SR                          0x08009881   Thumb Code   104  w25qxx.o(i.W25QXX_Write_SR)
    _is_digit                                0x080098ed   Thumb Code    14  __printf_wp.o(i._is_digit)
    _sys_exit                                0x080098fb   Thumb Code     4  usart.o(i._sys_exit)
    _zbar_decode_code128                     0x08009901   Thumb Code   380  code128.o(i._zbar_decode_code128)
    _zbar_decode_code39                      0x08009a7d   Thumb Code   358  code39.o(i._zbar_decode_code39)
    _zbar_decode_ean                         0x08009be3   Thumb Code   156  ean.o(i._zbar_decode_ean)
    _zbar_decode_i25                         0x08009c7f   Thumb Code   258  i25.o(i._zbar_decode_i25)
    _zbar_decoder_get_qr_finder_line         0x08009d81   Thumb Code     4  qr_finder.o(i._zbar_decoder_get_qr_finder_line)
    _zbar_find_qr                            0x08009d85   Thumb Code   222  qr_finder.o(i._zbar_find_qr)
    _zbar_image_free                         0x08009e63   Thumb Code    30  image.o(i._zbar_image_free)
    _zbar_image_scanner_add_sym              0x08009eab   Thumb Code    64  img_scanner.o(i._zbar_image_scanner_add_sym)
    _zbar_image_scanner_alloc_sym            0x08009eeb   Thumb Code   166  img_scanner.o(i._zbar_image_scanner_alloc_sym)
    _zbar_image_scanner_recycle_syms         0x08009f91   Thumb Code   124  img_scanner.o(i._zbar_image_scanner_recycle_syms)
    _zbar_qr_create                          0x0800a00d   Thumb Code    52  qrdec.o(i._zbar_qr_create)
    _zbar_qr_decode                          0x0800a041   Thumb Code   252  qrdec.o(i._zbar_qr_decode)
    _zbar_qr_destroy                         0x0800a145   Thumb Code    34  qrdec.o(i._zbar_qr_destroy)
    _zbar_qr_found_line                      0x0800a167   Thumb Code    74  qrdec.o(i._zbar_qr_found_line)
    _zbar_qr_reset                           0x0800a1b1   Thumb Code    12  qrdec.o(i._zbar_qr_reset)
    _zbar_refcnt_init                        0x0800a1bd   Thumb Code     2  refcnt.o(i._zbar_refcnt_init)
    _zbar_symbol_free                        0x0800a1bf   Thumb Code    50  symbol.o(i._zbar_symbol_free)
    _zbar_symbol_set_create                  0x0800a203   Thumb Code    34  symbol.o(i._zbar_symbol_set_create)
    _zbar_symbol_set_free                    0x0800a225   Thumb Code    42  symbol.o(i._zbar_symbol_set_free)
    atk_guess_utf8                           0x0800a24f   Thumb Code    28  atk_zbar.o(i.atk_guess_utf8)
    atk_qr_convert                           0x0800a26b   Thumb Code    14  atk_qrdecode.o(i.atk_qr_convert)
    atk_qr_count_gbk                         0x0800a279   Thumb Code    62  atk_zbar.o(i.atk_qr_count_gbk)
    atk_qr_count_utf8                        0x0800a2b7   Thumb Code    98  atk_zbar.o(i.atk_qr_count_utf8)
    atk_qr_decode                            0x0800a319   Thumb Code   294  atk_zbar.o(i.atk_qr_decode)
    atk_qr_destroy                           0x0800a44d   Thumb Code    52  atk_zbar.o(i.atk_qr_destroy)
    atk_qr_free                              0x0800a489   Thumb Code    14  atk_qrdecode.o(i.atk_qr_free)
    atk_qr_init                              0x0800a499   Thumb Code   108  atk_zbar.o(i.atk_qr_init)
    atk_qr_malloc                            0x0800a511   Thumb Code    14  atk_qrdecode.o(i.atk_qr_malloc)
    atk_qr_memcpy                            0x0800a51f   Thumb Code    20  atk_qrdecode.o(i.atk_qr_memcpy)
    atk_qr_memset                            0x0800a533   Thumb Code    20  atk_qrdecode.o(i.atk_qr_memset)
    atk_qr_realloc                           0x0800a547   Thumb Code    18  atk_qrdecode.o(i.atk_qr_realloc)
    atk_qr_utf8tounicode                     0x0800a559   Thumb Code   162  atk_zbar.o(i.atk_qr_utf8tounicode)
    bch15_5_correct                          0x0800a8a9   Thumb Code    80  bch15_5.o(i.bch15_5_correct)
    bch15_5_encode                           0x0800a8f9   Thumb Code    68  bch15_5.o(i.bch15_5_encode)
    delay_init                               0x0800b1a5   Thumb Code    16  delay.o(i.delay_init)
    delay_ms                                 0x0800b1b9   Thumb Code    24  delay.o(i.delay_ms)
    delay_us                                 0x0800b1d1   Thumb Code    68  delay.o(i.delay_us)
    ff_convert                               0x0800b40d   Thumb Code   146  mycc936.o(i.ff_convert)
    font_init                                0x0800b4a5   Thumb Code    64  fontupd.o(i.font_init)
    fputc                                    0x0800b4e9   Thumb Code    22  usart.o(i.fputc)
    isaac_init                               0x0800b9bd   Thumb Code   290  isaac.o(i.isaac_init)
    isaac_next_uint                          0x0800bb71   Thumb Code    34  isaac.o(i.isaac_next_uint)
    isaac_next_uint32                        0x0800bb93   Thumb Code    28  isaac.o(i.isaac_next_uint32)
    main                                     0x0800bd79   Thumb Code   886  main.o(i.main)
    my_mem_free                              0x0800c205   Thumb Code    96  malloc.o(i.my_mem_free)
    my_mem_init                              0x0800c271   Thumb Code    34  malloc.o(i.my_mem_init)
    my_mem_malloc                            0x0800c29d   Thumb Code   156  malloc.o(i.my_mem_malloc)
    my_mem_perused                           0x0800c345   Thumb Code    56  malloc.o(i.my_mem_perused)
    myfree                                   0x0800c385   Thumb Code    30  malloc.o(i.myfree)
    mymalloc                                 0x0800c3a9   Thumb Code    34  malloc.o(i.mymalloc)
    mymemcpy                                 0x0800c3d1   Thumb Code    26  malloc.o(i.mymemcpy)
    mymemset                                 0x0800c3eb   Thumb Code    20  malloc.o(i.mymemset)
    myrealloc                                0x0800c401   Thumb Code    64  malloc.o(i.myrealloc)
    qr_binarize                              0x0800ce19   Thumb Code   552  binarize.o(i.qr_binarize)
    qr_code_data_list_clear                  0x0800d0c5   Thumb Code    44  qrdec.o(i.qr_code_data_list_clear)
    qr_code_data_list_init                   0x0800d0f1   Thumb Code    10  qrdec.o(i.qr_code_data_list_init)
    qr_dcmi_rx_callback                      0x0800d88d   Thumb Code   112  main.o(i.qr_dcmi_rx_callback)
    qr_decode                                0x0800d911   Thumb Code   514  main.o(i.qr_decode)
    qr_ihypot                                0x080108e5   Thumb Code   176  util.o(i.qr_ihypot)
    qr_ilog                                  0x08010999   Thumb Code    70  util.o(i.qr_ilog)
    qr_isqrt                                 0x08010a85   Thumb Code    42  util.o(i.qr_isqrt)
    qr_reader_match_centers                  0x080110ad   Thumb Code   530  qrdec.o(i.qr_reader_match_centers)
    qr_show_image                            0x0801202d   Thumb Code    98  main.o(i.qr_show_image)
    rs_correct                               0x080120cf   Thumb Code   400  rs.o(i.rs_correct)
    rs_gf256_init                            0x08012431   Thumb Code    56  rs.o(i.rs_gf256_init)
    uart_init                                0x08012ac9   Thumb Code    34  usart.o(i.uart_init)
    zbar_decode_width                        0x08012af5   Thumb Code   144  decoder.o(i.zbar_decode_width)
    zbar_decoder_create                      0x08012b89   Thumb Code   104  decoder.o(i.zbar_decoder_create)
    zbar_decoder_destroy                     0x08012bf1   Thumb Code    22  decoder.o(i.zbar_decoder_destroy)
    zbar_decoder_get_data                    0x08012c07   Thumb Code     4  decoder.o(i.zbar_decoder_get_data)
    zbar_decoder_get_data_length             0x08012c0b   Thumb Code     4  decoder.o(i.zbar_decoder_get_data_length)
    zbar_decoder_get_type                    0x08012c0f   Thumb Code     6  decoder.o(i.zbar_decoder_get_type)
    zbar_decoder_get_userdata                0x08012c15   Thumb Code     4  decoder.o(i.zbar_decoder_get_userdata)
    zbar_decoder_new_scan                    0x08012c19   Thumb Code    60  decoder.o(i.zbar_decoder_new_scan)
    zbar_decoder_reset                       0x08012c55   Thumb Code    60  decoder.o(i.zbar_decoder_reset)
    zbar_decoder_set_config                  0x08012c91   Thumb Code   192  decoder.o(i.zbar_decoder_set_config)
    zbar_decoder_set_handler                 0x08012d51   Thumb Code     8  decoder.o(i.zbar_decoder_set_handler)
    zbar_decoder_set_userdata                0x08012d59   Thumb Code     4  decoder.o(i.zbar_decoder_set_userdata)
    zbar_image_create                        0x08012d5d   Thumb Code    46  image.o(i.zbar_image_create)
    zbar_image_free_data                     0x08012d8d   Thumb Code    76  image.o(i.zbar_image_free_data)
    zbar_image_scanner_create                0x08012dd9   Thumb Code    94  img_scanner.o(i.zbar_image_scanner_create)
    zbar_image_scanner_destroy               0x08012e3d   Thumb Code    98  img_scanner.o(i.zbar_image_scanner_destroy)
    zbar_image_scanner_recycle_image         0x08012e9f   Thumb Code    68  img_scanner.o(i.zbar_image_scanner_recycle_image)
    zbar_image_scanner_set_config            0x08012ee3   Thumb Code    76  img_scanner.o(i.zbar_image_scanner_set_config)
    zbar_image_set_data                      0x08012f2f   Thumb Code    26  image.o(i.zbar_image_set_data)
    zbar_image_set_format                    0x08012f49   Thumb Code     4  image.o(i.zbar_image_set_format)
    zbar_image_set_size                      0x08012f4d   Thumb Code     6  image.o(i.zbar_image_set_size)
    zbar_scan_image                          0x08012f55   Thumb Code   650  img_scanner.o(i.zbar_scan_image)
    zbar_scan_y                              0x080131fd   Thumb Code   314  scanner.o(i.zbar_scan_y)
    zbar_scanner_create                      0x08013337   Thumb Code    34  scanner.o(i.zbar_scanner_create)
    zbar_scanner_destroy                     0x08013359   Thumb Code     4  scanner.o(i.zbar_scanner_destroy)
    zbar_scanner_flush                       0x0801335d   Thumb Code    70  scanner.o(i.zbar_scanner_flush)
    zbar_scanner_get_edge                    0x080133a3   Thumb Code    32  scanner.o(i.zbar_scanner_get_edge)
    zbar_scanner_get_width                   0x080133c3   Thumb Code     4  scanner.o(i.zbar_scanner_get_width)
    zbar_scanner_new_scan                    0x080133c7   Thumb Code    42  scanner.o(i.zbar_scanner_new_scan)
    zbar_scanner_reset                       0x080133f1   Thumb Code    34  scanner.o(i.zbar_scanner_reset)
    zbar_symbol_set_ref                      0x08013413   Thumb Code    18  symbol.o(i.zbar_symbol_set_ref)
    _fp_init                                 0x08013425   Thumb Code    10  fpinit.o(x$fpl$fpinit)
    __fplib_config_fpu_vfp                   0x0801342d   Thumb Code     0  fpinit.o(x$fpl$fpinit)
    __fplib_config_pureend_doubles           0x0801342d   Thumb Code     0  fpinit.o(x$fpl$fpinit)
    AHBPrescTable                            0x0801342e   Data          16  system_stm32f7xx.o(.constdata)
    APBPrescTable                            0x0801343e   Data           8  system_stm32f7xx.o(.constdata)
    asc2_1206                                0x0801344e   Data        1140  lcd.o(.constdata)
    asc2_1608                                0x080138c2   Data        1520  lcd.o(.constdata)
    asc2_2412                                0x08013eb2   Data        3420  lcd.o(.constdata)
    asc2_3216                                0x08014c0e   Data       12160  lcd.o(.constdata)
    OV5640_jpeg_reg_tbl                      0x08017b8e   Data         164  ov5640.o(.constdata)
    ov5640_rgb565_reg_tbl                    0x08017c32   Data         180  ov5640.o(.constdata)
    ov5640_uxga_init_reg_tbl                 0x08017ce6   Data         828  ov5640.o(.constdata)
    OV5640_AF_Config                         0x08018022   Data        4077  ov5640.o(.constdata)
    memtblsize                               0x08019074   Data          12  malloc.o(.constdata)
    memblksize                               0x08019080   Data          12  malloc.o(.constdata)
    memsize                                  0x0801908c   Data          12  malloc.o(.constdata)
    Region$$Table$$Base                      0x08019604   Number         0  anon$$obj.o(Region$$Table)
    Region$$Table$$Limit                     0x08019624   Number         0  anon$$obj.o(Region$$Table)
    mem3base                                 0x20000000   Data       61440  malloc.o(.ARM.__AT_0x20000000)
    mem3mapbase                              0x2000f000   Data        3840  malloc.o(.ARM.__AT_0x2000F000)
    qr_image_width                           0x20020000   Data           2  main.o(.data)
    readok                                   0x20020002   Data           1  main.o(.data)
    dcmi_line_buf                            0x20020004   Data           8  main.o(.data)
    rgb_data_buf                             0x2002000c   Data           4  main.o(.data)
    dcmi_curline                             0x20020010   Data           2  main.o(.data)
    SystemCoreClock                          0x20020014   Data           4  system_stm32f7xx.o(.data)
    uwTick                                   0x20020018   Data           4  stm32f7xx_hal.o(.data)
    __stdout                                 0x20020020   Data           4  usart.o(.data)
    USART_RX_STA                             0x20020024   Data           2  usart.o(.data)
    aRxBuffer                                0x20020026   Data           1  usart.o(.data)
    POINT_COLOR                              0x20020028   Data           4  lcd.o(.data)
    BACK_COLOR                               0x2002002c   Data           4  lcd.o(.data)
    ltdc_framebuf                            0x20020030   Data           8  ltdc.o(.data)
    W25QXX_TYPE                              0x20020038   Data           2  w25qxx.o(.data)
    W25QXX_QPI_MODE                          0x2002003a   Data           1  w25qxx.o(.data)
    ov_frame                                 0x2002003c   Data           1  dcmi.o(.data)
    dcmi_rx_callback                         0x20020040   Data           4  dcmi.o(.data)
    mallco_dev                               0x20020044   Data          36  malloc.o(.data)
    new_qr                                   0x20020068   Data           1  atk_zbar.o(.data)
    BarType                                  0x2002006a   Data           2  atk_zbar.o(.data)
    QrCode                                   0x2002006c   Data           4  atk_zbar.o(.data)
    qr_img                                   0x20020070   Data           4  atk_zbar.o(.data)
    qr_iscn                                  0x20020074   Data           4  atk_zbar.o(.data)
    MyBarcode_scanstatus                     0x20020078   Data           1  code128.o(.data)
    MyBarcode_start                          0x20020079   Data           1  code128.o(.data)
    MyBarcode_end                            0x2002007a   Data           1  code128.o(.data)
    MyBarcode_index                          0x2002007b   Data           1  code128.o(.data)
    MyBarcode_len                            0x2002007c   Data           1  code128.o(.data)
    num                                      0x2002007d   Data           3  code128.o(.data)
    USART_RX_BUF                             0x20020080   Data         200  usart.o(.bss)
    UART1_Handler                            0x20020148   Data         112  usart.o(.bss)
    SDRAM_Handler                            0x200201b8   Data          52  sdram.o(.bss)
    SRAM_Handler                             0x200201ec   Data          76  lcd.o(.bss)
    lcddev                                   0x20020238   Data          14  lcd.o(.bss)
    LTDC_Handler                             0x20020248   Data         168  ltdc.o(.bss)
    DMA2D_Handler                            0x200202f0   Data          88  ltdc.o(.bss)
    lcdltdc                                  0x20020348   Data          32  ltdc.o(.bss)
    QSPI_Handler                             0x20020368   Data          68  qspi.o(.bss)
    DCMI_Handler                             0x200203ac   Data          80  dcmi.o(.bss)
    DMADMCI_Handler                          0x200203fc   Data          96  dcmi.o(.bss)
    mem1base                                 0x20020460   Data       163840  malloc.o(.bss)
    mem1mapbase                              0x20048460   Data       10240  malloc.o(.bss)
    ftinfo                                   0x2004ac60   Data          41  fontupd.o(.bss)
    Last_QrCode                              0x2004ac8c   Data          20  atk_zbar.o(.bss)
    MyBarcode_buf                            0x2004aca0   Data          25  code128.o(.bss)
    MyBarcode_temp1buf                       0x2004acb9   Data          25  code128.o(.bss)
    MyBarcode_temp2buf                       0x2004acd2   Data          25  code128.o(.bss)
    MyBarcode_temp3buf                       0x2004aceb   Data          25  code128.o(.bss)
    MyDecode_buf                             0x2004ad04   Data          50  code128.o(.bss)
    __libspace_start                         0x2004ad38   Data          96  libspace.o(.bss)
    __temporary_stack_top$libspace           0x2004ad98   Data           0  libspace.o(.bss)
    ltdc_lcd_framebuf                        0xc0000000   Data       2048000  ltdc.o(.ARM.__AT_0xC0000000)
    mem2base                                 0xc01f4000   Data       29605888  malloc.o(.ARM.__AT_0xC01F4000)
    mem2mapbase                              0xc1e30000   Data       1850368  malloc.o(.ARM.__AT_0xC1E30000)



==============================================================================

Memory Map of the image

  Image Entry point : 0x080001f9

  Load Region LR_IROM1 (Base: 0x08000000, Size: 0x000196a4, Max: 0x00100000, ABSOLUTE)

    Execution Region ER_IROM1 (Base: 0x08000000, Size: 0x00019624, Max: 0x00100000, ABSOLUTE)

    Base Addr    Size         Type   Attr      Idx    E Section Name        Object

    0x08000000   0x000001f8   Data   RO          595    RESET               startup_stm32f767xx.o
    0x080001f8   0x00000008   Code   RO         9230  * !!!main             c_w.l(__main.o)
    0x08000200   0x00000034   Code   RO         9477    !!!scatter          c_w.l(__scatter.o)
    0x08000234   0x0000001a   Code   RO         9479    !!handler_copy      c_w.l(__scatter_copy.o)
    0x0800024e   0x00000002   PAD
    0x08000250   0x0000001c   Code   RO         9481    !!handler_zi        c_w.l(__scatter_zi.o)
    0x0800026c   0x00000000   Code   RO         9201    .ARM.Collect$$_printf_percent$$00000000  c_w.l(_printf_percent.o)
    0x0800026c   0x00000006   Code   RO         9199    .ARM.Collect$$_printf_percent$$00000009  c_w.l(_printf_d.o)
    0x08000272   0x00000006   Code   RO         9195    .ARM.Collect$$_printf_percent$$0000000C  c_w.l(_printf_x.o)
    0x08000278   0x00000006   Code   RO         9193    .ARM.Collect$$_printf_percent$$00000014  c_w.l(_printf_s.o)
    0x0800027e   0x00000004   Code   RO         9282    .ARM.Collect$$_printf_percent$$00000017  c_w.l(_printf_percent_end.o)
    0x08000282   0x00000002   Code   RO         9419    .ARM.Collect$$libinit$$00000000  c_w.l(libinit.o)
    0x08000284   0x00000004   Code   RO         9291    .ARM.Collect$$libinit$$00000001  c_w.l(libinit2.o)
    0x08000288   0x00000000   Code   RO         9294    .ARM.Collect$$libinit$$00000004  c_w.l(libinit2.o)
    0x08000288   0x00000000   Code   RO         9297    .ARM.Collect$$libinit$$0000000A  c_w.l(libinit2.o)
    0x08000288   0x00000000   Code   RO         9299    .ARM.Collect$$libinit$$0000000C  c_w.l(libinit2.o)
    0x08000288   0x00000000   Code   RO         9301    .ARM.Collect$$libinit$$0000000E  c_w.l(libinit2.o)
    0x08000288   0x00000000   Code   RO         9304    .ARM.Collect$$libinit$$00000011  c_w.l(libinit2.o)
    0x08000288   0x00000000   Code   RO         9306    .ARM.Collect$$libinit$$00000013  c_w.l(libinit2.o)
    0x08000288   0x00000000   Code   RO         9308    .ARM.Collect$$libinit$$00000015  c_w.l(libinit2.o)
    0x08000288   0x00000000   Code   RO         9310    .ARM.Collect$$libinit$$00000017  c_w.l(libinit2.o)
    0x08000288   0x00000000   Code   RO         9312    .ARM.Collect$$libinit$$00000019  c_w.l(libinit2.o)
    0x08000288   0x00000000   Code   RO         9314    .ARM.Collect$$libinit$$0000001B  c_w.l(libinit2.o)
    0x08000288   0x00000000   Code   RO         9316    .ARM.Collect$$libinit$$0000001D  c_w.l(libinit2.o)
    0x08000288   0x00000000   Code   RO         9318    .ARM.Collect$$libinit$$0000001F  c_w.l(libinit2.o)
    0x08000288   0x00000000   Code   RO         9320    .ARM.Collect$$libinit$$00000021  c_w.l(libinit2.o)
    0x08000288   0x00000000   Code   RO         9322    .ARM.Collect$$libinit$$00000023  c_w.l(libinit2.o)
    0x08000288   0x00000000   Code   RO         9324    .ARM.Collect$$libinit$$00000025  c_w.l(libinit2.o)
    0x08000288   0x00000000   Code   RO         9328    .ARM.Collect$$libinit$$0000002C  c_w.l(libinit2.o)
    0x08000288   0x00000000   Code   RO         9330    .ARM.Collect$$libinit$$0000002E  c_w.l(libinit2.o)
    0x08000288   0x00000000   Code   RO         9332    .ARM.Collect$$libinit$$00000030  c_w.l(libinit2.o)
    0x08000288   0x00000000   Code   RO         9334    .ARM.Collect$$libinit$$00000032  c_w.l(libinit2.o)
    0x08000288   0x00000002   Code   RO         9335    .ARM.Collect$$libinit$$00000033  c_w.l(libinit2.o)
    0x0800028a   0x00000002   Code   RO         9474    .ARM.Collect$$libshutdown$$00000000  c_w.l(libshutdown.o)
    0x0800028c   0x00000000   Code   RO         9434    .ARM.Collect$$libshutdown$$00000003  c_w.l(libshutdown2.o)
    0x0800028c   0x00000000   Code   RO         9437    .ARM.Collect$$libshutdown$$00000006  c_w.l(libshutdown2.o)
    0x0800028c   0x00000000   Code   RO         9440    .ARM.Collect$$libshutdown$$00000009  c_w.l(libshutdown2.o)
    0x0800028c   0x00000000   Code   RO         9442    .ARM.Collect$$libshutdown$$0000000B  c_w.l(libshutdown2.o)
    0x0800028c   0x00000000   Code   RO         9445    .ARM.Collect$$libshutdown$$0000000E  c_w.l(libshutdown2.o)
    0x0800028c   0x00000002   Code   RO         9446    .ARM.Collect$$libshutdown$$0000000F  c_w.l(libshutdown2.o)
    0x0800028e   0x00000000   Code   RO         9236    .ARM.Collect$$rtentry$$00000000  c_w.l(__rtentry.o)
    0x0800028e   0x00000000   Code   RO         9342    .ARM.Collect$$rtentry$$00000002  c_w.l(__rtentry2.o)
    0x0800028e   0x00000006   Code   RO         9354    .ARM.Collect$$rtentry$$00000004  c_w.l(__rtentry4.o)
    0x08000294   0x00000000   Code   RO         9344    .ARM.Collect$$rtentry$$00000009  c_w.l(__rtentry2.o)
    0x08000294   0x00000004   Code   RO         9345    .ARM.Collect$$rtentry$$0000000A  c_w.l(__rtentry2.o)
    0x08000298   0x00000000   Code   RO         9347    .ARM.Collect$$rtentry$$0000000C  c_w.l(__rtentry2.o)
    0x08000298   0x00000008   Code   RO         9348    .ARM.Collect$$rtentry$$0000000D  c_w.l(__rtentry2.o)
    0x080002a0   0x00000002   Code   RO         9420    .ARM.Collect$$rtexit$$00000000  c_w.l(rtexit.o)
    0x080002a2   0x00000000   Code   RO         9450    .ARM.Collect$$rtexit$$00000002  c_w.l(rtexit2.o)
    0x080002a2   0x00000004   Code   RO         9451    .ARM.Collect$$rtexit$$00000003  c_w.l(rtexit2.o)
    0x080002a6   0x00000006   Code   RO         9452    .ARM.Collect$$rtexit$$00000004  c_w.l(rtexit2.o)
    0x080002ac   0x00000040   Code   RO          596    .text               startup_stm32f767xx.o
    0x080002ec   0x00000002   Code   RO         9046    .text               c_w.l(use_no_semi_2.o)
    0x080002ee   0x000000ee   Code   RO         9110    .text               c_w.l(lludivv7m.o)
    0x080003dc   0x00000026   Code   RO         9112    .text               c_w.l(llsshr.o)
    0x08000402   0x00000048   Code   RO         9114    .text               c_w.l(llsdiv.o)
    0x0800044a   0x00000002   PAD
    0x0800044c   0x00000018   Code   RO         9116    .text               c_w.l(__2printf.o)
    0x08000464   0x00000052   Code   RO         9134    .text               c_w.l(_printf_str.o)
    0x080004b6   0x00000002   PAD
    0x080004b8   0x00000078   Code   RO         9136    .text               c_w.l(_printf_dec.o)
    0x08000530   0x0000007c   Code   RO         9163    .text               c_w.l(_printf_hex_int_ptr.o)
    0x080005ac   0x00000188   Code   RO         9189    .text               c_w.l(__printf_flags_ss_wp.o)
    0x08000734   0x00000264   Code   RO         9204    .text               c_w.l(qsortnoex.o)
    0x08000998   0x00000058   Code   RO         9206    .text               c_w.l(memcmp.o)
    0x080009f0   0x00000048   Code   RO         9208    .text               c_w.l(strcpy.o)
    0x08000a38   0x0000003e   Code   RO         9210    .text               c_w.l(strlen.o)
    0x08000a76   0x0000008a   Code   RO         9214    .text               c_w.l(rt_memcpy_v6.o)
    0x08000b00   0x00000084   Code   RO         9216    .text               c_w.l(rt_memmove_v6.o)
    0x08000b84   0x00000064   Code   RO         9218    .text               c_w.l(rt_memcpy_w.o)
    0x08000be8   0x00000044   Code   RO         9220    .text               c_w.l(rt_memclr.o)
    0x08000c2c   0x0000004e   Code   RO         9222    .text               c_w.l(rt_memclr_w.o)
    0x08000c7a   0x00000002   PAD
    0x08000c7c   0x00000068   Code   RO         9226    .text               c_w.l(strcmpv7m_pel.o)
    0x08000ce4   0x00000006   Code   RO         9228    .text               c_w.l(heapauxi.o)
    0x08000cea   0x00000002   Code   RO         9232    .text               c_w.l(use_no_semi.o)
    0x08000cec   0x000000b2   Code   RO         9268    .text               c_w.l(_printf_intcommon.o)
    0x08000d9e   0x00000002   PAD
    0x08000da0   0x00000030   Code   RO         9270    .text               c_w.l(_printf_char_common.o)
    0x08000dd0   0x0000002c   Code   RO         9276    .text               c_w.l(_printf_char.o)
    0x08000dfc   0x00000024   Code   RO         9278    .text               c_w.l(_printf_char_file.o)
    0x08000e20   0x0000007a   Code   RO         9287    .text               c_w.l(rt_memmove_w.o)
    0x08000e9a   0x00000002   PAD
    0x08000e9c   0x00000008   Code   RO         9338    .text               c_w.l(libspace.o)
    0x08000ea4   0x00000008   Code   RO         9370    .text               c_w.l(ferror.o)
    0x08000eac   0x0000004a   Code   RO         9386    .text               c_w.l(sys_stackheap_outer.o)
    0x08000ef6   0x0000000c   Code   RO         9400    .text               c_w.l(exit.o)
    0x08000f02   0x00000004   Code   RO          366    i.BusFault_Handler  stm32f7xx_it.o
    0x08000f06   0x00000002   PAD
    0x08000f08   0x00000078   Code   RO         4601    i.Cache_Enable      sys.o
    0x08000f80   0x00000024   Code   RO         4408    i.DCMI_DMAError     stm32f7xx_hal_dcmi.o
    0x08000fa4   0x000000ec   Code   RO         5771    i.DCMI_DMA_Init     dcmi.o
    0x08001090   0x00000010   Code   RO         5772    i.DCMI_IRQHandler   dcmi.o
    0x080010a0   0x0000005c   Code   RO         5773    i.DCMI_Init         dcmi.o
    0x080010fc   0x00000034   Code   RO         5775    i.DCMI_Start        dcmi.o
    0x08001130   0x000000b8   Code   RO         5777    i.DMA2_Stream1_IRQHandler  dcmi.o
    0x080011e8   0x00000034   Code   RO          902    i.DMA_CalcBaseAndBitshift  stm32f7xx_hal_dma.o
    0x0800121c   0x000000ba   Code   RO          903    i.DMA_CheckFifoParam  stm32f7xx_hal_dma.o
    0x080012d6   0x00000020   Code   RO         1008    i.DMA_MultiBufferSetConfig  stm32f7xx_hal_dma_ex.o
    0x080012f6   0x0000002c   Code   RO          904    i.DMA_SetConfig     stm32f7xx_hal_dma.o
    0x08001322   0x00000002   Code   RO          367    i.DebugMon_Handler  stm32f7xx_it.o
    0x08001324   0x00000048   Code   RO         2939    i.FMC_NORSRAM_Extended_Timing_Init  stm32f7xx_ll_fmc.o
    0x0800136c   0x00000080   Code   RO         2940    i.FMC_NORSRAM_Init  stm32f7xx_ll_fmc.o
    0x080013ec   0x0000005e   Code   RO         2941    i.FMC_NORSRAM_Timing_Init  stm32f7xx_ll_fmc.o
    0x0800144a   0x00000074   Code   RO         2946    i.FMC_SDRAM_Init    stm32f7xx_ll_fmc.o
    0x080014be   0x0000000e   Code   RO         2947    i.FMC_SDRAM_ProgramRefreshRate  stm32f7xx_ll_fmc.o
    0x080014cc   0x00000052   Code   RO         2948    i.FMC_SDRAM_SendCommand  stm32f7xx_ll_fmc.o
    0x0800151e   0x00000002   PAD
    0x08001520   0x0000009c   Code   RO         2950    i.FMC_SDRAM_Timing_Init  stm32f7xx_ll_fmc.o
    0x080015bc   0x000000f0   Code   RO         7008    i.Get_HzMat         text.o
    0x080016ac   0x00000002   Code   RO         4414    i.HAL_DCMI_ErrorCallback  stm32f7xx_hal_dcmi.o
    0x080016ae   0x00000002   PAD
    0x080016b0   0x00000048   Code   RO         5778    i.HAL_DCMI_FrameEventCallback  dcmi.o
    0x080016f8   0x000000b4   Code   RO         4418    i.HAL_DCMI_IRQHandler  stm32f7xx_hal_dcmi.o
    0x080017ac   0x000000bc   Code   RO         4419    i.HAL_DCMI_Init     stm32f7xx_hal_dcmi.o
    0x08001868   0x00000002   Code   RO         4420    i.HAL_DCMI_LineEventCallback  stm32f7xx_hal_dcmi.o
    0x0800186a   0x00000002   PAD
    0x0800186c   0x00000124   Code   RO         5779    i.HAL_DCMI_MspInit  dcmi.o
    0x08001990   0x00000002   Code   RO         4427    i.HAL_DCMI_VsyncEventCallback  stm32f7xx_hal_dcmi.o
    0x08001992   0x0000007c   Code   RO         1010    i.HAL_DMAEx_MultiBufferStart  stm32f7xx_hal_dma_ex.o
    0x08001a0e   0x00000028   Code   RO          906    i.HAL_DMA_Abort_IT  stm32f7xx_hal_dma.o
    0x08001a36   0x00000062   Code   RO          907    i.HAL_DMA_DeInit    stm32f7xx_hal_dma.o
    0x08001a98   0x000000e8   Code   RO          911    i.HAL_DMA_Init      stm32f7xx_hal_dma.o
    0x08001b80   0x00000066   Code   RO          914    i.HAL_DMA_Start     stm32f7xx_hal_dma.o
    0x08001be6   0x00000002   PAD
    0x08001be8   0x00000218   Code   RO         1052    i.HAL_GPIO_Init     stm32f7xx_hal_gpio.o
    0x08001e00   0x00000010   Code   RO         1054    i.HAL_GPIO_ReadPin  stm32f7xx_hal_gpio.o
    0x08001e10   0x00000008   Code   RO         1055    i.HAL_GPIO_TogglePin  stm32f7xx_hal_gpio.o
    0x08001e18   0x0000000c   Code   RO         1056    i.HAL_GPIO_WritePin  stm32f7xx_hal_gpio.o
    0x08001e24   0x0000000c   Code   RO          620    i.HAL_GetTick       stm32f7xx_hal.o
    0x08001e30   0x00000010   Code   RO          621    i.HAL_IncTick       stm32f7xx_hal.o
    0x08001e40   0x00000028   Code   RO          622    i.HAL_Init          stm32f7xx_hal.o
    0x08001e68   0x00000028   Code   RO          623    i.HAL_InitTick      stm32f7xx_hal.o
    0x08001e90   0x0000005e   Code   RO         3360    i.HAL_LTDC_ConfigLayer  stm32f7xx_hal_ltdc.o
    0x08001eee   0x00000002   PAD
    0x08001ef0   0x00000128   Code   RO         3377    i.HAL_LTDC_Init     stm32f7xx_hal_ltdc.o
    0x08002018   0x00000140   Code   RO         5059    i.HAL_LTDC_MspInit  ltdc.o
    0x08002158   0x0000006c   Code   RO         3392    i.HAL_LTDC_SetWindowPosition  stm32f7xx_hal_ltdc.o
    0x080021c4   0x00000074   Code   RO         3394    i.HAL_LTDC_SetWindowSize  stm32f7xx_hal_ltdc.o
    0x08002238   0x0000005c   Code   RO          774    i.HAL_MPU_ConfigRegion  stm32f7xx_hal_cortex.o
    0x08002294   0x00000002   Code   RO          625    i.HAL_MspInit       stm32f7xx_hal.o
    0x08002296   0x0000001a   Code   RO          777    i.HAL_NVIC_EnableIRQ  stm32f7xx_hal_cortex.o
    0x080022b0   0x0000007c   Code   RO          783    i.HAL_NVIC_SetPriority  stm32f7xx_hal_cortex.o
    0x0800232c   0x00000028   Code   RO          784    i.HAL_NVIC_SetPriorityGrouping  stm32f7xx_hal_cortex.o
    0x08002354   0x00000090   Code   RO         1245    i.HAL_PWREx_EnableOverDrive  stm32f7xx_hal_pwr_ex.o
    0x080023e4   0x000000a6   Code   RO         4158    i.HAL_QSPI_Command  stm32f7xx_hal_qspi.o
    0x0800248a   0x00000002   PAD
    0x0800248c   0x000000d8   Code   RO         4167    i.HAL_QSPI_Init     stm32f7xx_hal_qspi.o
    0x08002564   0x000000bc   Code   RO         5676    i.HAL_QSPI_MspInit  qspi.o
    0x08002620   0x000000e2   Code   RO         4171    i.HAL_QSPI_Receive  stm32f7xx_hal_qspi.o
    0x08002702   0x00000004   Code   RO         4177    i.HAL_QSPI_SetTimeout  stm32f7xx_hal_qspi.o
    0x08002706   0x000000d2   Code   RO         4180    i.HAL_QSPI_Transmit  stm32f7xx_hal_qspi.o
    0x080027d8   0x00000980   Code   RO         1435    i.HAL_RCCEx_PeriphCLKConfig  stm32f7xx_hal_rcc_ex.o
    0x08003158   0x000001b4   Code   RO         1332    i.HAL_RCC_ClockConfig  stm32f7xx_hal_rcc.o
    0x0800330c   0x0000000c   Code   RO         1337    i.HAL_RCC_GetHCLKFreq  stm32f7xx_hal_rcc.o
    0x08003318   0x0000002c   Code   RO         1339    i.HAL_RCC_GetPCLK1Freq  stm32f7xx_hal_rcc.o
    0x08003344   0x0000002c   Code   RO         1340    i.HAL_RCC_GetPCLK2Freq  stm32f7xx_hal_rcc.o
    0x08003370   0x000000b4   Code   RO         1341    i.HAL_RCC_GetSysClockFreq  stm32f7xx_hal_rcc.o
    0x08003424   0x000004d0   Code   RO         1436    i.HAL_RCC_OscConfig  stm32f7xx_hal_rcc_ex.o
    0x080038f4   0x00000040   Code   RO         3207    i.HAL_SDRAM_Init    stm32f7xx_hal_sdram.o
    0x08003934   0x0000011c   Code   RO         4771    i.HAL_SDRAM_MspInit  sdram.o
    0x08003a50   0x00000028   Code   RO         3210    i.HAL_SDRAM_ProgramRefreshRate  stm32f7xx_hal_sdram.o
    0x08003a78   0x0000003a   Code   RO         3216    i.HAL_SDRAM_SendCommand  stm32f7xx_hal_sdram.o
    0x08003ab2   0x00000058   Code   RO         3085    i.HAL_SRAM_Init     stm32f7xx_hal_sram.o
    0x08003b0a   0x00000002   PAD
    0x08003b0c   0x00000098   Code   RO         4829    i.HAL_SRAM_MspInit  lcd.o
    0x08003ba4   0x00000028   Code   RO          786    i.HAL_SYSTICK_CLKSourceConfig  stm32f7xx_hal_cortex.o
    0x08003bcc   0x00000034   Code   RO          788    i.HAL_SYSTICK_Config  stm32f7xx_hal_cortex.o
    0x08003c00   0x00000002   Code   RO         1490    i.HAL_UART_ErrorCallback  stm32f7xx_hal_uart.o
    0x08003c02   0x00000002   PAD
    0x08003c04   0x0000015c   Code   RO         1493    i.HAL_UART_IRQHandler  stm32f7xx_hal_uart.o
    0x08003d60   0x00000078   Code   RO         1494    i.HAL_UART_Init     stm32f7xx_hal_uart.o
    0x08003dd8   0x000000a0   Code   RO         4655    i.HAL_UART_MspInit  usart.o
    0x08003e78   0x00000112   Code   RO         1497    i.HAL_UART_Receive  stm32f7xx_hal_uart.o
    0x08003f8a   0x00000002   Code   RO         1500    i.HAL_UART_RxCpltCallback  stm32f7xx_hal_uart.o
    0x08003f8c   0x00000002   Code   RO         1505    i.HAL_UART_TxCpltCallback  stm32f7xx_hal_uart.o
    0x08003f8e   0x00000004   Code   RO          368    i.HardFault_Handler  stm32f7xx_it.o
    0x08003f92   0x00000002   PAD
    0x08003f94   0x00000054   Code   RO         5865    i.IIC_Ack           myiic.o
    0x08003fe8   0x00000058   Code   RO         5866    i.IIC_Init          myiic.o
    0x08004040   0x00000054   Code   RO         5867    i.IIC_NAck          myiic.o
    0x08004094   0x0000006c   Code   RO         5868    i.IIC_Read_Byte     myiic.o
    0x08004100   0x0000007c   Code   RO         5869    i.IIC_Send_Byte     myiic.o
    0x0800417c   0x00000054   Code   RO         5870    i.IIC_Start         myiic.o
    0x080041d0   0x00000054   Code   RO         5871    i.IIC_Stop          myiic.o
    0x08004224   0x00000068   Code   RO         5872    i.IIC_Wait_Ack      myiic.o
    0x0800428c   0x000000a8   Code   RO         4738    i.KEY_Init          key.o
    0x08004334   0x000000d0   Code   RO         4739    i.KEY_Scan          key.o
    0x08004404   0x00000048   Code   RO         4831    i.LCD_Clear         lcd.o
    0x0800444c   0x0000007c   Code   RO         4832    i.LCD_Color_Fill    lcd.o
    0x080044c8   0x00000180   Code   RO         4835    i.LCD_Display_Dir   lcd.o
    0x08004648   0x00000124   Code   RO         4840    i.LCD_Fast_DrawPoint  lcd.o
    0x0800476c   0x00000070   Code   RO         4841    i.LCD_Fill          lcd.o
    0x080047dc   0x00002468   Code   RO         4842    i.LCD_Init          lcd.o
    0x08006c44   0x00000084   Code   RO         4843    i.LCD_MPU_Config    lcd.o
    0x08006cc8   0x00000014   Code   RO         4845    i.LCD_RD_DATA       lcd.o
    0x08006cdc   0x00000050   Code   RO         4848    i.LCD_SSD_BackLightSet  lcd.o
    0x08006d2c   0x00000274   Code   RO         4849    i.LCD_Scan_Dir      lcd.o
    0x08006fa0   0x00000138   Code   RO         4850    i.LCD_SetCursor     lcd.o
    0x080070d8   0x0000013c   Code   RO         4852    i.LCD_ShowChar      lcd.o
    0x08007214   0x00000066   Code   RO         4854    i.LCD_ShowString    lcd.o
    0x0800727a   0x00000002   PAD
    0x0800727c   0x00000018   Code   RO         4856    i.LCD_WR_DATA       lcd.o
    0x08007294   0x00000018   Code   RO         4857    i.LCD_WR_REG        lcd.o
    0x080072ac   0x00000014   Code   RO         4859    i.LCD_WriteRAM_Prepare  lcd.o
    0x080072c0   0x00000010   Code   RO         4860    i.LCD_WriteReg      lcd.o
    0x080072d0   0x00000058   Code   RO         4714    i.LED_Init          led.o
    0x08007328   0x00000024   Code   RO         5060    i.LTDC_Clear        ltdc.o
    0x0800734c   0x00000026   Code   RO         5061    i.LTDC_Clk_Set      ltdc.o
    0x08007372   0x00000002   PAD
    0x08007374   0x00000150   Code   RO         5062    i.LTDC_Color_Fill   ltdc.o
    0x080074c4   0x0000002c   Code   RO         5063    i.LTDC_Display_Dir  ltdc.o
    0x080074f0   0x00000050   Code   RO         5064    i.LTDC_Draw_Point   ltdc.o
    0x08007540   0x00000148   Code   RO         5065    i.LTDC_Fill         ltdc.o
    0x08007688   0x00000234   Code   RO         5066    i.LTDC_Init         ltdc.o
    0x080078bc   0x0000007c   Code   RO         5067    i.LTDC_Layer_Parameter_Config  ltdc.o
    0x08007938   0x00000030   Code   RO         5069    i.LTDC_Layer_Window_Config  ltdc.o
    0x08007968   0x000000c8   Code   RO         5070    i.LTDC_PanelID_Read  ltdc.o
    0x08007a30   0x0000000c   Code   RO         5072    i.LTDC_Select_Layer  ltdc.o
    0x08007a3c   0x00000212   Code   RO         3396    i.LTDC_SetConfig    stm32f7xx_hal_ltdc.o
    0x08007c4e   0x00000034   Code   RO         5730    i.MPU_Memory_Protection  mpu.o
    0x08007c82   0x00000002   PAD
    0x08007c84   0x00000090   Code   RO         5731    i.MPU_Set_Protection  mpu.o
    0x08007d14   0x0000009c   Code   RO         5732    i.MemManage_Handler  mpu.o
    0x08007db0   0x00000002   Code   RO          369    i.NMI_Handler       stm32f7xx_it.o
    0x08007db2   0x00000002   PAD
    0x08007db4   0x00000010   Code   RO          790    i.NVIC_GetPriorityGrouping  stm32f7xx_hal_cortex.o
    0x08007dc4   0x00000028   Code   RO          791    i.NVIC_SetPriority  stm32f7xx_hal_cortex.o
    0x08007dec   0x0000005a   Code   RO         5931    i.OV5640_Brightness  ov5640.o
    0x08007e46   0x00000002   PAD
    0x08007e48   0x0000007c   Code   RO         5932    i.OV5640_Color_Saturation  ov5640.o
    0x08007ec4   0x00000078   Code   RO         5933    i.OV5640_Contrast   ov5640.o
    0x08007f3c   0x00000032   Code   RO         5934    i.OV5640_Flash_Ctrl  ov5640.o
    0x08007f6e   0x0000007c   Code   RO         5935    i.OV5640_Focus_Constant  ov5640.o
    0x08007fea   0x00000002   PAD
    0x08007fec   0x000000b8   Code   RO         5936    i.OV5640_Focus_Init  ov5640.o
    0x080080a4   0x0000003c   Code   RO         5937    i.OV5640_Focus_Single  ov5640.o
    0x080080e0   0x0000010c   Code   RO         5939    i.OV5640_Init       ov5640.o
    0x080081ec   0x00000048   Code   RO         5941    i.OV5640_Light_Mode  ov5640.o
    0x08008234   0x00000080   Code   RO         5942    i.OV5640_OutSize_Set  ov5640.o
    0x080082b4   0x0000000e   Code   RO         5943    i.OV5640_PWDN_Set   ov5640.o
    0x080082c2   0x0000003c   Code   RO         5944    i.OV5640_RD_Reg     ov5640.o
    0x080082fe   0x00000002   PAD
    0x08008300   0x0000003c   Code   RO         5945    i.OV5640_RGB565_Mode  ov5640.o
    0x0800833c   0x0000007a   Code   RO         5946    i.OV5640_Sharpness  ov5640.o
    0x080083b6   0x0000003c   Code   RO         5949    i.OV5640_WR_Reg     ov5640.o
    0x080083f2   0x00000002   PAD
    0x080083f4   0x00000068   Code   RO         6132    i.PCF8574_Init      pcf8574.o
    0x0800845c   0x00000022   Code   RO         6134    i.PCF8574_ReadOneByte  pcf8574.o
    0x0800847e   0x00000026   Code   RO         6135    i.PCF8574_WriteBit  pcf8574.o
    0x080084a4   0x00000028   Code   RO         6136    i.PCF8574_WriteOneByte  pcf8574.o
    0x080084cc   0x00000002   Code   RO          370    i.PendSV_Handler    stm32f7xx_it.o
    0x080084ce   0x000001e8   Code   RO         4185    i.QSPI_Config       stm32f7xx_hal_qspi.o
    0x080086b6   0x00000002   PAD
    0x080086b8   0x0000004c   Code   RO         5677    i.QSPI_Init         qspi.o
    0x08008704   0x00000028   Code   RO         5678    i.QSPI_Receive      qspi.o
    0x0800872c   0x0000004c   Code   RO         5679    i.QSPI_Send_CMD     qspi.o
    0x08008778   0x00000028   Code   RO         5680    i.QSPI_Transmit     qspi.o
    0x080087a0   0x0000004c   Code   RO         4192    i.QSPI_WaitFlagStateUntilTimeout  stm32f7xx_hal_qspi.o
    0x080087ec   0x0000007c   Code   RO         5780    i.SCB_CleanInvalidateDCache  dcmi.o
    0x08008868   0x0000009c   Code   RO         4604    i.SCB_EnableDCache  sys.o
    0x08008904   0x0000000a   Code   RO         6072    i.SCCB_Delay        sccb.o
    0x0800890e   0x00000002   PAD
    0x08008910   0x00000044   Code   RO         6073    i.SCCB_Init         sccb.o
    0x08008954   0x00000040   Code   RO         6074    i.SCCB_No_Ack       sccb.o
    0x08008994   0x00000070   Code   RO         6075    i.SCCB_RD_Byte      sccb.o
    0x08008a04   0x00000038   Code   RO         6076    i.SCCB_Start        sccb.o
    0x08008a3c   0x00000034   Code   RO         6077    i.SCCB_Stop         sccb.o
    0x08008a70   0x000000a8   Code   RO         6078    i.SCCB_WR_Byte      sccb.o
    0x08008b18   0x00000068   Code   RO         4772    i.SDRAM_Init        sdram.o
    0x08008b80   0x00000054   Code   RO         4773    i.SDRAM_Initialization_Sequence  sdram.o
    0x08008bd4   0x00000048   Code   RO         4774    i.SDRAM_Send_Cmd    sdram.o
    0x08008c1c   0x00000002   Code   RO          371    i.SVC_Handler       stm32f7xx_it.o
    0x08008c1e   0x00000002   PAD
    0x08008c20   0x000000cc   Code   RO         7009    i.Show_Font         text.o
    0x08008cec   0x000000c2   Code   RO         7010    i.Show_Str          text.o
    0x08008dae   0x00000002   PAD
    0x08008db0   0x00000070   Code   RO         7011    i.Show_Str_Mid      text.o
    0x08008e20   0x000000b4   Code   RO         4605    i.Stm32_Clock_Init  sys.o
    0x08008ed4   0x00000008   Code   RO          372    i.SysTick_Handler   stm32f7xx_it.o
    0x08008edc   0x00000064   Code   RO          439    i.SystemInit        system_stm32f7xx.o
    0x08008f40   0x000000ea   Code   RO         1507    i.UART_AdvFeatureConfig  stm32f7xx_hal_uart.o
    0x0800902a   0x00000074   Code   RO         1508    i.UART_CheckIdleState  stm32f7xx_hal_uart.o
    0x0800909e   0x00000018   Code   RO         1509    i.UART_DMAAbortOnError  stm32f7xx_hal_uart.o
    0x080090b6   0x00000020   Code   RO         1515    i.UART_EndRxTransfer  stm32f7xx_hal_uart.o
    0x080090d6   0x00000020   Code   RO         1516    i.UART_EndTransmit_IT  stm32f7xx_hal_uart.o
    0x080090f6   0x00000088   Code   RO         1518    i.UART_Receive_IT   stm32f7xx_hal_uart.o
    0x0800917e   0x00000002   PAD
    0x08009180   0x0000038c   Code   RO         1519    i.UART_SetConfig    stm32f7xx_hal_uart.o
    0x0800950c   0x0000006a   Code   RO         1520    i.UART_Transmit_IT  stm32f7xx_hal_uart.o
    0x08009576   0x0000006c   Code   RO         1521    i.UART_WaitOnFlagUntilTimeout  stm32f7xx_hal_uart.o
    0x080095e2   0x00000002   PAD
    0x080095e4   0x000000a0   Code   RO         4656    i.USART1_IRQHandler  usart.o
    0x08009684   0x00000004   Code   RO          373    i.UsageFault_Handler  stm32f7xx_it.o
    0x08009688   0x00000078   Code   RO         5559    i.W25QXX_Init       w25qxx.o
    0x08009700   0x00000044   Code   RO         5561    i.W25QXX_Qspi_Enable  w25qxx.o
    0x08009744   0x0000002c   Code   RO         5562    i.W25QXX_Read       w25qxx.o
    0x08009770   0x00000060   Code   RO         5563    i.W25QXX_ReadID     w25qxx.o
    0x080097d0   0x00000074   Code   RO         5564    i.W25QXX_ReadSR     w25qxx.o
    0x08009844   0x0000003c   Code   RO         5568    i.W25QXX_Write_Enable  w25qxx.o
    0x08009880   0x0000006c   Code   RO         5571    i.W25QXX_Write_SR   w25qxx.o
    0x080098ec   0x0000000e   Code   RO         9182    i._is_digit         c_w.l(__printf_wp.o)
    0x080098fa   0x00000004   Code   RO         4657    i._sys_exit         usart.o
    0x080098fe   0x00000002   PAD
    0x08009900   0x0000017c   Code   RO         7629    i._zbar_decode_code128  ATK_QR_V1.4.lib(code128.o)
    0x08009a7c   0x00000166   Code   RO         8588    i._zbar_decode_code39  ATK_QR_V1.4.lib(code39.o)
    0x08009be2   0x0000009c   Code   RO         8645    i._zbar_decode_ean  ATK_QR_V1.4.lib(ean.o)
    0x08009c7e   0x00000102   Code   RO         8737    i._zbar_decode_i25  ATK_QR_V1.4.lib(i25.o)
    0x08009d80   0x00000004   Code   RO         7733    i._zbar_decoder_get_qr_finder_line  ATK_QR_V1.4.lib(qr_finder.o)
    0x08009d84   0x000000de   Code   RO         7734    i._zbar_find_qr     ATK_QR_V1.4.lib(qr_finder.o)
    0x08009e62   0x0000001e   Code   RO         7283    i._zbar_image_free  ATK_QR_V1.4.lib(image.o)
    0x08009e80   0x0000002a   Code   RO         7284    i._zbar_image_refcnt  ATK_QR_V1.4.lib(image.o)
    0x08009eaa   0x00000040   Code   RO         7462    i._zbar_image_scanner_add_sym  ATK_QR_V1.4.lib(img_scanner.o)
    0x08009eea   0x000000a6   Code   RO         7567    i._zbar_image_scanner_alloc_sym  ATK_QR_V1.4.lib(img_scanner.o)
    0x08009f90   0x0000007c   Code   RO         7463    i._zbar_image_scanner_recycle_syms  ATK_QR_V1.4.lib(img_scanner.o)
    0x0800a00c   0x00000034   Code   RO         8220    i._zbar_qr_create   ATK_QR_V1.4.lib(qrdec.o)
    0x0800a040   0x00000104   Code   RO         8221    i._zbar_qr_decode   ATK_QR_V1.4.lib(qrdec.o)
    0x0800a144   0x00000022   Code   RO         8222    i._zbar_qr_destroy  ATK_QR_V1.4.lib(qrdec.o)
    0x0800a166   0x0000004a   Code   RO         8223    i._zbar_qr_found_line  ATK_QR_V1.4.lib(qrdec.o)
    0x0800a1b0   0x0000000c   Code   RO         8224    i._zbar_qr_reset    ATK_QR_V1.4.lib(qrdec.o)
    0x0800a1bc   0x00000002   Code   RO         7940    i._zbar_refcnt_init  ATK_QR_V1.4.lib(refcnt.o)
    0x0800a1be   0x00000032   Code   RO         8050    i._zbar_symbol_free  ATK_QR_V1.4.lib(symbol.o)
    0x0800a1f0   0x00000012   Code   RO         8051    i._zbar_symbol_refcnt  ATK_QR_V1.4.lib(symbol.o)
    0x0800a202   0x00000022   Code   RO         8052    i._zbar_symbol_set_create  ATK_QR_V1.4.lib(symbol.o)
    0x0800a224   0x0000002a   Code   RO         8189    i._zbar_symbol_set_free  ATK_QR_V1.4.lib(symbol.o)
    0x0800a24e   0x0000001c   Code   RO         7155    i.atk_guess_utf8    ATK_QR_V1.4.lib(atk_zbar.o)
    0x0800a26a   0x0000000e   Code   RO         7101    i.atk_qr_convert    atk_qrdecode.o
    0x0800a278   0x0000003e   Code   RO         7156    i.atk_qr_count_gbk  ATK_QR_V1.4.lib(atk_zbar.o)
    0x0800a2b6   0x00000062   Code   RO         7157    i.atk_qr_count_utf8  ATK_QR_V1.4.lib(atk_zbar.o)
    0x0800a318   0x00000134   Code   RO         7158    i.atk_qr_decode     ATK_QR_V1.4.lib(atk_zbar.o)
    0x0800a44c   0x0000003c   Code   RO         7159    i.atk_qr_destroy    ATK_QR_V1.4.lib(atk_zbar.o)
    0x0800a488   0x0000000e   Code   RO         7102    i.atk_qr_free       atk_qrdecode.o
    0x0800a496   0x00000002   PAD
    0x0800a498   0x00000078   Code   RO         7160    i.atk_qr_init       ATK_QR_V1.4.lib(atk_zbar.o)
    0x0800a510   0x0000000e   Code   RO         7103    i.atk_qr_malloc     atk_qrdecode.o
    0x0800a51e   0x00000014   Code   RO         7104    i.atk_qr_memcpy     atk_qrdecode.o
    0x0800a532   0x00000014   Code   RO         7105    i.atk_qr_memset     atk_qrdecode.o
    0x0800a546   0x00000012   Code   RO         7106    i.atk_qr_realloc    atk_qrdecode.o
    0x0800a558   0x000000a2   Code   RO         7161    i.atk_qr_utf8tounicode  ATK_QR_V1.4.lib(atk_zbar.o)
    0x0800a5fa   0x00000088   Code   RO         8646    i.aux_end           ATK_QR_V1.4.lib(ean.o)
    0x0800a682   0x0000009c   Code   RO         8647    i.aux_start         ATK_QR_V1.4.lib(ean.o)
    0x0800a71e   0x00000002   PAD
    0x0800a720   0x0000007c   Code   RO         8799    i.bch15_5_calc_epos  ATK_QR_V1.4.lib(bch15_5.o)
    0x0800a79c   0x00000070   Code   RO         8800    i.bch15_5_calc_omega  ATK_QR_V1.4.lib(bch15_5.o)
    0x0800a80c   0x0000009c   Code   RO         8801    i.bch15_5_calc_syndrome  ATK_QR_V1.4.lib(bch15_5.o)
    0x0800a8a8   0x00000050   Code   RO         8802    i.bch15_5_correct   ATK_QR_V1.4.lib(bch15_5.o)
    0x0800a8f8   0x00000044   Code   RO         8803    i.bch15_5_encode    ATK_QR_V1.4.lib(bch15_5.o)
    0x0800a93c   0x000000ce   Code   RO         7464    i.cache_sym         ATK_QR_V1.4.lib(img_scanner.o)
    0x0800aa0a   0x00000036   Code   RO         7955    i.calc_thresh       ATK_QR_V1.4.lib(scanner.o)
    0x0800aa40   0x0000000e   Code   RO         7793    i.code128_reset     ATK_QR_V1.4.lib(decoder.o)
    0x0800aa4e   0x00000032   Code   RO         8589    i.code39_decode1    ATK_QR_V1.4.lib(code39.o)
    0x0800aa80   0x000000c0   Code   RO         8590    i.code39_decode9    ATK_QR_V1.4.lib(code39.o)
    0x0800ab40   0x0000008c   Code   RO         8591    i.code39_postprocess  ATK_QR_V1.4.lib(code39.o)
    0x0800abcc   0x0000000e   Code   RO         7794    i.code39_reset      ATK_QR_V1.4.lib(decoder.o)
    0x0800abda   0x000000c8   Code   RO         8648    i.decode4           ATK_QR_V1.4.lib(ean.o)
    0x0800aca2   0x00000002   PAD
    0x0800aca4   0x000001fc   Code   RO         7630    i.decode6           ATK_QR_V1.4.lib(code128.o)
    0x0800aea0   0x0000001c   Code   RO         7631    i.decode_e          ATK_QR_V1.4.lib(code128.o)
    0x0800aebc   0x0000001c   Code   RO         7735    i.decode_e          ATK_QR_V1.4.lib(qr_finder.o)
    0x0800aed8   0x0000001c   Code   RO         8649    i.decode_e          ATK_QR_V1.4.lib(ean.o)
    0x0800aef4   0x0000001c   Code   RO         8738    i.decode_e          ATK_QR_V1.4.lib(i25.o)
    0x0800af10   0x000000dc   Code   RO         7632    i.decode_hi         ATK_QR_V1.4.lib(code128.o)
    0x0800afec   0x00000104   Code   RO         8650    i.decode_pass       ATK_QR_V1.4.lib(ean.o)
    0x0800b0f0   0x000000b4   Code   RO         7795    i.decoder_set_config_bool  ATK_QR_V1.4.lib(decoder.o)
    0x0800b1a4   0x00000014   Code   RO         4562    i.delay_init        delay.o
    0x0800b1b8   0x00000018   Code   RO         4563    i.delay_ms          delay.o
    0x0800b1d0   0x00000048   Code   RO         4564    i.delay_us          delay.o
    0x0800b218   0x000000b4   Code   RO         8651    i.ean_expand_upce   ATK_QR_V1.4.lib(ean.o)
    0x0800b2cc   0x00000012   Code   RO         7796    i.ean_new_scan      ATK_QR_V1.4.lib(decoder.o)
    0x0800b2de   0x00000002   PAD
    0x0800b2e0   0x000000d8   Code   RO         8652    i.ean_part_end7     ATK_QR_V1.4.lib(ean.o)
    0x0800b3b8   0x00000054   Code   RO         8653    i.ean_verify_checksum  ATK_QR_V1.4.lib(ean.o)
    0x0800b40c   0x00000098   Code   RO         6977    i.ff_convert        mycc936.o
    0x0800b4a4   0x00000044   Code   RO         7050    i.font_init         fontupd.o
    0x0800b4e8   0x0000001c   Code   RO         4658    i.fputc             usart.o
    0x0800b504   0x00000010   Code   RO         7633    i.get_width         ATK_QR_V1.4.lib(code128.o)
    0x0800b514   0x00000010   Code   RO         7736    i.get_width         ATK_QR_V1.4.lib(qr_finder.o)
    0x0800b524   0x00000010   Code   RO         8592    i.get_width         ATK_QR_V1.4.lib(code39.o)
    0x0800b534   0x00000010   Code   RO         8654    i.get_width         ATK_QR_V1.4.lib(ean.o)
    0x0800b544   0x00000010   Code   RO         8739    i.get_width         ATK_QR_V1.4.lib(i25.o)
    0x0800b554   0x00000014   Code   RO         8804    i.gf16_hmul         ATK_QR_V1.4.lib(bch15_5.o)
    0x0800b568   0x0000001c   Code   RO         8805    i.gf16_mul          ATK_QR_V1.4.lib(bch15_5.o)
    0x0800b584   0x0000002a   Code   RO         8740    i.i25_decode1       ATK_QR_V1.4.lib(i25.o)
    0x0800b5ae   0x00000070   Code   RO         8741    i.i25_decode10      ATK_QR_V1.4.lib(i25.o)
    0x0800b61e   0x00000002   PAD
    0x0800b620   0x0000010c   Code   RO         8742    i.i25_decode_end    ATK_QR_V1.4.lib(i25.o)
    0x0800b72c   0x000000aa   Code   RO         8743    i.i25_decode_start  ATK_QR_V1.4.lib(i25.o)
    0x0800b7d6   0x0000000e   Code   RO         7797    i.i25_reset         ATK_QR_V1.4.lib(decoder.o)
    0x0800b7e4   0x000001d6   Code   RO         8655    i.integrate_partial  ATK_QR_V1.4.lib(ean.o)
    0x0800b9ba   0x00000002   PAD
    0x0800b9bc   0x00000128   Code   RO         8878    i.isaac_init        ATK_QR_V1.4.lib(isaac.o)
    0x0800bae4   0x0000008c   Code   RO         8879    i.isaac_mix         ATK_QR_V1.4.lib(isaac.o)
    0x0800bb70   0x00000022   Code   RO         8880    i.isaac_next_uint   ATK_QR_V1.4.lib(isaac.o)
    0x0800bb92   0x0000001c   Code   RO         8881    i.isaac_next_uint32  ATK_QR_V1.4.lib(isaac.o)
    0x0800bbae   0x00000002   PAD
    0x0800bbb0   0x000001c6   Code   RO         8882    i.isaac_update      ATK_QR_V1.4.lib(isaac.o)
    0x0800bd76   0x00000002   PAD
    0x0800bd78   0x0000048c   Code   RO            4    i.main              main.o
    0x0800c204   0x0000006c   Code   RO         6180    i.my_mem_free       malloc.o
    0x0800c270   0x0000002c   Code   RO         6181    i.my_mem_init       malloc.o
    0x0800c29c   0x000000a8   Code   RO         6182    i.my_mem_malloc     malloc.o
    0x0800c344   0x00000040   Code   RO         6183    i.my_mem_perused    malloc.o
    0x0800c384   0x00000024   Code   RO         6184    i.myfree            malloc.o
    0x0800c3a8   0x00000028   Code   RO         6185    i.mymalloc          malloc.o
    0x0800c3d0   0x0000001a   Code   RO         6186    i.mymemcpy          malloc.o
    0x0800c3ea   0x00000014   Code   RO         6187    i.mymemset          malloc.o
    0x0800c3fe   0x00000002   PAD
    0x0800c400   0x00000044   Code   RO         6188    i.myrealloc         malloc.o
    0x0800c444   0x0000001a   Code   RO         7737    i.pair_width        ATK_QR_V1.4.lib(qr_finder.o)
    0x0800c45e   0x00000002   PAD
    0x0800c460   0x0000013c   Code   RO         7634    i.postprocess       ATK_QR_V1.4.lib(code128.o)
    0x0800c59c   0x0000013c   Code   RO         8656    i.postprocess       ATK_QR_V1.4.lib(ean.o)
    0x0800c6d8   0x00000096   Code   RO         7635    i.postprocess_c     ATK_QR_V1.4.lib(code128.o)
    0x0800c76e   0x00000028   Code   RO         7956    i.process_edge      ATK_QR_V1.4.lib(scanner.o)
    0x0800c796   0x0000009c   Code   RO         8225    i.qr_aff_init       ATK_QR_V1.4.lib(qrdec.o)
    0x0800c832   0x000000c6   Code   RO         8226    i.qr_aff_line_step  ATK_QR_V1.4.lib(qrdec.o)
    0x0800c8f8   0x00000040   Code   RO         8227    i.qr_aff_project    ATK_QR_V1.4.lib(qrdec.o)
    0x0800c938   0x0000002c   Code   RO         8228    i.qr_aff_unproject  ATK_QR_V1.4.lib(qrdec.o)
    0x0800c964   0x00000062   Code   RO         8229    i.qr_alignment_pattern_fetch  ATK_QR_V1.4.lib(qrdec.o)
    0x0800c9c6   0x00000002   PAD
    0x0800c9c8   0x00000450   Code   RO         8230    i.qr_alignment_pattern_search  ATK_QR_V1.4.lib(qrdec.o)
    0x0800ce18   0x00000228   Code   RO         8847    i.qr_binarize       ATK_QR_V1.4.lib(binarize.o)
    0x0800d040   0x0000004a   Code   RO         8231    i.qr_cmp_edge_pt    ATK_QR_V1.4.lib(qrdec.o)
    0x0800d08a   0x00000002   PAD
    0x0800d08c   0x00000038   Code   RO         8232    i.qr_code_data_clear  ATK_QR_V1.4.lib(qrdec.o)
    0x0800d0c4   0x0000002c   Code   RO         8233    i.qr_code_data_list_clear  ATK_QR_V1.4.lib(qrdec.o)
    0x0800d0f0   0x0000000a   Code   RO         8234    i.qr_code_data_list_init  ATK_QR_V1.4.lib(qrdec.o)
    0x0800d0fa   0x00000002   PAD
    0x0800d0fc   0x000003b0   Code   RO         8235    i.qr_code_data_parse  ATK_QR_V1.4.lib(qrdec.o)
    0x0800d4ac   0x000001d4   Code   RO         8236    i.qr_code_decode    ATK_QR_V1.4.lib(qrdec.o)
    0x0800d680   0x0000020c   Code   RO         8237    i.qr_data_mask_fill  ATK_QR_V1.4.lib(qrdec.o)
    0x0800d88c   0x00000084   Code   RO            5    i.qr_dcmi_rx_callback  main.o
    0x0800d910   0x00000228   Code   RO            6    i.qr_decode         main.o
    0x0800db38   0x00000076   Code   RO         8238    i.qr_finder_center_cmp  ATK_QR_V1.4.lib(qrdec.o)
    0x0800dbae   0x00000002   PAD
    0x0800dbb0   0x000000ec   Code   RO         8239    i.qr_finder_centers_locate  ATK_QR_V1.4.lib(qrdec.o)
    0x0800dc9c   0x000001b4   Code   RO         8240    i.qr_finder_cluster_lines  ATK_QR_V1.4.lib(qrdec.o)
    0x0800de50   0x000000d0   Code   RO         8241    i.qr_finder_edge_pts_aff_classify  ATK_QR_V1.4.lib(qrdec.o)
    0x0800df20   0x0000008c   Code   RO         8242    i.qr_finder_edge_pts_fill  ATK_QR_V1.4.lib(qrdec.o)
    0x0800dfac   0x000000e8   Code   RO         8243    i.qr_finder_edge_pts_hom_classify  ATK_QR_V1.4.lib(qrdec.o)
    0x0800e094   0x00000166   Code   RO         8244    i.qr_finder_estimate_module_size_and_version  ATK_QR_V1.4.lib(qrdec.o)
    0x0800e1fa   0x00000002   PAD
    0x0800e1fc   0x00000230   Code   RO         8245    i.qr_finder_find_crossings  ATK_QR_V1.4.lib(qrdec.o)
    0x0800e42c   0x000002fe   Code   RO         8246    i.qr_finder_fmt_info_decode  ATK_QR_V1.4.lib(qrdec.o)
    0x0800e72a   0x0000002a   Code   RO         8247    i.qr_finder_lines_are_crossing  ATK_QR_V1.4.lib(qrdec.o)
    0x0800e754   0x00000158   Code   RO         8248    i.qr_finder_locate_crossing  ATK_QR_V1.4.lib(qrdec.o)
    0x0800e8ac   0x00000084   Code   RO         8249    i.qr_finder_quick_crossing_check  ATK_QR_V1.4.lib(qrdec.o)
    0x0800e930   0x00000194   Code   RO         8250    i.qr_finder_ransac  ATK_QR_V1.4.lib(qrdec.o)
    0x0800eac4   0x00000164   Code   RO         8251    i.qr_finder_version_decode  ATK_QR_V1.4.lib(qrdec.o)
    0x0800ec28   0x00000018   Code   RO         8253    i.qr_hamming_dist   ATK_QR_V1.4.lib(qrdec.o)
    0x0800ec40   0x0000008c   Code   RO         7465    i.qr_handler        ATK_QR_V1.4.lib(img_scanner.o)
    0x0800eccc   0x00000060   Code   RO         8254    i.qr_hom_cell_fproject  ATK_QR_V1.4.lib(qrdec.o)
    0x0800ed2c   0x0000080c   Code   RO         8255    i.qr_hom_cell_init  ATK_QR_V1.4.lib(qrdec.o)
    0x0800f538   0x00000048   Code   RO         8256    i.qr_hom_cell_project  ATK_QR_V1.4.lib(qrdec.o)
    0x0800f580   0x00000ae6   Code   RO         8257    i.qr_hom_fit        ATK_QR_V1.4.lib(qrdec.o)
    0x08010066   0x00000060   Code   RO         8258    i.qr_hom_fproject   ATK_QR_V1.4.lib(qrdec.o)
    0x080100c6   0x00000784   Code   RO         8259    i.qr_hom_init       ATK_QR_V1.4.lib(qrdec.o)
    0x0801084a   0x00000098   Code   RO         8260    i.qr_hom_unproject  ATK_QR_V1.4.lib(qrdec.o)
    0x080108e2   0x00000002   PAD
    0x080108e4   0x000000b4   Code   RO         9020    i.qr_ihypot         ATK_QR_V1.4.lib(util.o)
    0x08010998   0x00000046   Code   RO         9021    i.qr_ilog           ATK_QR_V1.4.lib(util.o)
    0x080109de   0x000000a4   Code   RO         8261    i.qr_img_get_bit    ATK_QR_V1.4.lib(qrdec.o)
    0x08010a82   0x00000002   PAD
    0x08010a84   0x0000002a   Code   RO         9022    i.qr_isqrt          ATK_QR_V1.4.lib(util.o)
    0x08010aae   0x00000010   Code   RO         8262    i.qr_line_eval      ATK_QR_V1.4.lib(qrdec.o)
    0x08010abe   0x00000132   Code   RO         8263    i.qr_line_fit       ATK_QR_V1.4.lib(qrdec.o)
    0x08010bf0   0x00000066   Code   RO         8264    i.qr_line_fit_finder_edge  ATK_QR_V1.4.lib(qrdec.o)
    0x08010c56   0x00000002   PAD
    0x08010c58   0x0000012c   Code   RO         8265    i.qr_line_fit_finder_pair  ATK_QR_V1.4.lib(qrdec.o)
    0x08010d84   0x00000250   Code   RO         8266    i.qr_line_fit_points  ATK_QR_V1.4.lib(qrdec.o)
    0x08010fd4   0x00000020   Code   RO         8267    i.qr_line_orient    ATK_QR_V1.4.lib(qrdec.o)
    0x08010ff4   0x0000000e   Code   RO         8268    i.qr_pack_buf_avail  ATK_QR_V1.4.lib(qrdec.o)
    0x08011002   0x00000068   Code   RO         8269    i.qr_pack_buf_read  ATK_QR_V1.4.lib(qrdec.o)
    0x0801106a   0x0000001e   Code   RO         8270    i.qr_point_ccw      ATK_QR_V1.4.lib(qrdec.o)
    0x08011088   0x00000014   Code   RO         8271    i.qr_point_distance2  ATK_QR_V1.4.lib(qrdec.o)
    0x0801109c   0x0000000e   Code   RO         8272    i.qr_point_translate  ATK_QR_V1.4.lib(qrdec.o)
    0x080110aa   0x00000002   PAD
    0x080110ac   0x00000212   Code   RO         8273    i.qr_reader_match_centers  ATK_QR_V1.4.lib(qrdec.o)
    0x080112be   0x00000002   PAD
    0x080112c0   0x000002f8   Code   RO         8274    i.qr_reader_try_configuration  ATK_QR_V1.4.lib(qrdec.o)
    0x080115b8   0x000001ac   Code   RO         8275    i.qr_samples_unpack  ATK_QR_V1.4.lib(qrdec.o)
    0x08011764   0x00000054   Code   RO         8276    i.qr_sampling_grid_fp_mask_rect  ATK_QR_V1.4.lib(qrdec.o)
    0x080117b8   0x00000720   Code   RO         8277    i.qr_sampling_grid_init  ATK_QR_V1.4.lib(qrdec.o)
    0x08011ed8   0x00000154   Code   RO         8278    i.qr_sampling_grid_sample  ATK_QR_V1.4.lib(qrdec.o)
    0x0801202c   0x00000068   Code   RO            7    i.qr_show_image     main.o
    0x08012094   0x0000001a   Code   RO         7466    i.quiet_border      ATK_QR_V1.4.lib(img_scanner.o)
    0x080120ae   0x00000020   Code   RO         7467    i.recycle_syms      ATK_QR_V1.4.lib(img_scanner.o)
    0x080120ce   0x00000190   Code   RO         8932    i.rs_correct        ATK_QR_V1.4.lib(rs.o)
    0x0801225e   0x00000118   Code   RO         8933    i.rs_cubic_solve    ATK_QR_V1.4.lib(rs.o)
    0x08012376   0x00000002   PAD
    0x08012378   0x000000a4   Code   RO         8935    i.rs_find_roots     ATK_QR_V1.4.lib(rs.o)
    0x0801241c   0x00000014   Code   RO         8936    i.rs_gdiv           ATK_QR_V1.4.lib(rs.o)
    0x08012430   0x00000038   Code   RO         8937    i.rs_gf256_init     ATK_QR_V1.4.lib(rs.o)
    0x08012468   0x00000016   Code   RO         8938    i.rs_gmul           ATK_QR_V1.4.lib(rs.o)
    0x0801247e   0x0000001c   Code   RO         8939    i.rs_gsqrt          ATK_QR_V1.4.lib(rs.o)
    0x0801249a   0x00000012   Code   RO         8940    i.rs_hgmul          ATK_QR_V1.4.lib(rs.o)
    0x080124ac   0x0000018c   Code   RO         8941    i.rs_modified_berlekamp_massey  ATK_QR_V1.4.lib(rs.o)
    0x08012638   0x00000004   Code   RO         8942    i.rs_poly_zero      ATK_QR_V1.4.lib(rs.o)
    0x0801263c   0x000001d8   Code   RO         8943    i.rs_quadratic_solve  ATK_QR_V1.4.lib(rs.o)
    0x08012814   0x0000015a   Code   RO         8944    i.rs_quartic_solve  ATK_QR_V1.4.lib(rs.o)
    0x0801296e   0x0000003a   Code   RO         7636    i.size_buf          ATK_QR_V1.4.lib(code128.o)
    0x080129a8   0x0000003a   Code   RO         7468    i.sym_add_point     ATK_QR_V1.4.lib(img_scanner.o)
    0x080129e2   0x000000e4   Code   RO         7469    i.symbol_handler    ATK_QR_V1.4.lib(img_scanner.o)
    0x08012ac6   0x00000002   PAD
    0x08012ac8   0x0000002c   Code   RO         4659    i.uart_init         usart.o
    0x08012af4   0x00000094   Code   RO         7798    i.zbar_decode_width  ATK_QR_V1.4.lib(decoder.o)
    0x08012b88   0x00000068   Code   RO         7799    i.zbar_decoder_create  ATK_QR_V1.4.lib(decoder.o)
    0x08012bf0   0x00000016   Code   RO         7800    i.zbar_decoder_destroy  ATK_QR_V1.4.lib(decoder.o)
    0x08012c06   0x00000004   Code   RO         7802    i.zbar_decoder_get_data  ATK_QR_V1.4.lib(decoder.o)
    0x08012c0a   0x00000004   Code   RO         7803    i.zbar_decoder_get_data_length  ATK_QR_V1.4.lib(decoder.o)
    0x08012c0e   0x00000006   Code   RO         7804    i.zbar_decoder_get_type  ATK_QR_V1.4.lib(decoder.o)
    0x08012c14   0x00000004   Code   RO         7805    i.zbar_decoder_get_userdata  ATK_QR_V1.4.lib(decoder.o)
    0x08012c18   0x0000003c   Code   RO         7806    i.zbar_decoder_new_scan  ATK_QR_V1.4.lib(decoder.o)
    0x08012c54   0x0000003c   Code   RO         7807    i.zbar_decoder_reset  ATK_QR_V1.4.lib(decoder.o)
    0x08012c90   0x000000c0   Code   RO         7808    i.zbar_decoder_set_config  ATK_QR_V1.4.lib(decoder.o)
    0x08012d50   0x00000008   Code   RO         7809    i.zbar_decoder_set_handler  ATK_QR_V1.4.lib(decoder.o)
    0x08012d58   0x00000004   Code   RO         7810    i.zbar_decoder_set_userdata  ATK_QR_V1.4.lib(decoder.o)
    0x08012d5c   0x0000002e   Code   RO         7286    i.zbar_image_create  ATK_QR_V1.4.lib(image.o)
    0x08012d8a   0x00000002   PAD
    0x08012d8c   0x0000004c   Code   RO         7425    i.zbar_image_free_data  ATK_QR_V1.4.lib(image.o)
    0x08012dd8   0x00000064   Code   RO         7470    i.zbar_image_scanner_create  ATK_QR_V1.4.lib(img_scanner.o)
    0x08012e3c   0x00000062   Code   RO         7471    i.zbar_image_scanner_destroy  ATK_QR_V1.4.lib(img_scanner.o)
    0x08012e9e   0x00000044   Code   RO         7561    i.zbar_image_scanner_recycle_image  ATK_QR_V1.4.lib(img_scanner.o)
    0x08012ee2   0x0000004c   Code   RO         7474    i.zbar_image_scanner_set_config  ATK_QR_V1.4.lib(img_scanner.o)
    0x08012f2e   0x0000001a   Code   RO         7298    i.zbar_image_set_data  ATK_QR_V1.4.lib(image.o)
    0x08012f48   0x00000004   Code   RO         7299    i.zbar_image_set_format  ATK_QR_V1.4.lib(image.o)
    0x08012f4c   0x00000006   Code   RO         7301    i.zbar_image_set_size  ATK_QR_V1.4.lib(image.o)
    0x08012f52   0x00000002   PAD
    0x08012f54   0x000002a8   Code   RO         7476    i.zbar_scan_image   ATK_QR_V1.4.lib(img_scanner.o)
    0x080131fc   0x0000013a   Code   RO         7957    i.zbar_scan_y       ATK_QR_V1.4.lib(scanner.o)
    0x08013336   0x00000022   Code   RO         7958    i.zbar_scanner_create  ATK_QR_V1.4.lib(scanner.o)
    0x08013358   0x00000004   Code   RO         7959    i.zbar_scanner_destroy  ATK_QR_V1.4.lib(scanner.o)
    0x0801335c   0x00000046   Code   RO         8030    i.zbar_scanner_flush  ATK_QR_V1.4.lib(scanner.o)
    0x080133a2   0x00000020   Code   RO         7961    i.zbar_scanner_get_edge  ATK_QR_V1.4.lib(scanner.o)
    0x080133c2   0x00000004   Code   RO         7963    i.zbar_scanner_get_width  ATK_QR_V1.4.lib(scanner.o)
    0x080133c6   0x0000002a   Code   RO         7964    i.zbar_scanner_new_scan  ATK_QR_V1.4.lib(scanner.o)
    0x080133f0   0x00000022   Code   RO         7965    i.zbar_scanner_reset  ATK_QR_V1.4.lib(scanner.o)
    0x08013412   0x00000012   Code   RO         8069    i.zbar_symbol_set_ref  ATK_QR_V1.4.lib(symbol.o)
    0x08013424   0x0000000a   Code   RO         9383    x$fpl$fpinit        fz_wv.l(fpinit.o)
    0x0801342e   0x00000018   Data   RO          440    .constdata          system_stm32f7xx.o
    0x08013446   0x00000008   Data   RO          917    .constdata          stm32f7xx_hal_dma.o
    0x0801344e   0x00004740   Data   RO         4863    .constdata          lcd.o
    0x08017b8e   0x000014e3   Data   RO         5950    .constdata          ov5640.o
    0x08019071   0x00000003   PAD
    0x08019074   0x00000024   Data   RO         6194    .constdata          malloc.o
    0x08019098   0x000001b4   Data   RO         7638    .constdata          ATK_QR_V1.4.lib(code128.o)
    0x0801924c   0x00000244   Data   RO         8279    .constdata          ATK_QR_V1.4.lib(qrdec.o)
    0x08019490   0x000000d0   Data   RO         8593    .constdata          ATK_QR_V1.4.lib(code39.o)
    0x08019560   0x00000034   Data   RO         8657    .constdata          ATK_QR_V1.4.lib(ean.o)
    0x08019594   0x0000002f   Data   RO         8806    .constdata          ATK_QR_V1.4.lib(bch15_5.o)
    0x080195c3   0x00000008   Data   RO         8883    .constdata          ATK_QR_V1.4.lib(isaac.o)
    0x080195cb   0x00000028   Data   RO         9164    .constdata          c_w.l(_printf_hex_int_ptr.o)
    0x080195f3   0x00000011   Data   RO         9190    .constdata          c_w.l(__printf_flags_ss_wp.o)
    0x08019604   0x00000020   Data   RO         9475    Region$$Table       anon$$obj.o


    Execution Region RW_IRAM1 (Base: 0x20020000, Size: 0x0002bf98, Max: 0x00060000, ABSOLUTE)

    Base Addr    Size         Type   Attr      Idx    E Section Name        Object

    0x20020000   0x00000013   Data   RW            8    .data               main.o
    0x20020013   0x00000001   PAD
    0x20020014   0x00000004   Data   RW          441    .data               system_stm32f7xx.o
    0x20020018   0x00000004   Data   RW          628    .data               stm32f7xx_hal.o
    0x2002001c   0x00000004   Data   RW         4565    .data               delay.o
    0x20020020   0x00000007   Data   RW         4661    .data               usart.o
    0x20020027   0x00000001   Data   RW         4740    .data               key.o
    0x20020028   0x00000008   Data   RW         4864    .data               lcd.o
    0x20020030   0x00000008   Data   RW         5076    .data               ltdc.o
    0x20020038   0x00000003   Data   RW         5573    .data               w25qxx.o
    0x2002003b   0x00000001   PAD
    0x2002003c   0x00000008   Data   RW         5782    .data               dcmi.o
    0x20020044   0x00000024   Data   RW         6195    .data               malloc.o
    0x20020068   0x00000010   Data   RW         7163    .data               ATK_QR_V1.4.lib(atk_zbar.o)
    0x20020078   0x00000008   Data   RW         7640    .data               ATK_QR_V1.4.lib(code128.o)
    0x20020080   0x00000138   Zero   RW         4660    .bss                usart.o
    0x200201b8   0x00000034   Zero   RW         4775    .bss                sdram.o
    0x200201ec   0x0000005a   Zero   RW         4862    .bss                lcd.o
    0x20020246   0x00000002   PAD
    0x20020248   0x00000120   Zero   RW         5075    .bss                ltdc.o
    0x20020368   0x00000044   Zero   RW         5681    .bss                qspi.o
    0x200203ac   0x000000b0   Zero   RW         5781    .bss                dcmi.o
    0x2002045c   0x00000004   PAD
    0x20020460   0x0002a800   Zero   RW         6193    .bss                malloc.o
    0x2004ac60   0x00000029   Zero   RW         7054    .bss                fontupd.o
    0x2004ac89   0x00000003   PAD
    0x2004ac8c   0x00000014   Zero   RW         7162    .bss                ATK_QR_V1.4.lib(atk_zbar.o)
    0x2004aca0   0x00000096   Zero   RW         7637    .bss                ATK_QR_V1.4.lib(code128.o)
    0x2004ad36   0x00000002   PAD
    0x2004ad38   0x00000060   Zero   RW         9339    .bss                c_w.l(libspace.o)
    0x2004ad98   0x00000200   Zero   RW          594    HEAP                startup_stm32f767xx.o
    0x2004af98   0x00001000   Zero   RW          593    STACK               startup_stm32f767xx.o



  Load Region LR$$.ARM.__AT_0x20000000 (Base: 0x20000000, Size: 0x00000000, Max: 0x0000f000, ABSOLUTE)

    Execution Region ER$$.ARM.__AT_0x20000000 (Base: 0x20000000, Size: 0x0000f000, Max: 0x0000f000, ABSOLUTE, UNINIT)

    Base Addr    Size         Type   Attr      Idx    E Section Name        Object

    0x20000000   0x0000f000   Zero   RW         6189    .ARM.__AT_0x20000000  malloc.o



  Load Region LR$$.ARM.__AT_0x2000F000 (Base: 0x2000f000, Size: 0x00000000, Max: 0x00000f00, ABSOLUTE)

    Execution Region ER$$.ARM.__AT_0x2000F000 (Base: 0x2000f000, Size: 0x00000f00, Max: 0x00000f00, ABSOLUTE, UNINIT)

    Base Addr    Size         Type   Attr      Idx    E Section Name        Object

    0x2000f000   0x00000f00   Zero   RW         6190    .ARM.__AT_0x2000F000  malloc.o



  Load Region LR$$.ARM.__AT_0xC0000000 (Base: 0xc0000000, Size: 0x00000000, Max: 0x001f4000, ABSOLUTE)

    Execution Region ER$$.ARM.__AT_0xC0000000 (Base: 0xc0000000, Size: 0x001f4000, Max: 0x001f4000, ABSOLUTE, UNINIT)

    Base Addr    Size         Type   Attr      Idx    E Section Name        Object

    0xc0000000   0x001f4000   Zero   RW         5074    .ARM.__AT_0xC0000000  ltdc.o



  Load Region LR$$.ARM.__AT_0xC01F4000 (Base: 0xc01f4000, Size: 0x00000000, Max: 0x01c3c000, ABSOLUTE)

    Execution Region ER$$.ARM.__AT_0xC01F4000 (Base: 0xc01f4000, Size: 0x01c3c000, Max: 0x01c3c000, ABSOLUTE, UNINIT)

    Base Addr    Size         Type   Attr      Idx    E Section Name        Object

    0xc01f4000   0x01c3c000   Zero   RW         6191    .ARM.__AT_0xC01F4000  malloc.o



  Load Region LR$$.ARM.__AT_0xC1E30000 (Base: 0xc1e30000, Size: 0x00000000, Max: 0x001c3c00, ABSOLUTE)

    Execution Region ER$$.ARM.__AT_0xC1E30000 (Base: 0xc1e30000, Size: 0x001c3c00, Max: 0x001c3c00, ABSOLUTE, UNINIT)

    Base Addr    Size         Type   Attr      Idx    E Section Name        Object

    0xc1e30000   0x001c3c00   Zero   RW         6192    .ARM.__AT_0xC1E30000  malloc.o


==============================================================================

Image component sizes


      Code (inc. data)   RO Data    RW Data    ZI Data      Debug   Object Name

       100          0          0          0          0       3936   atk_qrdecode.o
      1068        114          0          8        176      38284   dcmi.o
       116          8          0          4          0       2251   delay.o
        68          4          0          0         41       2371   fontupd.o
       376         34          0          1          0       1942   key.o
     12130        224      18240          8         90      29032   lcd.o
        88         10          0          0          0       1027   led.o
      2130        142          0          8    2048288      11924   ltdc.o
      1952        342          0         19          0     451877   main.o
       574         58         36         36   31695616       8685   malloc.o
       352         62          0          0          0      33952   mpu.o
       152          6          0          0          0        985   mycc936.o
       760         52          0          0          0       5634   myiic.o
      1536         52       5347          0          0      13081   ov5640.o
       216         10          0          0          0       3203   pcf8574.o
       420         36          0          0         68       4581   qspi.o
       530         34          0          0          0       4894   sccb.o
       544         44          0          0         52       3982   sdram.o
        64         26        504          0       4608        892   startup_stm32f767xx.o
       110         20          0          4          0       4305   stm32f7xx_hal.o
       430         26          0          0          0      38236   stm32f7xx_hal_cortex.o
       410          8          0          0          0       5134   stm32f7xx_hal_dcmi.o
       754         10          8          0          0       6387   stm32f7xx_hal_dma.o
       156          0          0          0          0       2285   stm32f7xx_hal_dma_ex.o
       572         52          0          0          0       4124   stm32f7xx_hal_gpio.o
      1144          6          0          0          0       5065   stm32f7xx_hal_ltdc.o
       144          8          0          0          0       1448   stm32f7xx_hal_pwr_ex.o
      1386          8          0          0          0       7568   stm32f7xx_hal_qspi.o
       716         50          0          0          0       4528   stm32f7xx_hal_rcc.o
      3664         32          0          0          0       3952   stm32f7xx_hal_rcc_ex.o
       162          0          0          0          0       3004   stm32f7xx_hal_sdram.o
        88          0          0          0          0       1340   stm32f7xx_hal_sram.o
      2444         54          0          0          0      12851   stm32f7xx_hal_uart.o
        28          0          0          0          0       4274   stm32f7xx_it.o
       662         14          0          0          0       6440   stm32f7xx_ll_fmc.o
       456         26          0          0          0      34361   sys.o
       100         18         24          4          0       1347   system_stm32f7xx.o
       750         20          0          0          0       4474   text.o
       396         42          0          7        312       5379   usart.o
       612         32          0          3          0       5645   w25qxx.o

    ----------------------------------------------------------------------
     38414       1684      24194        104   33749260     784680   Object Totals
         0          0         32          0          0          0   (incl. Generated)
        54          0          3          2          9          0   (incl. Padding)

    ----------------------------------------------------------------------

      Code (inc. data)   RO Data    RW Data    ZI Data      Debug   Library Member Name

       838         40          0         16         20      15977   atk_zbar.o
       588         26         47          0          0       6195   bch15_5.o
       552          0          0          0          0       1610   binarize.o
      1676         16        436          8        150      15965   code128.o
       756         20        208          0          0      11441   code39.o
       856         10          0          0          0      19072   decoder.o
      2218         30         52          0          0      18707   ean.o
       894         14          0          0          0      12055   i25.o
       230          0          0          0          0      11156   image.o
      2066         36          0          0          0      25877   img_scanner.o
       952         10          8          0          0       5039   isaac.o
       296          0          0          0          0       8973   qr_finder.o
     21422         74        580          0          0      94503   qrdec.o
         2          0          0          0          0        492   refcnt.o
      2206          0          0          0          0      14609   rs.o
       628          0          0          0          0      11496   scanner.o
       162          0          0          0          0       8778   symbol.o
       292          4          0          0          0       2089   util.o
        24          4          0          0          0         84   __2printf.o
         8          0          0          0          0         68   __main.o
       392          4         17          0          0         92   __printf_flags_ss_wp.o
        14          0          0          0          0         68   __printf_wp.o
         0          0          0          0          0          0   __rtentry.o
        12          0          0          0          0          0   __rtentry2.o
         6          0          0          0          0          0   __rtentry4.o
        52          8          0          0          0          0   __scatter.o
        26          0          0          0          0          0   __scatter_copy.o
        28          0          0          0          0          0   __scatter_zi.o
        44          0          0          0          0        108   _printf_char.o
        48          6          0          0          0         96   _printf_char_common.o
        36          4          0          0          0         80   _printf_char_file.o
         6          0          0          0          0          0   _printf_d.o
       120         16          0          0          0         92   _printf_dec.o
       124          4         40          0          0        144   _printf_hex_int_ptr.o
       178          0          0          0          0         88   _printf_intcommon.o
         0          0          0          0          0          0   _printf_percent.o
         4          0          0          0          0          0   _printf_percent_end.o
         6          0          0          0          0          0   _printf_s.o
        82          0          0          0          0         80   _printf_str.o
         6          0          0          0          0          0   _printf_x.o
        12          0          0          0          0         72   exit.o
         8          0          0          0          0         68   ferror.o
         6          0          0          0          0        152   heapauxi.o
         2          0          0          0          0          0   libinit.o
         6          0          0          0          0          0   libinit2.o
         2          0          0          0          0          0   libshutdown.o
         2          0          0          0          0          0   libshutdown2.o
         8          4          0          0         96         68   libspace.o
        72          0          0          0          0         76   llsdiv.o
        38          0          0          0          0         68   llsshr.o
       238          0          0          0          0        100   lludivv7m.o
        88          0          0          0          0         76   memcmp.o
       612          0          0          0          0        136   qsortnoex.o
        68          0          0          0          0         68   rt_memclr.o
        78          0          0          0          0         80   rt_memclr_w.o
       138          0          0          0          0         68   rt_memcpy_v6.o
       100          0          0          0          0         80   rt_memcpy_w.o
       132          0          0          0          0         68   rt_memmove_v6.o
       122          0          0          0          0         80   rt_memmove_w.o
         2          0          0          0          0          0   rtexit.o
        10          0          0          0          0          0   rtexit2.o
       104          0          0          0          0         68   strcmpv7m_pel.o
        72          0          0          0          0         80   strcpy.o
        62          0          0          0          0         76   strlen.o
        74          0          0          0          0         80   sys_stackheap_outer.o
         2          0          0          0          0         68   use_no_semi.o
         2          0          0          0          0         68   use_no_semi_2.o
        10          0          0          0          0        116   fpinit.o

    ----------------------------------------------------------------------
     39976        330       1388         24        268     286850   Library Totals
        56          0          0          0          2          0   (incl. Padding)

    ----------------------------------------------------------------------

      Code (inc. data)   RO Data    RW Data    ZI Data      Debug   Library Name

     36634        280       1331         24        170     284034   ATK_QR_V1.4.lib
      3276         50         57          0         96       2700   c_w.l
        10          0          0          0          0        116   fz_wv.l

    ----------------------------------------------------------------------
     39976        330       1388         24        268     286850   Library Totals

    ----------------------------------------------------------------------

==============================================================================


      Code (inc. data)   RO Data    RW Data    ZI Data      Debug   

     78390       2014      25582        128   33749528    1031374   Grand Totals
     78390       2014      25582        128   33749528    1031374   ELF Image Totals
     78390       2014      25582        128          0          0   ROM Totals

==============================================================================

    Total RO  Size (Code + RO Data)               103972 ( 101.54kB)
    Total RW  Size (RW Data + ZI Data)          33749656 (32958.65kB)
    Total ROM Size (Code + RO Data + RW Data)     104100 ( 101.66kB)

==============================================================================

