Component: ARM Compiler 5.05 update 1 (build 106) Tool: armlink [4d0efa]

==============================================================================

Section Cross References

    main.o(i.AGV_guide_task) refers to stm32f7xx_hal_uart.o(i.HAL_UART_Transmit) for HAL_UART_Transmit
    main.o(i.AGV_guide_task) refers to os_time.o(i.OSTimeDlyHMSM) for OSTimeDlyHMSM
    main.o(i.AGV_guide_task) refers to usart.o(.bss) for UART1_Handler
    main.o(i.AGV_guide_task) refers to usart.o(.data) for USART_RX_STA
    main.o(i.AGV_guide_task) refers to main.o(.data) for .data
    main.o(i.RFID_task) refers to lcd.o(i.LCD_ShowString) for LCD_ShowString
    main.o(i.RFID_task) refers to lcd.o(i.LCD_ShowChar) for LCD_ShowChar
    main.o(i.RFID_task) refers to os_time.o(i.OSTimeDlyHMSM) for OSTimeDlyHMSM
    main.o(i.RFID_task) refers to usart.o(.bss) for USART_RX_BUF
    main.o(i.RFID_task) refers to usart.o(.data) for USART_RX_STA
    main.o(i.RFID_task) refers to touch.o(.data) for tp_dev
    main.o(i.RFID_task) refers to main.o(.data) for .data
    main.o(i.interface_task) refers to lcd.o(i.LCD_Clear) for LCD_Clear
    main.o(i.interface_task) refers to lcd.o(i.LCD_DrawRectangle) for LCD_DrawRectangle
    main.o(i.interface_task) refers to lcd.o(i.LCD_ShowString) for LCD_ShowString
    main.o(i.interface_task) refers to os_task.o(i.OSTaskSuspend) for OSTaskSuspend
    main.o(i.interface_task) refers to touch.o(.data) for tp_dev
    main.o(i.interface_task) refers to main.o(.bss) for .bss
    main.o(i.lidar_task) refers to lcd.o(i.LCD_ShowString) for LCD_ShowString
    main.o(i.lidar_task) refers to os_time.o(i.OSTimeDlyHMSM) for OSTimeDlyHMSM
    main.o(i.lidar_task) refers to touch.o(.data) for tp_dev
    main.o(i.lidar_task) refers to main.o(.data) for .data
    main.o(i.main) refers to _printf_percent.o(.ARM.Collect$$_printf_percent$$00000000) for _printf_percent
    main.o(i.main) refers to _printf_d.o(.ARM.Collect$$_printf_percent$$00000009) for _printf_d
    main.o(i.main) refers to _printf_dec.o(.text) for _printf_int_dec
    main.o(i.main) refers to sys.o(i.Cache_Enable) for Cache_Enable
    main.o(i.main) refers to stm32f7xx_hal.o(i.HAL_Init) for HAL_Init
    main.o(i.main) refers to sys.o(i.Stm32_Clock_Init) for Stm32_Clock_Init
    main.o(i.main) refers to delay.o(i.delay_init) for delay_init
    main.o(i.main) refers to usart.o(i.uart_init) for uart_init
    main.o(i.main) refers to led.o(i.LED_Init) for LED_Init
    main.o(i.main) refers to key.o(i.KEY_Init) for KEY_Init
    main.o(i.main) refers to sdram.o(i.SDRAM_Init) for SDRAM_Init
    main.o(i.main) refers to lcd.o(i.LCD_Init) for LCD_Init
    main.o(i.main) refers to ultrasonic.o(i.ultrasonic_init) for ultrasonic_init
    main.o(i.main) refers to w25qxx.o(i.W25QXX_Init) for W25QXX_Init
    main.o(i.main) refers to pcf8574.o(i.PCF8574_Init) for PCF8574_Init
    main.o(i.main) refers to ov5640.o(i.OV5640_Init) for OV5640_Init
    main.o(i.main) refers to malloc.o(i.my_mem_init) for my_mem_init
    main.o(i.main) refers to timer.o(i.TIM5_CH1_Cap_Init) for TIM5_CH1_Cap_Init
    main.o(i.main) refers to lcd.o(i.LCD_Clear) for LCD_Clear
    main.o(i.main) refers to fontupd.o(i.font_init) for font_init
    main.o(i.main) refers to lcd.o(i.LCD_ShowString) for LCD_ShowString
    main.o(i.main) refers to os_time.o(i.OSTimeDlyHMSM) for OSTimeDlyHMSM
    main.o(i.main) refers to lcd.o(i.LCD_Fill) for LCD_Fill
    main.o(i.main) refers to text.o(i.Show_Str) for Show_Str
    main.o(i.main) refers to ov5640.o(i.OV5640_RGB565_Mode) for OV5640_RGB565_Mode
    main.o(i.main) refers to ov5640.o(i.OV5640_Focus_Init) for OV5640_Focus_Init
    main.o(i.main) refers to ov5640.o(i.OV5640_Light_Mode) for OV5640_Light_Mode
    main.o(i.main) refers to ov5640.o(i.OV5640_Color_Saturation) for OV5640_Color_Saturation
    main.o(i.main) refers to ov5640.o(i.OV5640_Brightness) for OV5640_Brightness
    main.o(i.main) refers to ov5640.o(i.OV5640_Contrast) for OV5640_Contrast
    main.o(i.main) refers to ov5640.o(i.OV5640_Sharpness) for OV5640_Sharpness
    main.o(i.main) refers to ov5640.o(i.OV5640_Focus_Constant) for OV5640_Focus_Constant
    main.o(i.main) refers to dcmi.o(i.DCMI_Init) for DCMI_Init
    main.o(i.main) refers to malloc.o(i.mymalloc) for mymalloc
    main.o(i.main) refers to dcmi.o(i.DCMI_DMA_Init) for DCMI_DMA_Init
    main.o(i.main) refers to ov5640.o(i.OV5640_OutSize_Set) for OV5640_OutSize_Set
    main.o(i.main) refers to dcmi.o(i.DCMI_Start) for DCMI_Start
    main.o(i.main) refers to malloc.o(i.my_mem_perused) for my_mem_perused
    main.o(i.main) refers to __2printf.o(.text) for __2printf
    main.o(i.main) refers to atk_zbar.o(i.atk_qr_init) for atk_qr_init
    main.o(i.main) refers to os_core.o(i.OSInit) for OSInit
    main.o(i.main) refers to cpu_a.o(.text) for CPU_SR_Save
    main.o(i.main) refers to cpu_core.o(i.CPU_IntDisMeasStart) for CPU_IntDisMeasStart
    main.o(i.main) refers to os_task.o(i.OSTaskCreate) for OSTaskCreate
[...]
    lcddev                                   0x200241fc   Data          14  lcd.o(.bss)
    LTDC_Handler                             0x2002420c   Data         168  ltdc.o(.bss)
    lcdltdc                                  0x200242b4   Data          32  ltdc.o(.bss)
    QSPI_Handler                             0x200242d4   Data          68  qspi.o(.bss)
    SDRAM_Handler                            0x20024318   Data          52  sdram.o(.bss)
    TIM3_Handler                             0x2002434c   Data          60  timer.o(.bss)
    TIM5_Handler                             0x20024388   Data          60  timer.o(.bss)
    USART2_RS485Handler                      0x200243c4   Data         112  rs485.o(.bss)
    RS485_RX_BUF                             0x20024434   Data          64  rs485.o(.bss)
    CPU_Name                                 0x20024474   Data          16  cpu_core.o(.bss)
    OSCfg_IdleTaskStk                        0x20024484   Data         512  os_cfg_app.o(.bss)
    OSCfg_ISRStk                             0x20024684   Data         400  os_cfg_app.o(.bss)
    OSCfg_MsgPool                            0x20024814   Data        1600  os_cfg_app.o(.bss)
    OSCfg_StatTaskStk                        0x20024e54   Data         400  os_cfg_app.o(.bss)
    OSCfg_TickTaskStk                        0x20024fe4   Data         512  os_cfg_app.o(.bss)
    OSCfg_TmrTaskStk                         0x200251e4   Data         512  os_cfg_app.o(.bss)
    OSIdleTaskTCB                            0x200253e4   Data         192  os_var.o(.bss)
    OSMsgPool                                0x200254a4   Data          12  os_var.o(.bss)
    OSRdyList                                0x200254b0   Data         768  os_var.o(.bss)
    OSStatTaskTCB                            0x200257b0   Data         192  os_var.o(.bss)
    OSTickTaskTCB                            0x20025870   Data         192  os_var.o(.bss)
    OSTmrMutex                               0x20025930   Data          48  os_var.o(.bss)
    OSTmrTaskTCB                             0x20025960   Data         192  os_var.o(.bss)
    mem1base                                 0x20025a20   Data       163840  malloc.o(.bss)
    mem1mapbase                              0x2004da20   Data       10240  malloc.o(.bss)
    ftinfo                                   0x20050220   Data          41  fontupd.o(.bss)
    Last_QrCode                              0x2005024c   Data          20  atk_zbar.o(.bss)
    MyBarcode_buf                            0x20050260   Data          25  code128.o(.bss)
    MyBarcode_temp1buf                       0x20050279   Data          25  code128.o(.bss)
    MyBarcode_temp2buf                       0x20050292   Data          25  code128.o(.bss)
    MyBarcode_temp3buf                       0x200502ab   Data          25  code128.o(.bss)
    MyDecode_buf                             0x200502c4   Data          50  code128.o(.bss)
    __libspace_start                         0x200502f8   Data          96  libspace.o(.bss)
    __temporary_stack_top$libspace           0x20050358   Data           0  libspace.o(.bss)
    ltdc_lcd_framebuf                        0xc0000000   Data       2048000  ltdc.o(.ARM.__AT_0xC0000000)
    mem2base                                 0xc01f4000   Data       29605888  malloc.o(.ARM.__AT_0xC01F4000)
    mem2mapbase                              0xc1e30000   Data       1850368  malloc.o(.ARM.__AT_0xC1E30000)



==============================================================================

Memory Map of the image

  Image Entry point : 0x080001f9

  Load Region LR_IROM1 (Base: 0x08000000, Size: 0x00021438, Max: 0x00100000, ABSOLUTE, COMPRESSED[0x000212b8])

    Execution Region ER_IROM1 (Base: 0x08000000, Size: 0x00021270, Max: 0x00100000, ABSOLUTE)

    Base Addr    Size         Type   Attr      Idx    E Section Name        Object

    0x08000000   0x000001f8   Data   RO          731    RESET               startup_stm32f767xx.o
    0x080001f8   0x00000008   Code   RO        11680  * !!!main             c_w.l(__main.o)
    0x08000200   0x00000034   Code   RO        12015    !!!scatter          c_w.l(__scatter.o)
    0x08000234   0x0000003a   Code   RO        12013    !!dczerorl          c_w.l(__dczerorl.o)
    0x0800026e   0x00000002   PAD
    0x08000270   0x0000001c   Code   RO        12017    !!handler_zi        c_w.l(__scatter_zi.o)
    0x0800028c   0x00000000   Code   RO        11655    .ARM.Collect$$_printf_percent$$00000000  c_w.l(_printf_percent.o)
    0x0800028c   0x00000006   Code   RO        11653    .ARM.Collect$$_printf_percent$$00000009  c_w.l(_printf_d.o)
    0x08000292   0x00000006   Code   RO        11649    .ARM.Collect$$_printf_percent$$0000000C  c_w.l(_printf_x.o)
    0x08000298   0x00000006   Code   RO        11647    .ARM.Collect$$_printf_percent$$00000014  c_w.l(_printf_s.o)
    0x0800029e   0x00000004   Code   RO        11770    .ARM.Collect$$_printf_percent$$00000017  c_w.l(_printf_percent_end.o)
    0x080002a2   0x00000002   Code   RO        11955    .ARM.Collect$$libinit$$00000000  c_w.l(libinit.o)
    0x080002a4   0x00000004   Code   RO        11783    .ARM.Collect$$libinit$$00000001  c_w.l(libinit2.o)
    0x080002a8   0x00000000   Code   RO        11786    .ARM.Collect$$libinit$$00000004  c_w.l(libinit2.o)
    0x080002a8   0x00000000   Code   RO        11789    .ARM.Collect$$libinit$$0000000A  c_w.l(libinit2.o)
    0x080002a8   0x00000000   Code   RO        11791    .ARM.Collect$$libinit$$0000000C  c_w.l(libinit2.o)
    0x080002a8   0x00000000   Code   RO        11793    .ARM.Collect$$libinit$$0000000E  c_w.l(libinit2.o)
    0x080002a8   0x00000000   Code   RO        11796    .ARM.Collect$$libinit$$00000011  c_w.l(libinit2.o)
    0x080002a8   0x00000000   Code   RO        11798    .ARM.Collect$$libinit$$00000013  c_w.l(libinit2.o)
    0x080002a8   0x00000000   Code   RO        11800    .ARM.Collect$$libinit$$00000015  c_w.l(libinit2.o)
    0x080002a8   0x00000000   Code   RO        11802    .ARM.Collect$$libinit$$00000017  c_w.l(libinit2.o)
    0x080002a8   0x00000000   Code   RO        11804    .ARM.Collect$$libinit$$00000019  c_w.l(libinit2.o)
    0x080002a8   0x00000000   Code   RO        11806    .ARM.Collect$$libinit$$0000001B  c_w.l(libinit2.o)
    0x080002a8   0x00000000   Code   RO        11808    .ARM.Collect$$libinit$$0000001D  c_w.l(libinit2.o)
    0x080002a8   0x00000000   Code   RO        11810    .ARM.Collect$$libinit$$0000001F  c_w.l(libinit2.o)
    0x080002a8   0x00000000   Code   RO        11812    .ARM.Collect$$libinit$$00000021  c_w.l(libinit2.o)
    0x080002a8   0x00000000   Code   RO        11814    .ARM.Collect$$libinit$$00000023  c_w.l(libinit2.o)
    0x080002a8   0x00000000   Code   RO        11816    .ARM.Collect$$libinit$$00000025  c_w.l(libinit2.o)
    0x080002a8   0x00000000   Code   RO        11820    .ARM.Collect$$libinit$$0000002C  c_w.l(libinit2.o)
    0x080002a8   0x00000000   Code   RO        11822    .ARM.Collect$$libinit$$0000002E  c_w.l(libinit2.o)
    0x080002a8   0x00000000   Code   RO        11824    .ARM.Collect$$libinit$$00000030  c_w.l(libinit2.o)
    0x080002a8   0x00000000   Code   RO        11826    .ARM.Collect$$libinit$$00000032  c_w.l(libinit2.o)
    0x080002a8   0x00000002   Code   RO        11827    .ARM.Collect$$libinit$$00000033  c_w.l(libinit2.o)
    0x080002aa   0x00000002   Code   RO        12010    .ARM.Collect$$libshutdown$$00000000  c_w.l(libshutdown.o)
    0x080002ac   0x00000000   Code   RO        11970    .ARM.Collect$$libshutdown$$00000003  c_w.l(libshutdown2.o)
    0x080002ac   0x00000000   Code   RO        11973    .ARM.Collect$$libshutdown$$00000006  c_w.l(libshutdown2.o)
    0x080002ac   0x00000000   Code   RO        11976    .ARM.Collect$$libshutdown$$00000009  c_w.l(libshutdown2.o)
    0x080002ac   0x00000000   Code   RO        11978    .ARM.Collect$$libshutdown$$0000000B  c_w.l(libshutdown2.o)
    0x080002ac   0x00000000   Code   RO        11981    .ARM.Collect$$libshutdown$$0000000E  c_w.l(libshutdown2.o)
    0x080002ac   0x00000002   Code   RO        11982    .ARM.Collect$$libshutdown$$0000000F  c_w.l(libshutdown2.o)
    0x080002ae   0x00000000   Code   RO        11722    .ARM.Collect$$rtentry$$00000000  c_w.l(__rtentry.o)
    0x080002ae   0x00000000   Code   RO        11863    .ARM.Collect$$rtentry$$00000002  c_w.l(__rtentry2.o)
    0x080002ae   0x00000006   Code   RO        11875    .ARM.Collect$$rtentry$$00000004  c_w.l(__rtentry4.o)
    0x080002b4   0x00000000   Code   RO        11865    .ARM.Collect$$rtentry$$00000009  c_w.l(__rtentry2.o)
    0x080002b4   0x00000004   Code   RO        11866    .ARM.Collect$$rtentry$$0000000A  c_w.l(__rtentry2.o)
    0x080002b8   0x00000000   Code   RO        11868    .ARM.Collect$$rtentry$$0000000C  c_w.l(__rtentry2.o)
    0x080002b8   0x00000008   Code   RO        11869    .ARM.Collect$$rtentry$$0000000D  c_w.l(__rtentry2.o)
    0x080002c0   0x00000002   Code   RO        11956    .ARM.Collect$$rtexit$$00000000  c_w.l(rtexit.o)
    0x080002c2   0x00000000   Code   RO        11986    .ARM.Collect$$rtexit$$00000002  c_w.l(rtexit2.o)
    0x080002c2   0x00000004   Code   RO        11987    .ARM.Collect$$rtexit$$00000003  c_w.l(rtexit2.o)
    0x080002c6   0x00000006   Code   RO        11988    .ARM.Collect$$rtexit$$00000004  c_w.l(rtexit2.o)
    0x080002cc   0x00000068   Code   RO          732    .text               startup_stm32f767xx.o
    0x08000334   0x00000034   Code   RO         7002    .text               cpu_a.o
    0x08000368   0x00000002   Code   RO        11500    .text               c_w.l(use_no_semi_2.o)
    0x0800036a   0x000000ee   Code   RO        11564    .text               c_w.l(lludivv7m.o)
    0x08000458   0x00000026   Code   RO        11566    .text               c_w.l(llsshr.o)
    0x0800047e   0x00000048   Code   RO        11568    .text               c_w.l(llsdiv.o)
    0x080004c6   0x00000002   PAD
    0x080004c8   0x00000018   Code   RO        11570    .text               c_w.l(__2printf.o)
    0x080004e0   0x00000052   Code   RO        11588    .text               c_w.l(_printf_str.o)
    0x08000532   0x00000002   PAD
    0x08000534   0x00000078   Code   RO        11590    .text               c_w.l(_printf_dec.o)
    0x080005ac   0x0000007c   Code   RO        11617    .text               c_w.l(_printf_hex_int_ptr.o)
    0x08000628   0x00000188   Code   RO        11643    .text               c_w.l(__printf_flags_ss_wp.o)
    0x080007b0   0x00000264   Code   RO        11658    .text               c_w.l(qsortnoex.o)
    0x08000a14   0x00000058   Code   RO        11660    .text               c_w.l(memcmp.o)
    0x08000a6c   0x00000048   Code   RO        11662    .text               c_w.l(strcpy.o)
    0x08000ab4   0x0000003e   Code   RO        11664    .text               c_w.l(strlen.o)
    0x08000af2   0x0000008a   Code   RO        11668    .text               c_w.l(rt_memcpy_v6.o)
    0x08000b7c   0x00000084   Code   RO        11670    .text               c_w.l(rt_memmove_v6.o)
    0x08000c00   0x00000044   Code   RO        11672    .text               c_w.l(rt_memclr.o)
    0x08000c44   0x00000068   Code   RO        11676    .text               c_w.l(strcmpv7m_pel.o)
    0x08000cac   0x00000006   Code   RO        11678    .text               c_w.l(heapauxi.o)
    0x08000cb2   0x00000002   Code   RO        11718    .text               c_w.l(use_no_semi.o)
    0x08000cb4   0x00000016   Code   RO        11754    .text               c_w.l(_rserrno.o)
    0x08000cca   0x000000b2   Code   RO        11756    .text               c_w.l(_printf_intcommon.o)
    0x08000d7c   0x00000030   Code   RO        11758    .text               c_w.l(_printf_char_common.o)
    0x08000dac   0x0000002c   Code   RO        11764    .text               c_w.l(_printf_char.o)
    0x08000dd8   0x00000024   Code   RO        11766    .text               c_w.l(_printf_char_file.o)
    0x08000dfc   0x00000064   Code   RO        11775    .text               c_w.l(rt_memcpy_w.o)
    0x08000e60   0x0000007a   Code   RO        11777    .text               c_w.l(rt_memmove_w.o)
    0x08000eda   0x0000004e   Code   RO        11779    .text               c_w.l(rt_memclr_w.o)
    0x08000f28   0x00000008   Code   RO        11859    .text               c_w.l(libspace.o)
    0x08000f30   0x00000008   Code   RO        11884    .text               c_w.l(rt_errno_addr_intlibspace.o)
    0x08000f38   0x00000008   Code   RO        11896    .text               c_w.l(ferror.o)
    0x08000f40   0x0000004a   Code   RO        11922    .text               c_w.l(sys_stackheap_outer.o)
    0x08000f8a   0x0000000c   Code   RO        11936    .text               c_w.l(exit.o)
    0x08000f96   0x00000002   PAD
    0x08000f98   0x00000118   Code   RO         8647    CODE                os_cpu_a.o
    0x080010b0   0x00000074   Code   RO            4    i.AGV_guide_task    main.o
    0x08001124   0x00000004   Code   RO         6535    i.AT24CXX_Init      24cxx.o
    0x08001128   0x0000006a   Code   RO         6537    i.AT24CXX_ReadLenByte  24cxx.o
    0x08001192   0x00000042   Code   RO         6538    i.AT24CXX_ReadOneByte  24cxx.o
    0x080011d4   0x00000064   Code   RO         6540    i.AT24CXX_WriteLenByte  24cxx.o
    0x08001238   0x0000003e   Code   RO         6541    i.AT24CXX_WriteOneByte  24cxx.o
    0x08001276   0x00000002   Code   RO          509    i.BusFault_Handler  stm32f7xx_it.o
    0x08001278   0x00000084   Code   RO         6860    i.CPU_Init          cpu_core.o
    0x080012fc   0x0000002c   Code   RO         6862    i.CPU_IntDisMeasMaxCurReset  cpu_core.o
    0x08001328   0x00000020   Code   RO         6863    i.CPU_IntDisMeasMaxGet  cpu_core.o
    0x08001348   0x00000020   Code   RO         6864    i.CPU_IntDisMeasStart  cpu_core.o
    0x08001368   0x00000034   Code   RO         6865    i.CPU_IntDisMeasStop  cpu_core.o
    0x0800139c   0x0000000c   Code   RO         6873    i.CPU_TS_TmrFreqSet  cpu_core.o
    0x080013a8   0x00000030   Code   RO         6754    i.CPU_TS_TmrInit    bsp.o
    0x080013d8   0x0000000c   Code   RO         6755    i.CPU_TS_TmrRd      bsp.o
    0x080013e4   0x0000005c   Code   RO         6162    i.CT_IIC_Init       ctiic.o
    0x08001440   0x00000100   Code   RO         6164    i.CT_IIC_Read_Byte  ctiic.o
    0x08001540   0x00000080   Code   RO         6165    i.CT_IIC_Send_Byte  ctiic.o
    0x080015c0   0x00000058   Code   RO         6166    i.CT_IIC_Start      ctiic.o
    0x08001618   0x0000004c   Code   RO         6167    i.CT_IIC_Stop       ctiic.o
    0x08001664   0x000000ac   Code   RO         6168    i.CT_IIC_Wait_Ack   ctiic.o
    0x08001710   0x0000007c   Code   RO         4559    i.Cache_Enable      sys.o
    0x0800178c   0x00000020   Code   RO         3794    i.DCMI_DMAError     stm32f7xx_hal_dcmi.o
    0x080017ac   0x000000c0   Code   RO         4700    i.DCMI_DMA_Init     dcmi.o
    0x0800186c   0x0000000c   Code   RO         4701    i.DCMI_IRQHandler   dcmi.o
    0x08001878   0x00000048   Code   RO         4702    i.DCMI_Init         dcmi.o
    0x080018c0   0x00000030   Code   RO         4704    i.DCMI_Start        dcmi.o
    0x080018f0   0x000000d0   Code   RO         4706    i.DMA2_Stream1_IRQHandler  dcmi.o
    0x080019c0   0x00000002   Code   RO          510    i.DebugMon_Handler  stm32f7xx_it.o
    0x080019c2   0x00000002   PAD
    0x080019c4   0x00000048   Code   RO         2943    i.FMC_NORSRAM_Extended_Timing_Init  stm32f7xx_ll_fmc.o
    0x08001a0c   0x0000007c   Code   RO         2944    i.FMC_NORSRAM_Init  stm32f7xx_ll_fmc.o
    0x08001a88   0x00000064   Code   RO         2945    i.FMC_NORSRAM_Timing_Init  stm32f7xx_ll_fmc.o
    0x08001aec   0x0000005e   Code   RO         2950    i.FMC_SDRAM_Init    stm32f7xx_ll_fmc.o
    0x08001b4a   0x0000000c   Code   RO         2951    i.FMC_SDRAM_ProgramRefreshRate  stm32f7xx_ll_fmc.o
    0x08001b56   0x00000052   Code   RO         2952    i.FMC_SDRAM_SendCommand  stm32f7xx_ll_fmc.o
    0x08001ba8   0x00000092   Code   RO         2954    i.FMC_SDRAM_Timing_Init  stm32f7xx_ll_fmc.o
    0x08001c3a   0x00000002   PAD
    0x08001c3c   0x00000100   Code   RO         6232    i.FT5206_Init       ft5206.o
    0x08001d3c   0x00000058   Code   RO         6233    i.FT5206_RD_Reg     ft5206.o
    0x08001d94   0x000001ac   Code   RO         6234    i.FT5206_Scan       ft5206.o
    0x08001f40   0x0000004a   Code   RO         6235    i.FT5206_WR_Reg     ft5206.o
    0x08001f8a   0x00000002   PAD
    0x08001f8c   0x00000190   Code   RO         6277    i.GT9147_Init       gt9147.o
    0x0800211c   0x00000062   Code   RO         6278    i.GT9147_RD_Reg     gt9147.o
    0x0800217e   0x00000002   PAD
    0x08002180   0x000001ec   Code   RO         6279    i.GT9147_Scan       gt9147.o
    0x0800236c   0x00000054   Code   RO         6281    i.GT9147_WR_Reg     gt9147.o
    0x080023c0   0x00000184   Code   RO         6329    i.GT9271_Init       gt9271.o
    0x08002544   0x00000062   Code   RO         6330    i.GT9271_RD_Reg     gt9271.o
    0x080025a6   0x00000002   PAD
    0x080025a8   0x0000024c   Code   RO         6331    i.GT9271_Scan       gt9271.o
    0x080027f4   0x00000054   Code   RO         6333    i.GT9271_WR_Reg     gt9271.o
    0x08002848   0x000000bc   Code   RO         9568    i.Get_HzMat         text.o
    0x08002904   0x00000002   Code   RO         3800    i.HAL_DCMI_ErrorCallback  stm32f7xx_hal_dcmi.o
    0x08002906   0x00000002   PAD
    0x08002908   0x00000040   Code   RO         4707    i.HAL_DCMI_FrameEventCallback  dcmi.o
    0x08002948   0x000000b0   Code   RO         3804    i.HAL_DCMI_IRQHandler  stm32f7xx_hal_dcmi.o
    0x080029f8   0x000000bc   Code   RO         3805    i.HAL_DCMI_Init     stm32f7xx_hal_dcmi.o
    0x08002ab4   0x00000002   Code   RO         3806    i.HAL_DCMI_LineEventCallback  stm32f7xx_hal_dcmi.o
    0x08002ab6   0x00000002   PAD
    0x08002ab8   0x000000f0   Code   RO         4708    i.HAL_DCMI_MspInit  dcmi.o
    0x08002ba8   0x00000002   Code   RO         3813    i.HAL_DCMI_VsyncEventCallback  stm32f7xx_hal_dcmi.o
    0x08002baa   0x0000007c   Code   RO         1120    i.HAL_DMAEx_MultiBufferStart  stm32f7xx_hal_dma_ex.o
    0x08002c26   0x00000024   Code   RO         1029    i.HAL_DMA_Abort_IT  stm32f7xx_hal_dma.o
    0x08002c4a   0x00000002   PAD
    0x08002c4c   0x00000084   Code   RO         1030    i.HAL_DMA_DeInit    stm32f7xx_hal_dma.o
    0x08002cd0   0x0000015c   Code   RO         1034    i.HAL_DMA_Init      stm32f7xx_hal_dma.o
    0x08002e2c   0x0000007a   Code   RO         1037    i.HAL_DMA_Start     stm32f7xx_hal_dma.o
    0x08002ea6   0x00000002   PAD
    0x08002ea8   0x00000230   Code   RO         1158    i.HAL_GPIO_Init     stm32f7xx_hal_gpio.o
    0x080030d8   0x0000000a   Code   RO         1160    i.HAL_GPIO_ReadPin  stm32f7xx_hal_gpio.o
    0x080030e2   0x00000008   Code   RO         1161    i.HAL_GPIO_TogglePin  stm32f7xx_hal_gpio.o
    0x080030ea   0x0000000a   Code   RO         1162    i.HAL_GPIO_WritePin  stm32f7xx_hal_gpio.o
    0x080030f4   0x0000000c   Code   RO          756    i.HAL_GetTick       stm32f7xx_hal.o
    0x08003100   0x00000010   Code   RO          757    i.HAL_IncTick       stm32f7xx_hal.o
    0x08003110   0x00000024   Code   RO          758    i.HAL_Init          stm32f7xx_hal.o
    0x08003134   0x00000028   Code   RO          759    i.HAL_InitTick      stm32f7xx_hal.o
    0x0800315c   0x00000058   Code   RO         4227    i.HAL_LTDC_ConfigLayer  stm32f7xx_hal_ltdc.o
    0x080031b4   0x0000010c   Code   RO         4244    i.HAL_LTDC_Init     stm32f7xx_hal_ltdc.o
    0x080032c0   0x000000f4   Code   RO         5103    i.HAL_LTDC_MspInit  ltdc.o
    0x080033b4   0x00000058   Code   RO         4259    i.HAL_LTDC_SetWindowPosition  stm32f7xx_hal_ltdc.o
    0x0800340c   0x00000054   Code   RO         4261    i.HAL_LTDC_SetWindowSize  stm32f7xx_hal_ltdc.o
    0x08003460   0x00000054   Code   RO          910    i.HAL_MPU_ConfigRegion  stm32f7xx_hal_cortex.o
    0x080034b4   0x00000002   Code   RO          761    i.HAL_MspInit       stm32f7xx_hal.o
    0x080034b6   0x00000018   Code   RO          913    i.HAL_NVIC_EnableIRQ  stm32f7xx_hal_cortex.o
    0x080034ce   0x00000002   PAD
    0x080034d0   0x00000064   Code   RO          919    i.HAL_NVIC_SetPriority  stm32f7xx_hal_cortex.o
    0x08003534   0x00000024   Code   RO          920    i.HAL_NVIC_SetPriorityGrouping  stm32f7xx_hal_cortex.o
    0x08003558   0x0000007c   Code   RO         1351    i.HAL_PWREx_EnableOverDrive  stm32f7xx_hal_pwr_ex.o
    0x080035d4   0x00000092   Code   RO         3545    i.HAL_QSPI_Command  stm32f7xx_hal_qspi.o
    0x08003666   0x00000002   PAD
    0x08003668   0x000000c0   Code   RO         3554    i.HAL_QSPI_Init     stm32f7xx_hal_qspi.o
    0x08003728   0x0000009c   Code   RO         5811    i.HAL_QSPI_MspInit  qspi.o
    0x080037c4   0x000000c6   Code   RO         3558    i.HAL_QSPI_Receive  stm32f7xx_hal_qspi.o
    0x0800388a   0x000000bc   Code   RO         3567    i.HAL_QSPI_Transmit  stm32f7xx_hal_qspi.o
    0x08003946   0x00000002   PAD
    0x08003948   0x00000758   Code   RO         1540    i.HAL_RCCEx_PeriphCLKConfig  stm32f7xx_hal_rcc_ex.o
    0x080040a0   0x00000184   Code   RO         1438    i.HAL_RCC_ClockConfig  stm32f7xx_hal_rcc.o
    0x08004224   0x0000000c   Code   RO         1443    i.HAL_RCC_GetHCLKFreq  stm32f7xx_hal_rcc.o
    0x08004230   0x00000030   Code   RO         1445    i.HAL_RCC_GetPCLK1Freq  stm32f7xx_hal_rcc.o
    0x08004260   0x00000030   Code   RO         1446    i.HAL_RCC_GetPCLK2Freq  stm32f7xx_hal_rcc.o
    0x08004290   0x00000098   Code   RO         1447    i.HAL_RCC_GetSysClockFreq  stm32f7xx_hal_rcc.o
    0x08004328   0x000003c4   Code   RO         1541    i.HAL_RCC_OscConfig  stm32f7xx_hal_rcc_ex.o
    0x080046ec   0x00000042   Code   RO         3954    i.HAL_SDRAM_Init    stm32f7xx_hal_sdram.o
    0x0800472e   0x00000002   PAD
    0x08004730   0x000000e0   Code   RO         5923    i.HAL_SDRAM_MspInit  sdram.o
    0x08004810   0x00000024   Code   RO         3957    i.HAL_SDRAM_ProgramRefreshRate  stm32f7xx_hal_sdram.o
    0x08004834   0x0000002e   Code   RO         3963    i.HAL_SDRAM_SendCommand  stm32f7xx_hal_sdram.o
    0x08004862   0x00000056   Code   RO         4108    i.HAL_SRAM_Init     stm32f7xx_hal_sram.o
    0x080048b8   0x0000007c   Code   RO         4883    i.HAL_SRAM_MspInit  lcd.o
    0x08004934   0x00000016   Code   RO          922    i.HAL_SYSTICK_CLKSourceConfig  stm32f7xx_hal_cortex.o
    0x0800494a   0x00000002   PAD
    0x0800494c   0x0000002c   Code   RO          924    i.HAL_SYSTICK_Config  stm32f7xx_hal_cortex.o
    0x08004978   0x00000002   Code   RO         2666    i.HAL_TIMEx_BreakCallback  stm32f7xx_hal_tim_ex.o
    0x0800497a   0x00000002   Code   RO         2667    i.HAL_TIMEx_CommutationCallback  stm32f7xx_hal_tim_ex.o
    0x0800497c   0x00000088   Code   RO         6624    i.HAL_TIM_IC_CaptureCallback  timer.o
    0x08004a04   0x00000158   Code   RO         2094    i.HAL_TIM_IC_ConfigChannel  stm32f7xx_hal_tim.o
    0x08004b5c   0x00000036   Code   RO         2097    i.HAL_TIM_IC_Init   stm32f7xx_hal_tim.o
    0x08004b92   0x00000002   PAD
    0x08004b94   0x00000064   Code   RO         6625    i.HAL_TIM_IC_MspInit  timer.o
    0x08004bf8   0x0000004e   Code   RO         2102    i.HAL_TIM_IC_Start_IT  stm32f7xx_hal_tim.o
    0x08004c46   0x00000186   Code   RO         2106    i.HAL_TIM_IRQHandler  stm32f7xx_hal_tim.o
    0x08004dcc   0x00000002   Code   RO         2109    i.HAL_TIM_OC_DelayElapsedCallback  stm32f7xx_hal_tim.o
    0x08004dce   0x00000002   Code   RO         2136    i.HAL_TIM_PWM_PulseFinishedCallback  stm32f7xx_hal_tim.o
    0x08004dd0   0x00000030   Code   RO         6626    i.HAL_TIM_PeriodElapsedCallback  timer.o
    0x08004e00   0x00000044   Code   RO         2144    i.HAL_TIM_ReadCapturedValue  stm32f7xx_hal_tim.o
    0x08004e44   0x00000002   Code   RO         2147    i.HAL_TIM_TriggerCallback  stm32f7xx_hal_tim.o
    0x08004e46   0x00000002   Code   RO         1595    i.HAL_UART_ErrorCallback  stm32f7xx_hal_uart.o
    0x08004e48   0x0000000c   Code   RO         1597    i.HAL_UART_GetState  stm32f7xx_hal_uart.o
    0x08004e54   0x000001c4   Code   RO         1598    i.HAL_UART_IRQHandler  stm32f7xx_hal_uart.o
    0x08005018   0x0000006e   Code   RO         1599    i.HAL_UART_Init     stm32f7xx_hal_uart.o
    0x08005086   0x00000002   PAD
    0x08005088   0x00000084   Code   RO         4608    i.HAL_UART_MspInit  usart.o
    0x0800510c   0x000000f0   Code   RO         1602    i.HAL_UART_Receive  stm32f7xx_hal_uart.o
    0x080051fc   0x000000a0   Code   RO         1604    i.HAL_UART_Receive_IT  stm32f7xx_hal_uart.o
    0x0800529c   0x00000058   Code   RO         4609    i.HAL_UART_RxCpltCallback  usart.o
    0x080052f4   0x000000ba   Code   RO         1607    i.HAL_UART_Transmit  stm32f7xx_hal_uart.o
    0x080053ae   0x00000002   Code   RO         1610    i.HAL_UART_TxCpltCallback  stm32f7xx_hal_uart.o
    0x080053b0   0x00000002   Code   RO          511    i.HardFault_Handler  stm32f7xx_it.o
    0x080053b2   0x00000002   PAD
    0x080053b4   0x00000050   Code   RO         4789    i.IIC_Init          myiic.o
    0x08005404   0x000000e8   Code   RO         4791    i.IIC_Read_Byte     myiic.o
    0x080054ec   0x00000078   Code   RO         4792    i.IIC_Send_Byte     myiic.o
    0x08005564   0x00000050   Code   RO         4793    i.IIC_Start         myiic.o
    0x080055b4   0x00000050   Code   RO         4794    i.IIC_Stop          myiic.o
    0x08005604   0x000000ac   Code   RO         4795    i.IIC_Wait_Ack      myiic.o
    0x080056b0   0x00000080   Code   RO         4852    i.KEY_Init          key.o
    0x08005730   0x000000e8   Code   RO         4853    i.KEY_Scan          key.o
    0x08005818   0x00000058   Code   RO         4885    i.LCD_Clear         lcd.o
    0x08005870   0x00000090   Code   RO         4886    i.LCD_Color_Fill    lcd.o
    0x08005900   0x00000104   Code   RO         4889    i.LCD_Display_Dir   lcd.o
    0x08005a04   0x000000d0   Code   RO         4890    i.LCD_DrawLine      lcd.o
    0x08005ad4   0x00000038   Code   RO         4891    i.LCD_DrawPoint     lcd.o
    0x08005b0c   0x0000003a   Code   RO         4892    i.LCD_DrawRectangle  lcd.o
    0x08005b46   0x00000002   PAD
    0x08005b48   0x000001e0   Code   RO         4893    i.LCD_Draw_Circle   lcd.o
    0x08005d28   0x00000260   Code   RO         4894    i.LCD_Fast_DrawPoint  lcd.o
    0x08005f88   0x00000078   Code   RO         4895    i.LCD_Fill          lcd.o
    0x08006000   0x00004a38   Code   RO         4896    i.LCD_Init          lcd.o
    0x0800aa38   0x0000006c   Code   RO         4897    i.LCD_MPU_Config    lcd.o
    0x0800aaa4   0x00000004   PAD
    0x0800aaa8   0x000000c0   Code   RO         4902    i.LCD_SSD_BackLightSet  lcd.o
    0x0800ab68   0x0000031c   Code   RO         4903    i.LCD_Scan_Dir      lcd.o
    0x0800ae84   0x000002bc   Code   RO         4904    i.LCD_SetCursor     lcd.o
    0x0800b140   0x0000011c   Code   RO         4906    i.LCD_ShowChar      lcd.o
    0x0800b25c   0x000000a4   Code   RO         4907    i.LCD_ShowNum       lcd.o
    0x0800b300   0x00000062   Code   RO         4908    i.LCD_ShowString    lcd.o
    0x0800b362   0x00000002   PAD
    0x0800b364   0x00000014   Code   RO         4913    i.LCD_WriteRAM_Prepare  lcd.o
    0x0800b378   0x0000004c   Code   RO         4675    i.LED_Init          led.o
    0x0800b3c4   0x00000020   Code   RO         5104    i.LTDC_Clear        ltdc.o
    0x0800b3e4   0x000000bc   Code   RO         5106    i.LTDC_Color_Fill   ltdc.o
    0x0800b4a0   0x00000028   Code   RO         5107    i.LTDC_Display_Dir  ltdc.o
    0x0800b4c8   0x00000044   Code   RO         5108    i.LTDC_Draw_Point   ltdc.o
    0x0800b50c   0x000000b8   Code   RO         5109    i.LTDC_Fill         ltdc.o
    0x0800b5c4   0x000001ec   Code   RO         5110    i.LTDC_Init         ltdc.o
    0x0800b7b0   0x00000060   Code   RO         5111    i.LTDC_Layer_Parameter_Config  ltdc.o
    0x0800b810   0x000000bc   Code   RO         5114    i.LTDC_PanelID_Read  ltdc.o
    0x0800b8cc   0x000001c4   Code   RO         4263    i.LTDC_SetConfig    stm32f7xx_hal_ltdc.o
    0x0800ba90   0x00000078   Code   RO         5216    i.MemManage_Handler  mpu.o
    0x0800bb08   0x00000046   Code   RO         7291    i.Mem_Clr           lib_mem.o
    0x0800bb4e   0x00000002   Code   RO          512    i.NMI_Handler       stm32f7xx_it.o
    0x0800bb50   0x00000002   Code   RO         7455    i.OSCfg_Init        os_cfg_app.o
    0x0800bb52   0x00000002   PAD
    0x0800bb54   0x00000010   Code   RO         8562    i.OSIdleTaskHook    os_cpu_c.o
    0x0800bb64   0x000001d8   Code   RO         7519    i.OSInit            os_core.o
    0x0800bd3c   0x00000024   Code   RO         8563    i.OSInitHook        os_cpu_c.o
    0x0800bd60   0x00000020   Code   RO         7520    i.OSIntEnter        os_core.o
    0x0800bd80   0x00000090   Code   RO         7521    i.OSIntExit         os_core.o
    0x0800be10   0x0000006c   Code   RO         7874    i.OSMutexCreate     os_mutex.o
    0x0800be7c   0x00000184   Code   RO         7875    i.OSMutexPend       os_mutex.o
    0x0800c000   0x00000168   Code   RO         7876    i.OSMutexPost       os_mutex.o
    0x0800c168   0x00000084   Code   RO         7522    i.OSSched           os_core.o
    0x0800c1ec   0x0000004c   Code   RO         7523    i.OSSchedLock       os_core.o
    0x0800c238   0x00000064   Code   RO         7524    i.OSSchedUnlock     os_core.o
    0x0800c29c   0x0000005c   Code   RO         7525    i.OSStart           os_core.o
    0x0800c2f8   0x000000f0   Code   RO         8147    i.OSStatReset       os_stat.o
    0x0800c3e8   0x000000bc   Code   RO         8148    i.OSStatTaskCPUUsageInit  os_stat.o
    0x0800c4a4   0x00000010   Code   RO         8564    i.OSStatTaskHook    os_cpu_c.o
    0x0800c4b4   0x0000012c   Code   RO         8178    i.OSTaskCreate      os_task.o
    0x0800c5e0   0x00000010   Code   RO         8565    i.OSTaskCreateHook  os_cpu_c.o
    0x0800c5f0   0x0000016c   Code   RO         8179    i.OSTaskDel         os_task.o
    0x0800c75c   0x00000010   Code   RO         8566    i.OSTaskDelHook     os_cpu_c.o
    0x0800c76c   0x00000026   Code   RO         8187    i.OSTaskResume      os_task.o
    0x0800c792   0x00000002   PAD
    0x0800c794   0x00000010   Code   RO         8567    i.OSTaskReturnHook  os_cpu_c.o
    0x0800c7a4   0x00000138   Code   RO         8188    i.OSTaskSemPend     os_task.o
    0x0800c8dc   0x0000001c   Code   RO         8190    i.OSTaskSemPost     os_task.o
    0x0800c8f8   0x0000009c   Code   RO         8192    i.OSTaskStkChk      os_task.o
    0x0800c994   0x000001d0   Code   RO         8568    i.OSTaskStkInit     os_cpu_c.o
    0x0800cb64   0x00000018   Code   RO         8193    i.OSTaskSuspend     os_task.o
    0x0800cb7c   0x00000078   Code   RO         8569    i.OSTaskSwHook      os_cpu_c.o
    0x0800cbf4   0x00000090   Code   RO         8379    i.OSTimeDly         os_time.o
    0x0800cc84   0x000000d4   Code   RO         8380    i.OSTimeDlyHMSM     os_time.o
    0x0800cd58   0x00000040   Code   RO         8383    i.OSTimeTick        os_time.o
    0x0800cd98   0x00000010   Code   RO         8570    i.OSTimeTickHook    os_cpu_c.o
    0x0800cda8   0x00000002   Code   RO         7709    i.OS_Dbg_Init       os_dbg.o
    0x0800cdaa   0x00000002   PAD
    0x0800cdac   0x00000018   Code   RO         7734    i.OS_FlagInit       os_flag.o
    0x0800cdc4   0x00000034   Code   RO         7527    i.OS_IdleTask       os_core.o
    0x0800cdf8   0x0000006c   Code   RO         7528    i.OS_IdleTaskInit   os_core.o
    0x0800ce64   0x00000018   Code   RO         7806    i.OS_MemInit        os_mem.o
    0x0800ce7c   0x0000005c   Code   RO         7838    i.OS_MsgPoolInit    os_msg.o
    0x0800ced8   0x0000003c   Code   RO         7839    i.OS_MsgQFreeAll    os_msg.o
    0x0800cf14   0x0000000e   Code   RO         7841    i.OS_MsgQInit       os_msg.o
    0x0800cf22   0x00000002   PAD
    0x0800cf24   0x00000024   Code   RO         7878    i.OS_MutexDbgListAdd  os_mutex.o
    0x0800cf48   0x00000070   Code   RO         7881    i.OS_MutexGrpPostAll  os_mutex.o
    0x0800cfb8   0x00000026   Code   RO         7882    i.OS_MutexGrpPrioFindHighest  os_mutex.o
    0x0800cfde   0x00000002   PAD
    0x0800cfe0   0x00000018   Code   RO         7884    i.OS_MutexInit      os_mutex.o
    0x0800cff8   0x000000c4   Code   RO         7529    i.OS_Pend           os_core.o
    0x0800d0bc   0x0000004c   Code   RO         7533    i.OS_PendDbgNameAdd  os_core.o
    0x0800d108   0x000000ba   Code   RO         7535    i.OS_PendListChangePrio  os_core.o
    0x0800d1c2   0x0000000a   Code   RO         7536    i.OS_PendListInit   os_core.o
    0x0800d1cc   0x00000064   Code   RO         7538    i.OS_PendListInsertPrio  os_core.o
    0x0800d230   0x00000072   Code   RO         7539    i.OS_PendListRemove  os_core.o
    0x0800d2a2   0x00000002   PAD
    0x0800d2a4   0x00000120   Code   RO         7543    i.OS_Post           os_core.o
    0x0800d3c4   0x00000028   Code   RO         7971    i.OS_PrioGetHighest  os_prio.o
    0x0800d3ec   0x00000018   Code   RO         7972    i.OS_PrioInit       os_prio.o
    0x0800d404   0x00000024   Code   RO         7973    i.OS_PrioInsert     os_prio.o
    0x0800d428   0x00000024   Code   RO         7974    i.OS_PrioRemove     os_prio.o
    0x0800d44c   0x00000018   Code   RO         8017    i.OS_QInit          os_q.o
    0x0800d464   0x00000070   Code   RO         7546    i.OS_RdyListInsert  os_core.o
    0x0800d4d4   0x00000038   Code   RO         7547    i.OS_RdyListInsertHead  os_core.o
    0x0800d50c   0x00000034   Code   RO         7548    i.OS_RdyListInsertTail  os_core.o
    0x0800d540   0x00000054   Code   RO         7550    i.OS_RdyListRemove  os_core.o
    0x0800d594   0x00000018   Code   RO         8086    i.OS_SemInit        os_sem.o
    0x0800d5ac   0x0000026c   Code   RO         8149    i.OS_StatTask       os_stat.o
    0x0800d818   0x000000c8   Code   RO         8150    i.OS_StatTaskInit   os_stat.o
    0x0800d8e0   0x000000bc   Code   RO         8194    i.OS_TaskChangePrio  os_task.o
    0x0800d99c   0x00000020   Code   RO         8197    i.OS_TaskInit       os_task.o
    0x0800d9bc   0x000000c4   Code   RO         8198    i.OS_TaskInitTCB    os_task.o
    0x0800da80   0x000000c0   Code   RO         8200    i.OS_TaskResume     os_task.o
    0x0800db40   0x00000018   Code   RO         8201    i.OS_TaskReturn     os_task.o
    0x0800db58   0x000000b8   Code   RO         8202    i.OS_TaskSemPost    os_task.o
    0x0800dc10   0x000000e4   Code   RO         8203    i.OS_TaskSuspend    os_task.o
    0x0800dcf4   0x0000008c   Code   RO         8343    i.OS_TickListInsert  os_tick.o
    0x0800dd80   0x00000084   Code   RO         8344    i.OS_TickListInsertDly  os_tick.o
    0x0800de04   0x00000078   Code   RO         8345    i.OS_TickListRemove  os_tick.o
    0x0800de7c   0x000001a4   Code   RO         8346    i.OS_TickTask       os_tick.o
    0x0800e020   0x000000c4   Code   RO         8347    i.OS_TickTaskInit   os_tick.o
    0x0800e0e4   0x0000012c   Code   RO         8424    i.OS_TmrInit        os_tmr.o
    0x0800e210   0x000000d8   Code   RO         8425    i.OS_TmrTask        os_tmr.o
    0x0800e2e8   0x000000f8   Code   RO         6379    i.OTT2001A_Init     ott2001a.o
    0x0800e3e0   0x00000062   Code   RO         6380    i.OTT2001A_RD_Reg   ott2001a.o
    0x0800e442   0x00000006   PAD
    0x0800e448   0x000001ec   Code   RO         6381    i.OTT2001A_Scan     ott2001a.o
    0x0800e634   0x00000058   Code   RO         5565    i.OV5640_Brightness  ov5640.o
    0x0800e68c   0x0000007c   Code   RO         5566    i.OV5640_Color_Saturation  ov5640.o
    0x0800e708   0x0000006c   Code   RO         5567    i.OV5640_Contrast   ov5640.o
    0x0800e774   0x000000c2   Code   RO         5569    i.OV5640_Focus_Constant  ov5640.o
    0x0800e836   0x00000002   PAD
    0x0800e838   0x000000e0   Code   RO         5570    i.OV5640_Focus_Init  ov5640.o
    0x0800e918   0x00000130   Code   RO         5573    i.OV5640_Init       ov5640.o
    0x0800ea48   0x00000048   Code   RO         5575    i.OV5640_Light_Mode  ov5640.o
    0x0800ea90   0x00000080   Code   RO         5576    i.OV5640_OutSize_Set  ov5640.o
    0x0800eb10   0x0000003a   Code   RO         5578    i.OV5640_RD_Reg     ov5640.o
    0x0800eb4a   0x00000002   PAD
    0x0800eb4c   0x0000003c   Code   RO         5579    i.OV5640_RGB565_Mode  ov5640.o
    0x0800eb88   0x0000007e   Code   RO         5580    i.OV5640_Sharpness  ov5640.o
    0x0800ec06   0x00000044   Code   RO         5583    i.OV5640_WR_Reg     ov5640.o
    0x0800ec4a   0x00000002   PAD
    0x0800ec4c   0x0000007c   Code   RO         5764    i.PCF8574_Init      pcf8574.o
    0x0800ecc8   0x00000054   Code   RO         5767    i.PCF8574_WriteBit  pcf8574.o
    0x0800ed1c   0x00000244   Code   RO         3572    i.QSPI_Config       stm32f7xx_hal_qspi.o
    0x0800ef60   0x00000044   Code   RO         5812    i.QSPI_Init         qspi.o
    0x0800efa4   0x00000024   Code   RO         5813    i.QSPI_Receive      qspi.o
    0x0800efc8   0x0000003c   Code   RO         5814    i.QSPI_Send_CMD     qspi.o
    0x0800f004   0x00000024   Code   RO         5815    i.QSPI_Transmit     qspi.o
    0x0800f028   0x0000005a   Code   RO         3579    i.QSPI_WaitFlagStateUntilTimeout  stm32f7xx_hal_qspi.o
    0x0800f082   0x00000002   PAD
    0x0800f084   0x000000b0   Code   RO            5    i.RFID_task         main.o
    0x0800f134   0x0000003c   Code   RO         5705    i.SCCB_Init         sccb.o
    0x0800f170   0x0000004c   Code   RO         5706    i.SCCB_No_Ack       sccb.o
    0x0800f1bc   0x00000068   Code   RO         5707    i.SCCB_RD_Byte      sccb.o
    0x0800f224   0x00000040   Code   RO         5708    i.SCCB_Start        sccb.o
    0x0800f264   0x0000003c   Code   RO         5709    i.SCCB_Stop         sccb.o
    0x0800f2a0   0x000000a4   Code   RO         5710    i.SCCB_WR_Byte      sccb.o
    0x0800f344   0x000000a0   Code   RO         5924    i.SDRAM_Init        sdram.o
    0x0800f3e4   0x00000040   Code   RO         5926    i.SDRAM_Send_Cmd    sdram.o
    0x0800f424   0x00000002   Code   RO          513    i.SVC_Handler       stm32f7xx_it.o
    0x0800f426   0x00000002   PAD
    0x0800f428   0x00000188   Code   RO         9570    i.Show_Str          text.o
    0x0800f5b0   0x000000a0   Code   RO         4562    i.Stm32_Clock_Init  sys.o
    0x0800f650   0x00000024   Code   RO         4499    i.SysTick_Handler   delay.o
    0x0800f674   0x00000058   Code   RO          574    i.SystemInit        system_stm32f7xx.o
    0x0800f6cc   0x0000000c   Code   RO         6627    i.TIM3_IRQHandler   timer.o
    0x0800f6d8   0x0000004c   Code   RO         6629    i.TIM5_CH1_Cap_Init  timer.o
    0x0800f724   0x0000000c   Code   RO         6630    i.TIM5_IRQHandler   timer.o
    0x0800f730   0x000000c4   Code   RO         2148    i.TIM_Base_SetConfig  stm32f7xx_hal_tim.o
    0x0800f7f4   0x0000001a   Code   RO         2149    i.TIM_CCxChannelCmd  stm32f7xx_hal_tim.o
    0x0800f80e   0x0000008c   Code   RO         2160    i.TIM_TI1_SetConfig  stm32f7xx_hal_tim.o
    0x0800f89a   0x00000002   PAD
    0x0800f89c   0x00000170   Code   RO         6429    i.TP_Adj_Info_Show  touch.o
    0x0800fa0c   0x00000004   PAD
    0x0800fa10   0x000006e4   Code   RO         6430    i.TP_Adjust         touch.o
    0x080100f4   0x00000070   Code   RO         6432    i.TP_Drow_Touch_Point  touch.o
    0x08010164   0x00000094   Code   RO         6433    i.TP_Get_Adjdata    touch.o
    0x080101f8   0x00000160   Code   RO         6434    i.TP_Init           touch.o
    0x08010358   0x00000100   Code   RO         6435    i.TP_Read_AD        touch.o
    0x08010458   0x00000070   Code   RO         6436    i.TP_Read_XOY       touch.o
    0x080104c8   0x00000094   Code   RO         6438    i.TP_Read_XY2       touch.o
    0x0801055c   0x00000078   Code   RO         6439    i.TP_Save_Adjdata   touch.o
    0x080105d4   0x000000c0   Code   RO         6440    i.TP_Scan           touch.o
    0x08010694   0x000000da   Code   RO         1612    i.UART_AdvFeatureConfig  stm32f7xx_hal_uart.o
    0x0801076e   0x00000060   Code   RO         1613    i.UART_CheckIdleState  stm32f7xx_hal_uart.o
    0x080107ce   0x00000014   Code   RO         1614    i.UART_DMAAbortOnError  stm32f7xx_hal_uart.o
    0x080107e2   0x0000007c   Code   RO         1620    i.UART_Receive_IT   stm32f7xx_hal_uart.o
    0x0801085e   0x00000002   PAD
    0x08010860   0x0000028c   Code   RO         1621    i.UART_SetConfig    stm32f7xx_hal_uart.o
    0x08010aec   0x00000074   Code   RO         1622    i.UART_WaitOnFlagUntilTimeout  stm32f7xx_hal_uart.o
    0x08010b60   0x0000006c   Code   RO         4610    i.USART1_IRQHandler  usart.o
    0x08010bcc   0x00000044   Code   RO         6701    i.USART2_IRQHandler  rs485.o
    0x08010c10   0x00000002   Code   RO          514    i.UsageFault_Handler  stm32f7xx_it.o
    0x08010c12   0x00000002   PAD
    0x08010c14   0x000000cc   Code   RO         5982    i.W25QXX_Init       w25qxx.o
    0x08010ce0   0x00000032   Code   RO         5985    i.W25QXX_Read       w25qxx.o
    0x08010d12   0x00000002   PAD
    0x08010d14   0x00000068   Code   RO         5987    i.W25QXX_ReadSR     w25qxx.o
    0x08010d7c   0x00000040   Code   RO         5991    i.W25QXX_Write_Enable  w25qxx.o
    0x08010dbc   0x0000005c   Code   RO         5994    i.W25QXX_Write_SR   w25qxx.o
    0x08010e18   0x00000066   Code   RO        11706    i.__hardfp_sqrt     m_wv.l(sqrt.o)
    0x08010e7e   0x0000000e   Code   RO        11636    i._is_digit         c_w.l(__printf_wp.o)
    0x08010e8c   0x00000002   Code   RO         4611    i._sys_exit         usart.o
    0x08010e8e   0x00000002   PAD
    0x08010e90   0x0000017c   Code   RO        10083    i._zbar_decode_code128  ATK_QR_V1.4.lib(code128.o)
    0x0801100c   0x00000166   Code   RO        11042    i._zbar_decode_code39  ATK_QR_V1.4.lib(code39.o)
    0x08011172   0x0000009c   Code   RO        11099    i._zbar_decode_ean  ATK_QR_V1.4.lib(ean.o)
    0x0801120e   0x00000102   Code   RO        11191    i._zbar_decode_i25  ATK_QR_V1.4.lib(i25.o)
    0x08011310   0x00000004   Code   RO        10187    i._zbar_decoder_get_qr_finder_line  ATK_QR_V1.4.lib(qr_finder.o)
    0x08011314   0x000000de   Code   RO        10188    i._zbar_find_qr     ATK_QR_V1.4.lib(qr_finder.o)
    0x080113f2   0x0000001e   Code   RO         9737    i._zbar_image_free  ATK_QR_V1.4.lib(image.o)
    0x08011410   0x0000002a   Code   RO         9738    i._zbar_image_refcnt  ATK_QR_V1.4.lib(image.o)
    0x0801143a   0x00000040   Code   RO         9916    i._zbar_image_scanner_add_sym  ATK_QR_V1.4.lib(img_scanner.o)
    0x0801147a   0x000000a6   Code   RO        10021    i._zbar_image_scanner_alloc_sym  ATK_QR_V1.4.lib(img_scanner.o)
    0x08011520   0x0000007c   Code   RO         9917    i._zbar_image_scanner_recycle_syms  ATK_QR_V1.4.lib(img_scanner.o)
    0x0801159c   0x00000034   Code   RO        10674    i._zbar_qr_create   ATK_QR_V1.4.lib(qrdec.o)
    0x080115d0   0x00000104   Code   RO        10675    i._zbar_qr_decode   ATK_QR_V1.4.lib(qrdec.o)
    0x080116d4   0x00000022   Code   RO        10676    i._zbar_qr_destroy  ATK_QR_V1.4.lib(qrdec.o)
    0x080116f6   0x0000004a   Code   RO        10677    i._zbar_qr_found_line  ATK_QR_V1.4.lib(qrdec.o)
    0x08011740   0x0000000c   Code   RO        10678    i._zbar_qr_reset    ATK_QR_V1.4.lib(qrdec.o)
    0x0801174c   0x00000002   Code   RO        10394    i._zbar_refcnt_init  ATK_QR_V1.4.lib(refcnt.o)
    0x0801174e   0x00000032   Code   RO        10504    i._zbar_symbol_free  ATK_QR_V1.4.lib(symbol.o)
    0x08011780   0x00000012   Code   RO        10505    i._zbar_symbol_refcnt  ATK_QR_V1.4.lib(symbol.o)
    0x08011792   0x00000022   Code   RO        10506    i._zbar_symbol_set_create  ATK_QR_V1.4.lib(symbol.o)
    0x080117b4   0x0000002a   Code   RO        10643    i._zbar_symbol_set_free  ATK_QR_V1.4.lib(symbol.o)
    0x080117de   0x0000001c   Code   RO         9609    i.atk_guess_utf8    ATK_QR_V1.4.lib(atk_zbar.o)
    0x080117fa   0x00000006   Code   RO         8734    i.atk_qr_convert    atk_qrdecode.o
    0x08011800   0x0000003e   Code   RO         9610    i.atk_qr_count_gbk  ATK_QR_V1.4.lib(atk_zbar.o)
    0x0801183e   0x00000062   Code   RO         9611    i.atk_qr_count_utf8  ATK_QR_V1.4.lib(atk_zbar.o)
    0x080118a0   0x00000134   Code   RO         9612    i.atk_qr_decode     ATK_QR_V1.4.lib(atk_zbar.o)
    0x080119d4   0x0000003c   Code   RO         9613    i.atk_qr_destroy    ATK_QR_V1.4.lib(atk_zbar.o)
    0x08011a10   0x00000008   Code   RO         8735    i.atk_qr_free       atk_qrdecode.o
    0x08011a18   0x00000078   Code   RO         9614    i.atk_qr_init       ATK_QR_V1.4.lib(atk_zbar.o)
    0x08011a90   0x00000008   Code   RO         8736    i.atk_qr_malloc     atk_qrdecode.o
    0x08011a98   0x00000004   Code   RO         8737    i.atk_qr_memcpy     atk_qrdecode.o
    0x08011a9c   0x00000004   Code   RO         8738    i.atk_qr_memset     atk_qrdecode.o
    0x08011aa0   0x0000000a   Code   RO         8739    i.atk_qr_realloc    atk_qrdecode.o
    0x08011aaa   0x000000a2   Code   RO         9615    i.atk_qr_utf8tounicode  ATK_QR_V1.4.lib(atk_zbar.o)
    0x08011b4c   0x00000088   Code   RO        11100    i.aux_end           ATK_QR_V1.4.lib(ean.o)
    0x08011bd4   0x0000009c   Code   RO        11101    i.aux_start         ATK_QR_V1.4.lib(ean.o)
    0x08011c70   0x0000007c   Code   RO        11253    i.bch15_5_calc_epos  ATK_QR_V1.4.lib(bch15_5.o)
    0x08011cec   0x00000070   Code   RO        11254    i.bch15_5_calc_omega  ATK_QR_V1.4.lib(bch15_5.o)
    0x08011d5c   0x0000009c   Code   RO        11255    i.bch15_5_calc_syndrome  ATK_QR_V1.4.lib(bch15_5.o)
    0x08011df8   0x00000050   Code   RO        11256    i.bch15_5_correct   ATK_QR_V1.4.lib(bch15_5.o)
    0x08011e48   0x00000044   Code   RO        11257    i.bch15_5_encode    ATK_QR_V1.4.lib(bch15_5.o)
    0x08011e8c   0x000000ce   Code   RO         9918    i.cache_sym         ATK_QR_V1.4.lib(img_scanner.o)
    0x08011f5a   0x00000036   Code   RO        10409    i.calc_thresh       ATK_QR_V1.4.lib(scanner.o)
    0x08011f90   0x0000000e   Code   RO        10247    i.code128_reset     ATK_QR_V1.4.lib(decoder.o)
    0x08011f9e   0x00000032   Code   RO        11043    i.code39_decode1    ATK_QR_V1.4.lib(code39.o)
    0x08011fd0   0x000000c0   Code   RO        11044    i.code39_decode9    ATK_QR_V1.4.lib(code39.o)
    0x08012090   0x0000008c   Code   RO        11045    i.code39_postprocess  ATK_QR_V1.4.lib(code39.o)
    0x0801211c   0x0000000e   Code   RO        10248    i.code39_reset      ATK_QR_V1.4.lib(decoder.o)
    0x0801212a   0x000000c8   Code   RO        11102    i.decode4           ATK_QR_V1.4.lib(ean.o)
    0x080121f2   0x00000002   PAD
    0x080121f4   0x000001fc   Code   RO        10084    i.decode6           ATK_QR_V1.4.lib(code128.o)
    0x080123f0   0x0000001c   Code   RO        10085    i.decode_e          ATK_QR_V1.4.lib(code128.o)
    0x0801240c   0x0000001c   Code   RO        10189    i.decode_e          ATK_QR_V1.4.lib(qr_finder.o)
    0x08012428   0x0000001c   Code   RO        11103    i.decode_e          ATK_QR_V1.4.lib(ean.o)
    0x08012444   0x0000001c   Code   RO        11192    i.decode_e          ATK_QR_V1.4.lib(i25.o)
    0x08012460   0x000000dc   Code   RO        10086    i.decode_hi         ATK_QR_V1.4.lib(code128.o)
    0x0801253c   0x00000104   Code   RO        11104    i.decode_pass       ATK_QR_V1.4.lib(ean.o)
    0x08012640   0x000000b4   Code   RO        10249    i.decoder_set_config_bool  ATK_QR_V1.4.lib(decoder.o)
    0x080126f4   0x0000004c   Code   RO         4500    i.delay_init        delay.o
    0x08012740   0x00000078   Code   RO         4501    i.delay_ms          delay.o
    0x080127b8   0x0000003c   Code   RO         4505    i.delay_us          delay.o
    0x080127f4   0x000000b4   Code   RO        11105    i.ean_expand_upce   ATK_QR_V1.4.lib(ean.o)
    0x080128a8   0x00000012   Code   RO        10250    i.ean_new_scan      ATK_QR_V1.4.lib(decoder.o)
    0x080128ba   0x00000002   PAD
    0x080128bc   0x000000d8   Code   RO        11106    i.ean_part_end7     ATK_QR_V1.4.lib(ean.o)
    0x08012994   0x00000054   Code   RO        11107    i.ean_verify_checksum  ATK_QR_V1.4.lib(ean.o)
    0x080129e8   0x00000078   Code   RO         9404    i.ff_convert        mycc936.o
    0x08012a60   0x0000003c   Code   RO         9517    i.font_init         fontupd.o
    0x08012a9c   0x00000014   Code   RO         4612    i.fputc             usart.o
    0x08012ab0   0x00000010   Code   RO        10087    i.get_width         ATK_QR_V1.4.lib(code128.o)
    0x08012ac0   0x00000010   Code   RO        10190    i.get_width         ATK_QR_V1.4.lib(qr_finder.o)
    0x08012ad0   0x00000010   Code   RO        11046    i.get_width         ATK_QR_V1.4.lib(code39.o)
    0x08012ae0   0x00000010   Code   RO        11108    i.get_width         ATK_QR_V1.4.lib(ean.o)
    0x08012af0   0x00000010   Code   RO        11193    i.get_width         ATK_QR_V1.4.lib(i25.o)
    0x08012b00   0x00000014   Code   RO        11258    i.gf16_hmul         ATK_QR_V1.4.lib(bch15_5.o)
    0x08012b14   0x0000001c   Code   RO        11259    i.gf16_mul          ATK_QR_V1.4.lib(bch15_5.o)
    0x08012b30   0x0000002a   Code   RO        11194    i.i25_decode1       ATK_QR_V1.4.lib(i25.o)
    0x08012b5a   0x00000070   Code   RO        11195    i.i25_decode10      ATK_QR_V1.4.lib(i25.o)
    0x08012bca   0x00000002   PAD
    0x08012bcc   0x0000010c   Code   RO        11196    i.i25_decode_end    ATK_QR_V1.4.lib(i25.o)
    0x08012cd8   0x000000aa   Code   RO        11197    i.i25_decode_start  ATK_QR_V1.4.lib(i25.o)
    0x08012d82   0x0000000e   Code   RO        10251    i.i25_reset         ATK_QR_V1.4.lib(decoder.o)
    0x08012d90   0x000001d6   Code   RO        11109    i.integrate_partial  ATK_QR_V1.4.lib(ean.o)
    0x08012f66   0x00000002   PAD
    0x08012f68   0x000000f0   Code   RO            6    i.interface_task    main.o
    0x08013058   0x00000128   Code   RO        11332    i.isaac_init        ATK_QR_V1.4.lib(isaac.o)
    0x08013180   0x0000008c   Code   RO        11333    i.isaac_mix         ATK_QR_V1.4.lib(isaac.o)
    0x0801320c   0x00000022   Code   RO        11334    i.isaac_next_uint   ATK_QR_V1.4.lib(isaac.o)
    0x0801322e   0x0000001c   Code   RO        11335    i.isaac_next_uint32  ATK_QR_V1.4.lib(isaac.o)
    0x0801324a   0x00000002   PAD
    0x0801324c   0x000001c6   Code   RO        11336    i.isaac_update      ATK_QR_V1.4.lib(isaac.o)
    0x08013412   0x00000002   PAD
    0x08013414   0x00000054   Code   RO            7    i.lidar_task        main.o
    0x08013468   0x000003a4   Code   RO            8    i.main              main.o
    0x0801380c   0x0000003c   Code   RO         9436    i.my_mem_init       malloc.o
    0x08013848   0x00000094   Code   RO         9437    i.my_mem_malloc     malloc.o
    0x080138dc   0x00000044   Code   RO         9438    i.my_mem_perused    malloc.o
    0x08013920   0x00000070   Code   RO         9439    i.myfree            malloc.o
    0x08013990   0x00000024   Code   RO         9440    i.mymalloc          malloc.o
    0x080139b4   0x00000014   Code   RO         9441    i.mymemcpy          malloc.o
    0x080139c8   0x00000010   Code   RO         9442    i.mymemset          malloc.o
    0x080139d8   0x0000004c   Code   RO         9443    i.myrealloc         malloc.o
    0x08013a24   0x000000cc   Code   RO            9    i.ov5640_task       main.o
    0x08013af0   0x0000001a   Code   RO        10191    i.pair_width        ATK_QR_V1.4.lib(qr_finder.o)
    0x08013b0a   0x00000002   PAD
    0x08013b0c   0x0000013c   Code   RO        10088    i.postprocess       ATK_QR_V1.4.lib(code128.o)
    0x08013c48   0x0000013c   Code   RO        11110    i.postprocess       ATK_QR_V1.4.lib(ean.o)
    0x08013d84   0x00000096   Code   RO        10089    i.postprocess_c     ATK_QR_V1.4.lib(code128.o)
    0x08013e1a   0x00000028   Code   RO        10410    i.process_edge      ATK_QR_V1.4.lib(scanner.o)
    0x08013e42   0x0000009c   Code   RO        10679    i.qr_aff_init       ATK_QR_V1.4.lib(qrdec.o)
    0x08013ede   0x000000c6   Code   RO        10680    i.qr_aff_line_step  ATK_QR_V1.4.lib(qrdec.o)
    0x08013fa4   0x00000040   Code   RO        10681    i.qr_aff_project    ATK_QR_V1.4.lib(qrdec.o)
    0x08013fe4   0x0000002c   Code   RO        10682    i.qr_aff_unproject  ATK_QR_V1.4.lib(qrdec.o)
    0x08014010   0x00000062   Code   RO        10683    i.qr_alignment_pattern_fetch  ATK_QR_V1.4.lib(qrdec.o)
    0x08014072   0x00000002   PAD
    0x08014074   0x00000450   Code   RO        10684    i.qr_alignment_pattern_search  ATK_QR_V1.4.lib(qrdec.o)
    0x080144c4   0x00000228   Code   RO        11301    i.qr_binarize       ATK_QR_V1.4.lib(binarize.o)
    0x080146ec   0x0000004a   Code   RO        10685    i.qr_cmp_edge_pt    ATK_QR_V1.4.lib(qrdec.o)
    0x08014736   0x00000002   PAD
    0x08014738   0x00000038   Code   RO        10686    i.qr_code_data_clear  ATK_QR_V1.4.lib(qrdec.o)
    0x08014770   0x0000002c   Code   RO        10687    i.qr_code_data_list_clear  ATK_QR_V1.4.lib(qrdec.o)
    0x0801479c   0x0000000a   Code   RO        10688    i.qr_code_data_list_init  ATK_QR_V1.4.lib(qrdec.o)
    0x080147a6   0x00000002   PAD
    0x080147a8   0x000003b0   Code   RO        10689    i.qr_code_data_parse  ATK_QR_V1.4.lib(qrdec.o)
    0x08014b58   0x000001d4   Code   RO        10690    i.qr_code_decode    ATK_QR_V1.4.lib(qrdec.o)
    0x08014d2c   0x0000020c   Code   RO        10691    i.qr_data_mask_fill  ATK_QR_V1.4.lib(qrdec.o)
    0x08014f38   0x00000078   Code   RO           10    i.qr_dcmi_rx_callback  main.o
    0x08014fb0   0x00000214   Code   RO           11    i.qr_decode         main.o
    0x080151c4   0x00000076   Code   RO        10692    i.qr_finder_center_cmp  ATK_QR_V1.4.lib(qrdec.o)
    0x0801523a   0x00000002   PAD
    0x0801523c   0x000000ec   Code   RO        10693    i.qr_finder_centers_locate  ATK_QR_V1.4.lib(qrdec.o)
    0x08015328   0x000001b4   Code   RO        10694    i.qr_finder_cluster_lines  ATK_QR_V1.4.lib(qrdec.o)
    0x080154dc   0x000000d0   Code   RO        10695    i.qr_finder_edge_pts_aff_classify  ATK_QR_V1.4.lib(qrdec.o)
    0x080155ac   0x0000008c   Code   RO        10696    i.qr_finder_edge_pts_fill  ATK_QR_V1.4.lib(qrdec.o)
    0x08015638   0x000000e8   Code   RO        10697    i.qr_finder_edge_pts_hom_classify  ATK_QR_V1.4.lib(qrdec.o)
    0x08015720   0x00000166   Code   RO        10698    i.qr_finder_estimate_module_size_and_version  ATK_QR_V1.4.lib(qrdec.o)
    0x08015886   0x00000002   PAD
    0x08015888   0x00000230   Code   RO        10699    i.qr_finder_find_crossings  ATK_QR_V1.4.lib(qrdec.o)
    0x08015ab8   0x000002fe   Code   RO        10700    i.qr_finder_fmt_info_decode  ATK_QR_V1.4.lib(qrdec.o)
    0x08015db6   0x0000002a   Code   RO        10701    i.qr_finder_lines_are_crossing  ATK_QR_V1.4.lib(qrdec.o)
    0x08015de0   0x00000158   Code   RO        10702    i.qr_finder_locate_crossing  ATK_QR_V1.4.lib(qrdec.o)
    0x08015f38   0x00000084   Code   RO        10703    i.qr_finder_quick_crossing_check  ATK_QR_V1.4.lib(qrdec.o)
    0x08015fbc   0x00000194   Code   RO        10704    i.qr_finder_ransac  ATK_QR_V1.4.lib(qrdec.o)
    0x08016150   0x00000164   Code   RO        10705    i.qr_finder_version_decode  ATK_QR_V1.4.lib(qrdec.o)
    0x080162b4   0x00000018   Code   RO        10707    i.qr_hamming_dist   ATK_QR_V1.4.lib(qrdec.o)
    0x080162cc   0x0000008c   Code   RO         9919    i.qr_handler        ATK_QR_V1.4.lib(img_scanner.o)
    0x08016358   0x00000060   Code   RO        10708    i.qr_hom_cell_fproject  ATK_QR_V1.4.lib(qrdec.o)
    0x080163b8   0x0000080c   Code   RO        10709    i.qr_hom_cell_init  ATK_QR_V1.4.lib(qrdec.o)
    0x08016bc4   0x00000048   Code   RO        10710    i.qr_hom_cell_project  ATK_QR_V1.4.lib(qrdec.o)
    0x08016c0c   0x00000ae6   Code   RO        10711    i.qr_hom_fit        ATK_QR_V1.4.lib(qrdec.o)
    0x080176f2   0x00000060   Code   RO        10712    i.qr_hom_fproject   ATK_QR_V1.4.lib(qrdec.o)
    0x08017752   0x00000784   Code   RO        10713    i.qr_hom_init       ATK_QR_V1.4.lib(qrdec.o)
    0x08017ed6   0x00000098   Code   RO        10714    i.qr_hom_unproject  ATK_QR_V1.4.lib(qrdec.o)
    0x08017f6e   0x00000002   PAD
    0x08017f70   0x000000b4   Code   RO        11474    i.qr_ihypot         ATK_QR_V1.4.lib(util.o)
    0x08018024   0x00000046   Code   RO        11475    i.qr_ilog           ATK_QR_V1.4.lib(util.o)
    0x0801806a   0x000000a4   Code   RO        10715    i.qr_img_get_bit    ATK_QR_V1.4.lib(qrdec.o)
    0x0801810e   0x00000002   PAD
    0x08018110   0x0000002a   Code   RO        11476    i.qr_isqrt          ATK_QR_V1.4.lib(util.o)
    0x0801813a   0x00000010   Code   RO        10716    i.qr_line_eval      ATK_QR_V1.4.lib(qrdec.o)
    0x0801814a   0x00000132   Code   RO        10717    i.qr_line_fit       ATK_QR_V1.4.lib(qrdec.o)
    0x0801827c   0x00000066   Code   RO        10718    i.qr_line_fit_finder_edge  ATK_QR_V1.4.lib(qrdec.o)
    0x080182e2   0x00000002   PAD
    0x080182e4   0x0000012c   Code   RO        10719    i.qr_line_fit_finder_pair  ATK_QR_V1.4.lib(qrdec.o)
    0x08018410   0x00000250   Code   RO        10720    i.qr_line_fit_points  ATK_QR_V1.4.lib(qrdec.o)
    0x08018660   0x00000020   Code   RO        10721    i.qr_line_orient    ATK_QR_V1.4.lib(qrdec.o)
    0x08018680   0x0000000e   Code   RO        10722    i.qr_pack_buf_avail  ATK_QR_V1.4.lib(qrdec.o)
    0x0801868e   0x00000068   Code   RO        10723    i.qr_pack_buf_read  ATK_QR_V1.4.lib(qrdec.o)
    0x080186f6   0x0000001e   Code   RO        10724    i.qr_point_ccw      ATK_QR_V1.4.lib(qrdec.o)
    0x08018714   0x00000014   Code   RO        10725    i.qr_point_distance2  ATK_QR_V1.4.lib(qrdec.o)
    0x08018728   0x0000000e   Code   RO        10726    i.qr_point_translate  ATK_QR_V1.4.lib(qrdec.o)
    0x08018736   0x00000002   PAD
    0x08018738   0x00000212   Code   RO        10727    i.qr_reader_match_centers  ATK_QR_V1.4.lib(qrdec.o)
    0x0801894a   0x00000002   PAD
    0x0801894c   0x000002f8   Code   RO        10728    i.qr_reader_try_configuration  ATK_QR_V1.4.lib(qrdec.o)
    0x08018c44   0x000001ac   Code   RO        10729    i.qr_samples_unpack  ATK_QR_V1.4.lib(qrdec.o)
    0x08018df0   0x00000054   Code   RO        10730    i.qr_sampling_grid_fp_mask_rect  ATK_QR_V1.4.lib(qrdec.o)
    0x08018e44   0x00000720   Code   RO        10731    i.qr_sampling_grid_init  ATK_QR_V1.4.lib(qrdec.o)
    0x08019564   0x00000154   Code   RO        10732    i.qr_sampling_grid_sample  ATK_QR_V1.4.lib(qrdec.o)
    0x080196b8   0x0000001a   Code   RO         9920    i.quiet_border      ATK_QR_V1.4.lib(img_scanner.o)
    0x080196d2   0x00000020   Code   RO         9921    i.recycle_syms      ATK_QR_V1.4.lib(img_scanner.o)
    0x080196f2   0x00000190   Code   RO        11386    i.rs_correct        ATK_QR_V1.4.lib(rs.o)
    0x08019882   0x00000118   Code   RO        11387    i.rs_cubic_solve    ATK_QR_V1.4.lib(rs.o)
    0x0801999a   0x00000002   PAD
    0x0801999c   0x000000a4   Code   RO        11389    i.rs_find_roots     ATK_QR_V1.4.lib(rs.o)
    0x08019a40   0x00000014   Code   RO        11390    i.rs_gdiv           ATK_QR_V1.4.lib(rs.o)
    0x08019a54   0x00000038   Code   RO        11391    i.rs_gf256_init     ATK_QR_V1.4.lib(rs.o)
    0x08019a8c   0x00000016   Code   RO        11392    i.rs_gmul           ATK_QR_V1.4.lib(rs.o)
    0x08019aa2   0x0000001c   Code   RO        11393    i.rs_gsqrt          ATK_QR_V1.4.lib(rs.o)
    0x08019abe   0x00000012   Code   RO        11394    i.rs_hgmul          ATK_QR_V1.4.lib(rs.o)
    0x08019ad0   0x0000018c   Code   RO        11395    i.rs_modified_berlekamp_massey  ATK_QR_V1.4.lib(rs.o)
    0x08019c5c   0x00000004   Code   RO        11396    i.rs_poly_zero      ATK_QR_V1.4.lib(rs.o)
    0x08019c60   0x000001d8   Code   RO        11397    i.rs_quadratic_solve  ATK_QR_V1.4.lib(rs.o)
    0x08019e38   0x0000015a   Code   RO        11398    i.rs_quartic_solve  ATK_QR_V1.4.lib(rs.o)
    0x08019f92   0x00000002   PAD
    0x08019f94   0x00000118   Code   RO           13    i.runing_task       main.o
    0x0801a0ac   0x0000003a   Code   RO        10090    i.size_buf          ATK_QR_V1.4.lib(code128.o)
    0x0801a0e6   0x00000002   PAD
    0x0801a0e8   0x000001f0   Code   RO           14    i.start_task        main.o
    0x0801a2d8   0x0000003a   Code   RO         9922    i.sym_add_point     ATK_QR_V1.4.lib(img_scanner.o)
    0x0801a312   0x000000e4   Code   RO         9923    i.symbol_handler    ATK_QR_V1.4.lib(img_scanner.o)
    0x0801a3f6   0x00000002   PAD
    0x0801a3f8   0x00000038   Code   RO         4613    i.uart_init         usart.o
    0x0801a430   0x00000040   Code   RO         6599    i.ultrasonic_init   ultrasonic.o
    0x0801a470   0x00000050   Code   RO           15    i.ultrasonic_task   main.o
    0x0801a4c0   0x00000094   Code   RO        10252    i.zbar_decode_width  ATK_QR_V1.4.lib(decoder.o)
    0x0801a554   0x00000068   Code   RO        10253    i.zbar_decoder_create  ATK_QR_V1.4.lib(decoder.o)
    0x0801a5bc   0x00000016   Code   RO        10254    i.zbar_decoder_destroy  ATK_QR_V1.4.lib(decoder.o)
    0x0801a5d2   0x00000004   Code   RO        10256    i.zbar_decoder_get_data  ATK_QR_V1.4.lib(decoder.o)
    0x0801a5d6   0x00000004   Code   RO        10257    i.zbar_decoder_get_data_length  ATK_QR_V1.4.lib(decoder.o)
    0x0801a5da   0x00000006   Code   RO        10258    i.zbar_decoder_get_type  ATK_QR_V1.4.lib(decoder.o)
    0x0801a5e0   0x00000004   Code   RO        10259    i.zbar_decoder_get_userdata  ATK_QR_V1.4.lib(decoder.o)
    0x0801a5e4   0x0000003c   Code   RO        10260    i.zbar_decoder_new_scan  ATK_QR_V1.4.lib(decoder.o)
    0x0801a620   0x0000003c   Code   RO        10261    i.zbar_decoder_reset  ATK_QR_V1.4.lib(decoder.o)
    0x0801a65c   0x000000c0   Code   RO        10262    i.zbar_decoder_set_config  ATK_QR_V1.4.lib(decoder.o)
    0x0801a71c   0x00000008   Code   RO        10263    i.zbar_decoder_set_handler  ATK_QR_V1.4.lib(decoder.o)
    0x0801a724   0x00000004   Code   RO        10264    i.zbar_decoder_set_userdata  ATK_QR_V1.4.lib(decoder.o)
    0x0801a728   0x0000002e   Code   RO         9740    i.zbar_image_create  ATK_QR_V1.4.lib(image.o)
    0x0801a756   0x00000002   PAD
    0x0801a758   0x0000004c   Code   RO         9879    i.zbar_image_free_data  ATK_QR_V1.4.lib(image.o)
    0x0801a7a4   0x00000064   Code   RO         9924    i.zbar_image_scanner_create  ATK_QR_V1.4.lib(img_scanner.o)
    0x0801a808   0x00000062   Code   RO         9925    i.zbar_image_scanner_destroy  ATK_QR_V1.4.lib(img_scanner.o)
    0x0801a86a   0x00000044   Code   RO        10015    i.zbar_image_scanner_recycle_image  ATK_QR_V1.4.lib(img_scanner.o)
    0x0801a8ae   0x0000004c   Code   RO         9928    i.zbar_image_scanner_set_config  ATK_QR_V1.4.lib(img_scanner.o)
    0x0801a8fa   0x0000001a   Code   RO         9752    i.zbar_image_set_data  ATK_QR_V1.4.lib(image.o)
    0x0801a914   0x00000004   Code   RO         9753    i.zbar_image_set_format  ATK_QR_V1.4.lib(image.o)
    0x0801a918   0x00000006   Code   RO         9755    i.zbar_image_set_size  ATK_QR_V1.4.lib(image.o)
    0x0801a91e   0x00000002   PAD
    0x0801a920   0x000002a8   Code   RO         9930    i.zbar_scan_image   ATK_QR_V1.4.lib(img_scanner.o)
    0x0801abc8   0x0000013a   Code   RO        10411    i.zbar_scan_y       ATK_QR_V1.4.lib(scanner.o)
    0x0801ad02   0x00000022   Code   RO        10412    i.zbar_scanner_create  ATK_QR_V1.4.lib(scanner.o)
    0x0801ad24   0x00000004   Code   RO        10413    i.zbar_scanner_destroy  ATK_QR_V1.4.lib(scanner.o)
    0x0801ad28   0x00000046   Code   RO        10484    i.zbar_scanner_flush  ATK_QR_V1.4.lib(scanner.o)
    0x0801ad6e   0x00000020   Code   RO        10415    i.zbar_scanner_get_edge  ATK_QR_V1.4.lib(scanner.o)
    0x0801ad8e   0x00000004   Code   RO        10417    i.zbar_scanner_get_width  ATK_QR_V1.4.lib(scanner.o)
    0x0801ad92   0x0000002a   Code   RO        10418    i.zbar_scanner_new_scan  ATK_QR_V1.4.lib(scanner.o)
    0x0801adbc   0x00000022   Code   RO        10419    i.zbar_scanner_reset  ATK_QR_V1.4.lib(scanner.o)
    0x0801adde   0x00000012   Code   RO        10523    i.zbar_symbol_set_ref  ATK_QR_V1.4.lib(symbol.o)
    0x0801adf0   0x0000000a   Code   RO        11909    x$fpl$fpinit        fz_wv.l(fpinit.o)
    0x0801adfa   0x00000000   Code   RO        11828    x$fpl$usenofp       fz_wv.l(usenofp.o)
    0x0801adfa   0x00000010   Data   RO          575    .constdata          system_stm32f7xx.o
    0x0801ae0a   0x00000008   Data   RO          576    .constdata          system_stm32f7xx.o
    0x0801ae12   0x00000008   Data   RO         1040    .constdata          stm32f7xx_hal_dma.o
    0x0801ae1a   0x00004740   Data   RO         4917    .constdata          lcd.o
    0x0801f55a   0x000014e3   Data   RO         5584    .constdata          ov5640.o
    0x08020a3d   0x00000001   PAD
    0x08020a3e   0x0000000a   Data   RO         6236    .constdata          ft5206.o
    0x08020a48   0x000000c2   Data   RO         6282    .constdata          gt9147.o
    0x08020b0a   0x000000ce   Data   RO         6334    .constdata          gt9271.o
    0x08020bd8   0x0000000a   Data   RO         6384    .constdata          ott2001a.o
    0x08020be2   0x00000002   PAD
    0x08020be4   0x00000004   Data   RO         6442    .constdata          touch.o
    0x08020be8   0x00000004   Data   RO         7462    .constdata          os_cfg_app.o
    0x08020bec   0x00000004   Data   RO         7463    .constdata          os_cfg_app.o
    0x08020bf0   0x00000004   Data   RO         7464    .constdata          os_cfg_app.o
    0x08020bf4   0x00000004   Data   RO         7473    .constdata          os_cfg_app.o
    0x08020bf8   0x00000004   Data   RO         7474    .constdata          os_cfg_app.o
    0x08020bfc   0x00000002   Data   RO         7476    .constdata          os_cfg_app.o
    0x08020bfe   0x00000002   PAD
    0x08020c00   0x00000004   Data   RO         7478    .constdata          os_cfg_app.o
    0x08020c04   0x00000001   Data   RO         7479    .constdata          os_cfg_app.o
    0x08020c05   0x00000003   PAD
    0x08020c08   0x00000004   Data   RO         7480    .constdata          os_cfg_app.o
    0x08020c0c   0x00000004   Data   RO         7481    .constdata          os_cfg_app.o
    0x08020c10   0x00000004   Data   RO         7482    .constdata          os_cfg_app.o
    0x08020c14   0x00000004   Data   RO         7483    .constdata          os_cfg_app.o
    0x08020c18   0x00000004   Data   RO         7485    .constdata          os_cfg_app.o
    0x08020c1c   0x00000004   Data   RO         7486    .constdata          os_cfg_app.o
    0x08020c20   0x00000001   Data   RO         7487    .constdata          os_cfg_app.o
    0x08020c21   0x00000003   PAD
    0x08020c24   0x00000004   Data   RO         7488    .constdata          os_cfg_app.o
    0x08020c28   0x00000004   Data   RO         7489    .constdata          os_cfg_app.o
    0x08020c2c   0x00000004   Data   RO         7490    .constdata          os_cfg_app.o
    0x08020c30   0x00000001   Data   RO         7492    .constdata          os_cfg_app.o
    0x08020c31   0x00000003   PAD
    0x08020c34   0x00000004   Data   RO         7493    .constdata          os_cfg_app.o
    0x08020c38   0x00000004   Data   RO         7494    .constdata          os_cfg_app.o
    0x08020c3c   0x00000004   Data   RO         7495    .constdata          os_cfg_app.o
    0x08020c40   0x00000004   Data   RO         7496    .constdata          os_cfg_app.o
    0x08020c44   0x00000024   Data   RO         9450    .constdata          malloc.o
    0x08020c68   0x000001b4   Data   RO        10092    .constdata          ATK_QR_V1.4.lib(code128.o)
    0x08020e1c   0x00000244   Data   RO        10733    .constdata          ATK_QR_V1.4.lib(qrdec.o)
    0x08021060   0x000000d0   Data   RO        11047    .constdata          ATK_QR_V1.4.lib(code39.o)
    0x08021130   0x00000034   Data   RO        11111    .constdata          ATK_QR_V1.4.lib(ean.o)
    0x08021164   0x0000002f   Data   RO        11260    .constdata          ATK_QR_V1.4.lib(bch15_5.o)
    0x08021193   0x00000008   Data   RO        11337    .constdata          ATK_QR_V1.4.lib(isaac.o)
    0x0802119b   0x00000028   Data   RO        11618    .constdata          c_w.l(_printf_hex_int_ptr.o)
    0x080211c3   0x00000011   Data   RO        11644    .constdata          c_w.l(__printf_flags_ss_wp.o)
    0x080211d4   0x00000079   Data   RO         6443    .conststring        touch.o
    0x0802124d   0x00000003   PAD
    0x08021250   0x00000020   Data   RO        12011    Region$$Table       anon$$obj.o


    Execution Region RW_IRAM1 (Base: 0x20020000, Size: 0x00030958, Max: 0x00060000, ABSOLUTE, COMPRESSED[0x00000048])

    Base Addr    Size         Type   Attr      Idx    E Section Name        Object

    0x20020000   0x00000018   Data   RW           17    .data               main.o
    0x20020018   0x00000004   Data   RW          577    .data               system_stm32f7xx.o
    0x2002001c   0x00000004   Data   RW          764    .data               stm32f7xx_hal.o
    0x20020020   0x00000008   Data   RW         4506    .data               delay.o
    0x20020028   0x00000004   Data   RW         4615    .data               usart.o
    0x2002002c   0x00000004   Data   RW         4616    .data               usart.o
    0x20020030   0x00000008   Data   RW         4710    .data               dcmi.o
    0x20020038   0x00000001   Data   RW         4854    .data               key.o
    0x20020039   0x00000003   PAD
    0x2002003c   0x00000008   Data   RW         4918    .data               lcd.o
    0x20020044   0x00000008   Data   RW         5121    .data               ltdc.o
    0x2002004c   0x00000004   Data   RW         5996    .data               w25qxx.o
    0x20020050   0x00000001   Data   RW         6237    .data               ft5206.o
    0x20020051   0x00000001   Data   RW         6283    .data               gt9147.o
    0x20020052   0x00000001   Data   RW         6335    .data               gt9271.o
    0x20020053   0x00000001   Data   RW         6385    .data               ott2001a.o
    0x20020054   0x0000004c   Data   RW         6444    .data               touch.o
    0x200200a0   0x00000008   Data   RW         6632    .data               timer.o
    0x200200a8   0x00000001   Data   RW         6703    .data               rs485.o
    0x200200a9   0x00000003   PAD
    0x200200ac   0x0000001c   Data   RW         6878    .data               cpu_core.o
    0x200200c8   0x00000008   Data   RW         7975    .data               os_prio.o
    0x200200d0   0x00000004   Data   RW         8499    .data               os_var.o
    0x200200d4   0x00000004   Data   RW         8500    .data               os_var.o
    0x200200d8   0x00000004   Data   RW         8501    .data               os_var.o
    0x200200dc   0x00000004   Data   RW         8502    .data               os_var.o
    0x200200e0   0x00000004   Data   RW         8503    .data               os_var.o
    0x200200e4   0x00000004   Data   RW         8504    .data               os_var.o
    0x200200e8   0x00000004   Data   RW         8505    .data               os_var.o
    0x200200ec   0x00000004   Data   RW         8506    .data               os_var.o
    0x200200f0   0x00000001   Data   RW         8507    .data               os_var.o
    0x200200f1   0x00000003   PAD
    0x200200f4   0x00000004   Data   RW         8508    .data               os_var.o
    0x200200f8   0x00000001   Data   RW         8509    .data               os_var.o
    0x200200f9   0x00000003   PAD
    0x200200fc   0x00000004   Data   RW         8510    .data               os_var.o
    0x20020100   0x00000002   Data   RW         8511    .data               os_var.o
    0x20020102   0x00000002   PAD
    0x20020104   0x00000004   Data   RW         8512    .data               os_var.o
    0x20020108   0x00000002   Data   RW         8513    .data               os_var.o
    0x2002010a   0x00000002   PAD
    0x2002010c   0x00000004   Data   RW         8514    .data               os_var.o
    0x20020110   0x00000002   Data   RW         8515    .data               os_var.o
    0x20020112   0x00000001   Data   RW         8516    .data               os_var.o
    0x20020113   0x00000001   Data   RW         8517    .data               os_var.o
    0x20020114   0x00000001   Data   RW         8518    .data               os_var.o
    0x20020115   0x00000003   PAD
    0x20020118   0x00000004   Data   RW         8519    .data               os_var.o
    0x2002011c   0x00000002   Data   RW         8520    .data               os_var.o
    0x2002011e   0x00000001   Data   RW         8521    .data               os_var.o
    0x2002011f   0x00000001   PAD
    0x20020120   0x00000004   Data   RW         8522    .data               os_var.o
    0x20020124   0x00000002   Data   RW         8523    .data               os_var.o
    0x20020126   0x00000001   Data   RW         8524    .data               os_var.o
    0x20020127   0x00000001   PAD
    0x20020128   0x00000002   Data   RW         8525    .data               os_var.o
    0x2002012a   0x00000002   Data   RW         8526    .data               os_var.o
    0x2002012c   0x00000004   Data   RW         8527    .data               os_var.o
    0x20020130   0x00000004   Data   RW         8528    .data               os_var.o
    0x20020134   0x00000004   Data   RW         8529    .data               os_var.o
    0x20020138   0x00000001   Data   RW         8530    .data               os_var.o
    0x20020139   0x00000003   PAD
    0x2002013c   0x00000004   Data   RW         8531    .data               os_var.o
    0x20020140   0x00000004   Data   RW         8532    .data               os_var.o
    0x20020144   0x00000004   Data   RW         8533    .data               os_var.o
    0x20020148   0x00000002   Data   RW         8534    .data               os_var.o
    0x2002014a   0x00000001   Data   RW         8535    .data               os_var.o
    0x2002014b   0x00000001   PAD
    0x2002014c   0x00000004   Data   RW         8536    .data               os_var.o
    0x20020150   0x00000004   Data   RW         8537    .data               os_var.o
    0x20020154   0x00000008   Data   RW         8538    .data               os_var.o
    0x2002015c   0x00000008   Data   RW         8539    .data               os_var.o
    0x20020164   0x00000004   Data   RW         8540    .data               os_var.o
    0x20020168   0x00000002   Data   RW         8541    .data               os_var.o
    0x2002016a   0x00000002   PAD
    0x2002016c   0x00000004   Data   RW         8542    .data               os_var.o
    0x20020170   0x00000004   Data   RW         8544    .data               os_var.o
    0x20020174   0x00000004   Data   RW         8545    .data               os_var.o
    0x20020178   0x00000004   Data   RW         8546    .data               os_var.o
    0x2002017c   0x00000004   Data   RW         8547    .data               os_var.o
    0x20020180   0x00000004   Data   RW         8548    .data               os_var.o
    0x20020184   0x00000004   Data   RW         8549    .data               os_var.o
    0x20020188   0x00000004   Data   RW         8573    .data               os_cpu_c.o
    0x2002018c   0x00000024   Data   RW         9451    .data               malloc.o
    0x200201b0   0x00000010   Data   RW         9617    .data               ATK_QR_V1.4.lib(atk_zbar.o)
    0x200201c0   0x00000008   Data   RW        10094    .data               ATK_QR_V1.4.lib(code128.o)
    0x200201c8   0x00003e00   Zero   RW           16    .bss                main.o
    0x20023fc8   0x00000138   Zero   RW         4614    .bss                usart.o
    0x20024100   0x000000b0   Zero   RW         4709    .bss                dcmi.o
    0x200241b0   0x0000005a   Zero   RW         4916    .bss                lcd.o
    0x2002420a   0x00000002   PAD
    0x2002420c   0x000000c8   Zero   RW         5119    .bss                ltdc.o
    0x200242d4   0x00000044   Zero   RW         5816    .bss                qspi.o
    0x20024318   0x00000034   Zero   RW         5927    .bss                sdram.o
    0x2002434c   0x00000078   Zero   RW         6631    .bss                timer.o
    0x200243c4   0x000000b0   Zero   RW         6702    .bss                rs485.o
    0x20024474   0x00000010   Zero   RW         6875    .bss                cpu_core.o
    0x20024484   0x00000200   Zero   RW         7456    .bss                os_cfg_app.o
    0x20024684   0x00000190   Zero   RW         7457    .bss                os_cfg_app.o
    0x20024814   0x00000640   Zero   RW         7458    .bss                os_cfg_app.o
    0x20024e54   0x00000190   Zero   RW         7459    .bss                os_cfg_app.o
    0x20024fe4   0x00000200   Zero   RW         7460    .bss                os_cfg_app.o
    0x200251e4   0x00000200   Zero   RW         7461    .bss                os_cfg_app.o
    0x200253e4   0x000000c0   Zero   RW         8492    .bss                os_var.o
    0x200254a4   0x0000000c   Zero   RW         8493    .bss                os_var.o
    0x200254b0   0x00000300   Zero   RW         8494    .bss                os_var.o
    0x200257b0   0x000000c0   Zero   RW         8495    .bss                os_var.o
    0x20025870   0x000000c0   Zero   RW         8496    .bss                os_var.o
    0x20025930   0x00000030   Zero   RW         8497    .bss                os_var.o
    0x20025960   0x000000c0   Zero   RW         8498    .bss                os_var.o
    0x20025a20   0x00028000   Zero   RW         9448    .bss                malloc.o
    0x2004da20   0x00002800   Zero   RW         9449    .bss                malloc.o
    0x20050220   0x00000029   Zero   RW         9521    .bss                fontupd.o
    0x20050249   0x00000003   PAD
    0x2005024c   0x00000014   Zero   RW         9616    .bss                ATK_QR_V1.4.lib(atk_zbar.o)
    0x20050260   0x00000096   Zero   RW        10091    .bss                ATK_QR_V1.4.lib(code128.o)
    0x200502f6   0x00000002   PAD
    0x200502f8   0x00000060   Zero   RW        11860    .bss                c_w.l(libspace.o)
    0x20050358   0x00000200   Zero   RW          730    HEAP                startup_stm32f767xx.o
    0x20050558   0x00000400   Zero   RW          729    STACK               startup_stm32f767xx.o



  Load Region LR$$.ARM.__AT_0x20000000 (Base: 0x20000000, Size: 0x00000000, Max: 0x0000f000, ABSOLUTE)

    Execution Region ER$$.ARM.__AT_0x20000000 (Base: 0x20000000, Size: 0x0000f000, Max: 0x0000f000, ABSOLUTE, UNINIT)

    Base Addr    Size         Type   Attr      Idx    E Section Name        Object

    0x20000000   0x0000f000   Zero   RW         9444    .ARM.__AT_0x20000000  malloc.o



  Load Region LR$$.ARM.__AT_0x2000F000 (Base: 0x2000f000, Size: 0x00000000, Max: 0x00000f00, ABSOLUTE)

    Execution Region ER$$.ARM.__AT_0x2000F000 (Base: 0x2000f000, Size: 0x00000f00, Max: 0x00000f00, ABSOLUTE, UNINIT)

    Base Addr    Size         Type   Attr      Idx    E Section Name        Object

    0x2000f000   0x00000f00   Zero   RW         9445    .ARM.__AT_0x2000F000  malloc.o



  Load Region LR$$.ARM.__AT_0xC0000000 (Base: 0xc0000000, Size: 0x00000000, Max: 0x001f4000, ABSOLUTE)

    Execution Region ER$$.ARM.__AT_0xC0000000 (Base: 0xc0000000, Size: 0x001f4000, Max: 0x001f4000, ABSOLUTE, UNINIT)

    Base Addr    Size         Type   Attr      Idx    E Section Name        Object

    0xc0000000   0x001f4000   Zero   RW         5118    .ARM.__AT_0xC0000000  ltdc.o



  Load Region LR$$.ARM.__AT_0xC01F4000 (Base: 0xc01f4000, Size: 0x00000000, Max: 0x01c3c000, ABSOLUTE)

    Execution Region ER$$.ARM.__AT_0xC01F4000 (Base: 0xc01f4000, Size: 0x01c3c000, Max: 0x01c3c000, ABSOLUTE, UNINIT)

    Base Addr    Size         Type   Attr      Idx    E Section Name        Object

    0xc01f4000   0x01c3c000   Zero   RW         9446    .ARM.__AT_0xC01F4000  malloc.o



  Load Region LR$$.ARM.__AT_0xC1E30000 (Base: 0xc1e30000, Size: 0x00000000, Max: 0x001c3c00, ABSOLUTE)

    Execution Region ER$$.ARM.__AT_0xC1E30000 (Base: 0xc1e30000, Size: 0x001c3c00, Max: 0x001c3c00, ABSOLUTE, UNINIT)

    Base Addr    Size         Type   Attr      Idx    E Section Name        Object

    0xc1e30000   0x001c3c00   Zero   RW         9447    .ARM.__AT_0xC1E30000  malloc.o


==============================================================================

Image component sizes


      Code (inc. data)   RO Data    RW Data    ZI Data      Debug   Object Name

       338          0          0          0          0       3711   24cxx.o
        40          0          0          0          0       3196   atk_qrdecode.o
        60         16          0          0          0      11482   bsp.o
        52          0          0          0          0        364   cpu_a.o
       304         36          0         28         16       7089   cpu_core.o
       812         60          0          0          0       4775   ctiic.o
       836        142          0          8        176      37258   dcmi.o
       292         34          0          8          0       3655   delay.o
        60          4          0          0         41       2307   fontupd.o
       846         48         10          1          0       4207   ft5206.o
      1074         82        194          1          0       4502   gt9147.o
      1158         80        206          1          0       4618   gt9271.o
       360         32          0          1          0       1882   key.o
     23508        310      18240          8         90      89469   lcd.o
        76          8          0          0          0        935   led.o
        70          0          0          0          0      13492   lib_mem.o
      1532        132          0          8    2048200       9584   ltdc.o
      3260        578          0         24      15872     530797   main.o
       536         56         36         36   31695616       7275   malloc.o
       120         56          0          0          0      32219   mpu.o
       120          4          0          0          0        849   mycc936.o
       764         32          0          0          0       4382   myiic.o
         2          0         81          0       3936      19285   os_cfg_app.o
      2482        360          0          0          0      16436   os_core.o
       280         14          0          0          0        456   os_cpu_a.o
       716        160          0          4          0      25636   os_cpu_c.o
         2          0          0          0          0        978   os_dbg.o
        24         10          0          0          0       1202   os_flag.o
        24         10          0          0          0       1012   os_mem.o
       166         16          0          0          0       2272   os_msg.o
      1066         62          0          0          0       6605   os_mutex.o
       136         20          0          8          0       2990   os_prio.o
        24         10          0          0          0       1335   os_q.o
        24         10          0          0          0       1150   os_sem.o
      1248        204          0          0          0       3959   os_stat.o
      2266        162          0          0          0      11860   os_task.o
      1008         86          0          0          0       5107   os_tick.o
       420         38          0          0          0       2641   os_time.o
       516        134          0          0          0       2510   os_tmr.o
         0          0          0        163       1596      17818   os_var.o
       838         72         10          1          0       3783   ott2001a.o
      1554         52       5347          0          0      10575   ov5640.o
       208         10          0          0          0       2069   pcf8574.o
       356         44          0          0         68       3889   qspi.o
        68         14          0          1        176       1427   rs485.o
       528         28          0          0          0       4450   sccb.o
       448         40          0          0         52       3072   sdram.o
       104         34        504          0       1536        876   startup_stm32f767xx.o
       106         22          0          4          0       3941   stm32f7xx_hal.o
       310         22          0          0          0      36400   stm32f7xx_hal_cortex.o
       402         12          0          0          0       4686   stm32f7xx_hal_dcmi.o
       638         20          8          0          0       4519   stm32f7xx_hal_dma.o
       124          0          0          0          0       1545   stm32f7xx_hal_dma_ex.o
       588         16          0          0          0       3680   stm32f7xx_hal_gpio.o
       980          6          0          0          0       4481   stm32f7xx_hal_ltdc.o
       124         10          0          0          0       1344   stm32f7xx_hal_pwr_ex.o
      1394          4          0          0          0       6414   stm32f7xx_hal_qspi.o
       648         70          0          0          0       4382   stm32f7xx_hal_rcc.o
      2844         62          0          0          0       3836   stm32f7xx_hal_rcc_ex.o
       148          0          0          0          0       2708   stm32f7xx_hal_sdram.o
        86          0          0          0          0       1208   stm32f7xx_hal_sram.o
      1302         20          0          0          0      10289   stm32f7xx_hal_tim.o
         4          0          0          0          0       1974   stm32f7xx_hal_tim_ex.o
      2390         40          0          0          0      12091   stm32f7xx_hal_uart.o
        12          0          0          0          0       2879   stm32f7xx_it.o
       630         12          0          0          0       5816   stm32f7xx_ll_fmc.o
       284         26          0          0          0      33493   sys.o
        88         24         24          4          0       1195   system_stm32f7xx.o
       580         14          0          0          0       2917   text.o
       384         44          0          8        120       4477   timer.o
      3572        254        125         76          0      10981   touch.o
        64         10          0          0          0       1010   ultrasonic.o
       406         66          0          8        312       5742   usart.o
       514         16          0          4          0       4787   w25qxx.o

    ----------------------------------------------------------------------
     69432       4078      24834        432   33767812    1108236   Object Totals
         0          0         32          0          0          0   (incl. Generated)
        84          8         17         27          5          0   (incl. Padding)

    ----------------------------------------------------------------------

      Code (inc. data)   RO Data    RW Data    ZI Data      Debug   Library Member Name

       838         40          0         16         20      15977   atk_zbar.o
       588         26         47          0          0       6195   bch15_5.o
       552          0          0          0          0       1610   binarize.o
      1676         16        436          8        150      15965   code128.o
       756         20        208          0          0      11441   code39.o
       856         10          0          0          0      19072   decoder.o
      2218         30         52          0          0      18707   ean.o
       894         14          0          0          0      12055   i25.o
       230          0          0          0          0      11156   image.o
      2066         36          0          0          0      25877   img_scanner.o
       952         10          8          0          0       5039   isaac.o
       296          0          0          0          0       8973   qr_finder.o
     21422         74        580          0          0      94503   qrdec.o
         2          0          0          0          0        492   refcnt.o
      2206          0          0          0          0      14609   rs.o
       628          0          0          0          0      11496   scanner.o
       162          0          0          0          0       8778   symbol.o
       292          4          0          0          0       2089   util.o
        24          4          0          0          0         84   __2printf.o
        58          0          0          0          0          0   __dczerorl.o
         8          0          0          0          0         68   __main.o
       392          4         17          0          0         92   __printf_flags_ss_wp.o
        14          0          0          0          0         68   __printf_wp.o
         0          0          0          0          0          0   __rtentry.o
        12          0          0          0          0          0   __rtentry2.o
         6          0          0          0          0          0   __rtentry4.o
        52          8          0          0          0          0   __scatter.o
        28          0          0          0          0          0   __scatter_zi.o
        44          0          0          0          0        108   _printf_char.o
        48          6          0          0          0         96   _printf_char_common.o
        36          4          0          0          0         80   _printf_char_file.o
         6          0          0          0          0          0   _printf_d.o
       120         16          0          0          0         92   _printf_dec.o
       124          4         40          0          0        144   _printf_hex_int_ptr.o
       178          0          0          0          0         88   _printf_intcommon.o
         0          0          0          0          0          0   _printf_percent.o
         4          0          0          0          0          0   _printf_percent_end.o
         6          0          0          0          0          0   _printf_s.o
        82          0          0          0          0         80   _printf_str.o
         6          0          0          0          0          0   _printf_x.o
        22          0          0          0          0        100   _rserrno.o
        12          0          0          0          0         72   exit.o
         8          0          0          0          0         68   ferror.o
         6          0          0          0          0        152   heapauxi.o
         2          0          0          0          0          0   libinit.o
         6          0          0          0          0          0   libinit2.o
         2          0          0          0          0          0   libshutdown.o
         2          0          0          0          0          0   libshutdown2.o
         8          4          0          0         96         68   libspace.o
        72          0          0          0          0         76   llsdiv.o
        38          0          0          0          0         68   llsshr.o
       238          0          0          0          0        100   lludivv7m.o
        88          0          0          0          0         76   memcmp.o
       612          0          0          0          0        136   qsortnoex.o
         8          4          0          0          0         68   rt_errno_addr_intlibspace.o
        68          0          0          0          0         68   rt_memclr.o
        78          0          0          0          0         80   rt_memclr_w.o
       138          0          0          0          0         68   rt_memcpy_v6.o
       100          0          0          0          0         80   rt_memcpy_w.o
       132          0          0          0          0         68   rt_memmove_v6.o
       122          0          0          0          0         80   rt_memmove_w.o
         2          0          0          0          0          0   rtexit.o
        10          0          0          0          0          0   rtexit2.o
       104          0          0          0          0         68   strcmpv7m_pel.o
        72          0          0          0          0         80   strcpy.o
        62          0          0          0          0         76   strlen.o
        74          0          0          0          0         80   sys_stackheap_outer.o
         2          0          0          0          0         68   use_no_semi.o
         2          0          0          0          0         68   use_no_semi_2.o
        10          0          0          0          0        116   fpinit.o
         0          0          0          0          0          0   usenofp.o
       102          0          0          0          0        140   sqrt.o

    ----------------------------------------------------------------------
     40138        334       1388         24        268     287158   Library Totals
        54          0          0          0          2          0   (incl. Padding)

    ----------------------------------------------------------------------

      Code (inc. data)   RO Data    RW Data    ZI Data      Debug   Library Name

     36634        280       1331         24        170     284034   ATK_QR_V1.4.lib
      3338         54         57          0         96       2868   c_w.l
        10          0          0          0          0        116   fz_wv.l
       102          0          0          0          0        140   m_wv.l

    ----------------------------------------------------------------------
     40138        334       1388         24        268     287158   Library Totals

    ----------------------------------------------------------------------

==============================================================================


      Code (inc. data)   RO Data    RW Data    ZI Data      Debug   

    109570       4412      26222        456   33768080    1342234   Grand Totals
    109570       4412      26222         72   33768080    1342234   ELF Image Totals (compressed)
    109570       4412      26222         72          0          0   ROM Totals

==============================================================================

    Total RO  Size (Code + RO Data)               135792 ( 132.61kB)
    Total RW  Size (RW Data + ZI Data)          33768536 (32977.09kB)
    Total ROM Size (Code + RO Data + RW Data)     135864 ( 132.68kB)

==============================================================================

