Component: ARM Compiler 5.05 update 1 (build 106) Tool: armlink [4d0efa]

==============================================================================

Section Cross References

    main.o(i.AGV_guide_task) refers to key.o(i.KEY_Scan) for KEY_Scan
    main.o(i.AGV_guide_task) refers to lcd.o(i.LCD_ShowxNum) for LCD_ShowxNum
    main.o(i.AGV_guide_task) refers to rs485.o(i.RS485_Send_Data) for RS485_Send_Data
    main.o(i.AGV_guide_task) refers to rs485.o(i.RS485_Receive_Data) for RS485_Receive_Data
    main.o(i.AGV_guide_task) refers to os_time.o(i.OSTimeDlyHMSM) for OSTimeDlyHMSM
    main.o(i.RFID_task) refers to lcd.o(i.LCD_ShowString) for LCD_ShowString
    main.o(i.RFID_task) refers to lcd.o(i.LCD_ShowChar) for LCD_ShowChar
    main.o(i.RFID_task) refers to os_time.o(i.OSTimeDlyHMSM) for OSTimeDlyHMSM
    main.o(i.RFID_task) refers to usart.o(.bss) for USART_RX_BUF
    main.o(i.RFID_task) refers to usart.o(.data) for USART_RX_STA
    main.o(i.RFID_task) refers to touch.o(.data) for tp_dev
    main.o(i.RFID_task) refers to main.o(.data) for .data
    main.o(i.interface_task) refers to lcd.o(i.LCD_Clear) for LCD_Clear
    main.o(i.interface_task) refers to lcd.o(i.LCD_DrawRectangle) for LCD_DrawRectangle
    main.o(i.interface_task) refers to lcd.o(i.LCD_ShowString) for LCD_ShowString
    main.o(i.interface_task) refers to os_task.o(i.OSTaskSuspend) for OSTaskSuspend
    main.o(i.interface_task) refers to touch.o(.data) for tp_dev
    main.o(i.interface_task) refers to main.o(.bss) for .bss
    main.o(i.lidar_task) refers to lcd.o(i.LCD_ShowString) for LCD_ShowString
    main.o(i.lidar_task) refers to os_time.o(i.OSTimeDlyHMSM) for OSTimeDlyHMSM
    main.o(i.lidar_task) refers to touch.o(.data) for tp_dev
    main.o(i.lidar_task) refers to main.o(.data) for .data
    main.o(i.main) refers to sys.o(i.Cache_Enable) for Cache_Enable
    main.o(i.main) refers to stm32f7xx_hal.o(i.HAL_Init) for HAL_Init
    main.o(i.main) refers to sys.o(i.Stm32_Clock_Init) for Stm32_Clock_Init
    main.o(i.main) refers to delay.o(i.delay_init) for delay_init
    main.o(i.main) refers to usart.o(i.uart_init) for uart_init
    main.o(i.main) refers to led.o(i.LED_Init) for LED_Init
    main.o(i.main) refers to key.o(i.KEY_Init) for KEY_Init
    main.o(i.main) refers to sdram.o(i.SDRAM_Init) for SDRAM_Init
    main.o(i.main) refers to lcd.o(i.LCD_Init) for LCD_Init
    main.o(i.main) refers to rs485.o(i.RS485_Init) for RS485_Init
    main.o(i.main) refers to ultrasonic.o(i.ultrasonic_init) for ultrasonic_init
    main.o(i.main) refers to w25qxx.o(i.W25QXX_Init) for W25QXX_Init
    main.o(i.main) refers to malloc.o(i.my_mem_init) for my_mem_init
    main.o(i.main) refers to timer.o(i.TIM5_CH1_Cap_Init) for TIM5_CH1_Cap_Init
    main.o(i.main) refers to lcd.o(i.LCD_Clear) for LCD_Clear
    main.o(i.main) refers to fontupd.o(i.font_init) for font_init
    main.o(i.main) refers to lcd.o(i.LCD_ShowString) for LCD_ShowString
    main.o(i.main) refers to os_time.o(i.OSTimeDlyHMSM) for OSTimeDlyHMSM
    main.o(i.main) refers to lcd.o(i.LCD_Fill) for LCD_Fill
    main.o(i.main) refers to os_core.o(i.OSInit) for OSInit
    main.o(i.main) refers to cpu_a.o(.text) for CPU_SR_Save
    main.o(i.main) refers to cpu_core.o(i.CPU_IntDisMeasStart) for CPU_IntDisMeasStart
    main.o(i.main) refers to os_task.o(i.OSTaskCreate) for OSTaskCreate
    main.o(i.main) refers to cpu_core.o(i.CPU_IntDisMeasStop) for CPU_IntDisMeasStop
    main.o(i.main) refers to os_core.o(i.OSStart) for OSStart
    main.o(i.main) refers to usmart_config.o(.data) for usmart_dev
    main.o(i.main) refers to touch.o(.data) for tp_dev
    main.o(i.main) refers to lcd.o(.data) for POINT_COLOR
    main.o(i.main) refers to main.o(.bss) for .bss
    main.o(i.main) refers to main.o(i.start_task) for start_task
    main.o(i.ov5640_task) refers to os_time.o(i.OSTimeDlyHMSM) for OSTimeDlyHMSM
    main.o(i.ov5640_task) refers to ltdc.o(i.LTDC_Color_Fill) for LTDC_Color_Fill
    main.o(i.ov5640_task) refers to lcd.o(i.LCD_Color_Fill) for LCD_Color_Fill
    main.o(i.ov5640_task) refers to main.o(i.qr_decode) for qr_decode
    main.o(i.ov5640_task) refers to __2printf.o(.text) for __2printf
    main.o(i.ov5640_task) refers to main.o(.data) for .data
    main.o(i.ov5640_task) refers to touch.o(.data) for tp_dev
    main.o(i.ov5640_task) refers to lcd.o(.bss) for lcddev
    main.o(i.ov5640_task) refers to ltdc.o(.bss) for lcdltdc
    main.o(i.qr_dcmi_rx_callback) refers to main.o(.data) for .data
    main.o(i.qr_dcmi_rx_callback) refers to dcmi.o(.bss) for DMADMCI_Handler
    main.o(i.qr_decode) refers to _printf_percent.o(.ARM.Collect$$_printf_percent$$00000000) for _printf_percent
    main.o(i.qr_decode) refers to _printf_s.o(.ARM.Collect$$_printf_percent$$00000014) for _printf_s
    main.o(i.qr_decode) refers to _printf_str.o(.text) for _printf_str
    main.o(i.qr_decode) refers to malloc.o(i.mymalloc) for mymalloc
    main.o(i.qr_decode) refers to malloc.o(i.mymemset) for mymemset
[...]
    usmart_dev                               0x20020288   Data         244  usmart_config.o(.data)
    new_qr                                   0x2002037c   Data           1  atk_zbar.o(.data)
    BarType                                  0x2002037e   Data           2  atk_zbar.o(.data)
    QrCode                                   0x20020380   Data           4  atk_zbar.o(.data)
    qr_img                                   0x20020384   Data           4  atk_zbar.o(.data)
    qr_iscn                                  0x20020388   Data           4  atk_zbar.o(.data)
    MyBarcode_scanstatus                     0x2002038c   Data           1  code128.o(.data)
    MyBarcode_start                          0x2002038d   Data           1  code128.o(.data)
    MyBarcode_end                            0x2002038e   Data           1  code128.o(.data)
    MyBarcode_index                          0x2002038f   Data           1  code128.o(.data)
    MyBarcode_len                            0x20020390   Data           1  code128.o(.data)
    num                                      0x20020391   Data           3  code128.o(.data)
    StartTaskTCB                             0x20020398   Data         192  main.o(.bss)
    START_TASK_STK                           0x20020458   Data        2048  main.o(.bss)
    interfaceTaskTCB                         0x20020c58   Data         192  main.o(.bss)
    interface_TASK_STK                       0x20020d18   Data        4096  main.o(.bss)
    ov5640TaskTCB                            0x20021d18   Data         192  main.o(.bss)
    ov5640_TASK_STK                          0x20021dd8   Data        4096  main.o(.bss)
    ultrasonicTaskTCB                        0x20022dd8   Data         192  main.o(.bss)
    ultrasonic_TASK_STK                      0x20022e98   Data        1024  main.o(.bss)
    AGV_guideTaskTCB                         0x20023298   Data         192  main.o(.bss)
    AGV_guide_TASK_STK                       0x20023358   Data        2048  main.o(.bss)
    lidarTaskTCB                             0x20023b58   Data         192  main.o(.bss)
    lidar_TASK_STK                           0x20023c18   Data        1024  main.o(.bss)
    RFIDTaskTCB                              0x20024018   Data         192  main.o(.bss)
    RFID_TASK_STK                            0x200240d8   Data         512  main.o(.bss)
    runingTaskTCB                            0x200242d8   Data         192  main.o(.bss)
    runing_TASK_STK                          0x20024398   Data        1024  main.o(.bss)
    USART_RX_BUF                             0x20024798   Data         200  usart.o(.bss)
    UART1_Handler                            0x20024860   Data         112  usart.o(.bss)
    DCMI_Handler                             0x200248d0   Data          80  dcmi.o(.bss)
    DMADMCI_Handler                          0x20024920   Data          96  dcmi.o(.bss)
    SRAM_Handler                             0x20024980   Data          76  lcd.o(.bss)
    lcddev                                   0x200249cc   Data          14  lcd.o(.bss)
    LTDC_Handler                             0x200249dc   Data         168  ltdc.o(.bss)
    lcdltdc                                  0x20024a84   Data          32  ltdc.o(.bss)
    QSPI_Handler                             0x20024aa4   Data          68  qspi.o(.bss)
    SDRAM_Handler                            0x20024ae8   Data          52  sdram.o(.bss)
    TIM3_Handler                             0x20024b1c   Data          60  timer.o(.bss)
    TIM5_Handler                             0x20024b58   Data          60  timer.o(.bss)
    USART2_RS485Handler                      0x20024b94   Data         112  rs485.o(.bss)
    RS485_RX_BUF                             0x20024c04   Data          64  rs485.o(.bss)
    CPU_Name                                 0x20024c44   Data          16  cpu_core.o(.bss)
    OSCfg_IdleTaskStk                        0x20024c54   Data         512  os_cfg_app.o(.bss)
    OSCfg_ISRStk                             0x20024e54   Data         400  os_cfg_app.o(.bss)
    OSCfg_MsgPool                            0x20024fe4   Data        1600  os_cfg_app.o(.bss)
    OSCfg_StatTaskStk                        0x20025624   Data         400  os_cfg_app.o(.bss)
    OSCfg_TickTaskStk                        0x200257b4   Data         512  os_cfg_app.o(.bss)
    OSCfg_TmrTaskStk                         0x200259b4   Data         512  os_cfg_app.o(.bss)
    OSIdleTaskTCB                            0x20025bb4   Data         192  os_var.o(.bss)
    OSMsgPool                                0x20025c74   Data          12  os_var.o(.bss)
    OSRdyList                                0x20025c80   Data         768  os_var.o(.bss)
    OSStatTaskTCB                            0x20025f80   Data         192  os_var.o(.bss)
    OSTickTaskTCB                            0x20026040   Data         192  os_var.o(.bss)
    OSTmrMutex                               0x20026100   Data          48  os_var.o(.bss)
    OSTmrTaskTCB                             0x20026130   Data         192  os_var.o(.bss)
    mem1base                                 0x20026200   Data       163840  malloc.o(.bss)
    mem1mapbase                              0x2004e200   Data       10240  malloc.o(.bss)
    ftinfo                                   0x20050a00   Data          41  fontupd.o(.bss)
    TIM4_Handler                             0x20050a2c   Data          60  usmart.o(.bss)
    Last_QrCode                              0x20050a68   Data          20  atk_zbar.o(.bss)
    MyBarcode_buf                            0x20050a7c   Data          25  code128.o(.bss)
    MyBarcode_temp1buf                       0x20050a95   Data          25  code128.o(.bss)
    MyBarcode_temp2buf                       0x20050aae   Data          25  code128.o(.bss)
    MyBarcode_temp3buf                       0x20050ac7   Data          25  code128.o(.bss)
    MyDecode_buf                             0x20050ae0   Data          50  code128.o(.bss)
    __libspace_start                         0x20050b14   Data          96  libspace.o(.bss)
    __temporary_stack_top$libspace           0x20050b74   Data           0  libspace.o(.bss)
    ltdc_lcd_framebuf                        0xc0000000   Data       2048000  ltdc.o(.ARM.__AT_0xC0000000)
    mem2base                                 0xc01f4000   Data       29605888  malloc.o(.ARM.__AT_0xC01F4000)
    mem2mapbase                              0xc1e30000   Data       1850368  malloc.o(.ARM.__AT_0xC1E30000)



==============================================================================

Memory Map of the image

  Image Entry point : 0x080001f9

  Load Region LR_IROM1 (Base: 0x08000000, Size: 0x0001ff34, Max: 0x00100000, ABSOLUTE, COMPRESSED[0x0001fcbc])

    Execution Region ER_IROM1 (Base: 0x08000000, Size: 0x0001fba0, Max: 0x00100000, ABSOLUTE)

    Base Addr    Size         Type   Attr      Idx    E Section Name        Object

    0x08000000   0x000001f8   Data   RO          742    RESET               startup_stm32f767xx.o
    0x080001f8   0x00000008   Code   RO        11882  * !!!main             c_w.l(__main.o)
    0x08000200   0x00000034   Code   RO        12217    !!!scatter          c_w.l(__scatter.o)
    0x08000234   0x0000005a   Code   RO        12215    !!dczerorl2         c_w.l(__dczerorl2.o)
    0x0800028e   0x00000002   PAD
    0x08000290   0x0000001c   Code   RO        12219    !!handler_zi        c_w.l(__scatter_zi.o)
    0x080002ac   0x00000000   Code   RO        11857    .ARM.Collect$$_printf_percent$$00000000  c_w.l(_printf_percent.o)
    0x080002ac   0x00000006   Code   RO        11855    .ARM.Collect$$_printf_percent$$00000009  c_w.l(_printf_d.o)
    0x080002b2   0x00000006   Code   RO        11856    .ARM.Collect$$_printf_percent$$0000000A  c_w.l(_printf_u.o)
    0x080002b8   0x00000006   Code   RO        11851    .ARM.Collect$$_printf_percent$$0000000C  c_w.l(_printf_x.o)
    0x080002be   0x00000006   Code   RO        11848    .ARM.Collect$$_printf_percent$$00000013  c_w.l(_printf_c.o)
    0x080002c4   0x00000006   Code   RO        11849    .ARM.Collect$$_printf_percent$$00000014  c_w.l(_printf_s.o)
    0x080002ca   0x00000004   Code   RO        11972    .ARM.Collect$$_printf_percent$$00000017  c_w.l(_printf_percent_end.o)
    0x080002ce   0x00000002   Code   RO        12157    .ARM.Collect$$libinit$$00000000  c_w.l(libinit.o)
    0x080002d0   0x00000004   Code   RO        11985    .ARM.Collect$$libinit$$00000001  c_w.l(libinit2.o)
    0x080002d4   0x00000000   Code   RO        11988    .ARM.Collect$$libinit$$00000004  c_w.l(libinit2.o)
    0x080002d4   0x00000000   Code   RO        11991    .ARM.Collect$$libinit$$0000000A  c_w.l(libinit2.o)
    0x080002d4   0x00000000   Code   RO        11993    .ARM.Collect$$libinit$$0000000C  c_w.l(libinit2.o)
    0x080002d4   0x00000000   Code   RO        11995    .ARM.Collect$$libinit$$0000000E  c_w.l(libinit2.o)
    0x080002d4   0x00000000   Code   RO        11998    .ARM.Collect$$libinit$$00000011  c_w.l(libinit2.o)
    0x080002d4   0x00000000   Code   RO        12000    .ARM.Collect$$libinit$$00000013  c_w.l(libinit2.o)
    0x080002d4   0x00000000   Code   RO        12002    .ARM.Collect$$libinit$$00000015  c_w.l(libinit2.o)
    0x080002d4   0x00000000   Code   RO        12004    .ARM.Collect$$libinit$$00000017  c_w.l(libinit2.o)
    0x080002d4   0x00000000   Code   RO        12006    .ARM.Collect$$libinit$$00000019  c_w.l(libinit2.o)
    0x080002d4   0x00000000   Code   RO        12008    .ARM.Collect$$libinit$$0000001B  c_w.l(libinit2.o)
    0x080002d4   0x00000000   Code   RO        12010    .ARM.Collect$$libinit$$0000001D  c_w.l(libinit2.o)
    0x080002d4   0x00000000   Code   RO        12012    .ARM.Collect$$libinit$$0000001F  c_w.l(libinit2.o)
    0x080002d4   0x00000000   Code   RO        12014    .ARM.Collect$$libinit$$00000021  c_w.l(libinit2.o)
    0x080002d4   0x00000000   Code   RO        12016    .ARM.Collect$$libinit$$00000023  c_w.l(libinit2.o)
    0x080002d4   0x00000000   Code   RO        12018    .ARM.Collect$$libinit$$00000025  c_w.l(libinit2.o)
    0x080002d4   0x00000000   Code   RO        12022    .ARM.Collect$$libinit$$0000002C  c_w.l(libinit2.o)
    0x080002d4   0x00000000   Code   RO        12024    .ARM.Collect$$libinit$$0000002E  c_w.l(libinit2.o)
    0x080002d4   0x00000000   Code   RO        12026    .ARM.Collect$$libinit$$00000030  c_w.l(libinit2.o)
    0x080002d4   0x00000000   Code   RO        12028    .ARM.Collect$$libinit$$00000032  c_w.l(libinit2.o)
    0x080002d4   0x00000002   Code   RO        12029    .ARM.Collect$$libinit$$00000033  c_w.l(libinit2.o)
    0x080002d6   0x00000002   Code   RO        12212    .ARM.Collect$$libshutdown$$00000000  c_w.l(libshutdown.o)
    0x080002d8   0x00000000   Code   RO        12172    .ARM.Collect$$libshutdown$$00000003  c_w.l(libshutdown2.o)
    0x080002d8   0x00000000   Code   RO        12175    .ARM.Collect$$libshutdown$$00000006  c_w.l(libshutdown2.o)
    0x080002d8   0x00000000   Code   RO        12178    .ARM.Collect$$libshutdown$$00000009  c_w.l(libshutdown2.o)
    0x080002d8   0x00000000   Code   RO        12180    .ARM.Collect$$libshutdown$$0000000B  c_w.l(libshutdown2.o)
    0x080002d8   0x00000000   Code   RO        12183    .ARM.Collect$$libshutdown$$0000000E  c_w.l(libshutdown2.o)
    0x080002d8   0x00000002   Code   RO        12184    .ARM.Collect$$libshutdown$$0000000F  c_w.l(libshutdown2.o)
    0x080002da   0x00000000   Code   RO        11924    .ARM.Collect$$rtentry$$00000000  c_w.l(__rtentry.o)
    0x080002da   0x00000000   Code   RO        12065    .ARM.Collect$$rtentry$$00000002  c_w.l(__rtentry2.o)
    0x080002da   0x00000006   Code   RO        12077    .ARM.Collect$$rtentry$$00000004  c_w.l(__rtentry4.o)
    0x080002e0   0x00000000   Code   RO        12067    .ARM.Collect$$rtentry$$00000009  c_w.l(__rtentry2.o)
    0x080002e0   0x00000004   Code   RO        12068    .ARM.Collect$$rtentry$$0000000A  c_w.l(__rtentry2.o)
    0x080002e4   0x00000000   Code   RO        12070    .ARM.Collect$$rtentry$$0000000C  c_w.l(__rtentry2.o)
    0x080002e4   0x00000008   Code   RO        12071    .ARM.Collect$$rtentry$$0000000D  c_w.l(__rtentry2.o)
    0x080002ec   0x00000002   Code   RO        12158    .ARM.Collect$$rtexit$$00000000  c_w.l(rtexit.o)
    0x080002ee   0x00000000   Code   RO        12188    .ARM.Collect$$rtexit$$00000002  c_w.l(rtexit2.o)
    0x080002ee   0x00000004   Code   RO        12189    .ARM.Collect$$rtexit$$00000003  c_w.l(rtexit2.o)
    0x080002f2   0x00000006   Code   RO        12190    .ARM.Collect$$rtexit$$00000004  c_w.l(rtexit2.o)
    0x080002f8   0x00000068   Code   RO          743    .text               startup_stm32f767xx.o
    0x08000360   0x00000034   Code   RO         7012    .text               cpu_a.o
    0x08000394   0x00000002   Code   RO        11702    .text               c_w.l(use_no_semi_2.o)
    0x08000396   0x000000ee   Code   RO        11766    .text               c_w.l(lludivv7m.o)
    0x08000484   0x00000026   Code   RO        11768    .text               c_w.l(llsshr.o)
    0x080004aa   0x00000048   Code   RO        11770    .text               c_w.l(llsdiv.o)
    0x080004f2   0x00000002   PAD
    0x080004f4   0x00000018   Code   RO        11772    .text               c_w.l(__2printf.o)
    0x0800050c   0x0000004e   Code   RO        11786    .text               c_w.l(_printf_pad.o)
    0x0800055a   0x00000052   Code   RO        11790    .text               c_w.l(_printf_str.o)
    0x080005ac   0x00000078   Code   RO        11792    .text               c_w.l(_printf_dec.o)
    0x08000624   0x0000007c   Code   RO        11819    .text               c_w.l(_printf_hex_int_ptr.o)
    0x080006a0   0x00000188   Code   RO        11845    .text               c_w.l(__printf_flags_ss_wp.o)
    0x08000828   0x00000264   Code   RO        11860    .text               c_w.l(qsortnoex.o)
    0x08000a8c   0x00000048   Code   RO        11864    .text               c_w.l(strcpy.o)
    0x08000ad4   0x0000003e   Code   RO        11866    .text               c_w.l(strlen.o)
    0x08000b12   0x0000008a   Code   RO        11870    .text               c_w.l(rt_memcpy_v6.o)
    0x08000b9c   0x00000084   Code   RO        11872    .text               c_w.l(rt_memmove_v6.o)
    0x08000c20   0x00000044   Code   RO        11874    .text               c_w.l(rt_memclr.o)
    0x08000c64   0x00000068   Code   RO        11878    .text               c_w.l(strcmpv7m_pel.o)
    0x08000ccc   0x00000006   Code   RO        11880    .text               c_w.l(heapauxi.o)
    0x08000cd2   0x00000002   Code   RO        11920    .text               c_w.l(use_no_semi.o)
    0x08000cd4   0x00000016   Code   RO        11956    .text               c_w.l(_rserrno.o)
    0x08000cea   0x000000b2   Code   RO        11958    .text               c_w.l(_printf_intcommon.o)
    0x08000d9c   0x00000030   Code   RO        11960    .text               c_w.l(_printf_char_common.o)
    0x08000dcc   0x0000002c   Code   RO        11966    .text               c_w.l(_printf_char.o)
    0x08000df8   0x00000024   Code   RO        11968    .text               c_w.l(_printf_char_file.o)
    0x08000e1c   0x00000064   Code   RO        11977    .text               c_w.l(rt_memcpy_w.o)
    0x08000e80   0x0000007a   Code   RO        11979    .text               c_w.l(rt_memmove_w.o)
    0x08000efa   0x0000004e   Code   RO        11981    .text               c_w.l(rt_memclr_w.o)
    0x08000f48   0x00000008   Code   RO        12061    .text               c_w.l(libspace.o)
    0x08000f50   0x00000008   Code   RO        12086    .text               c_w.l(rt_errno_addr_intlibspace.o)
    0x08000f58   0x00000008   Code   RO        12098    .text               c_w.l(ferror.o)
    0x08000f60   0x0000004a   Code   RO        12124    .text               c_w.l(sys_stackheap_outer.o)
    0x08000faa   0x0000000c   Code   RO        12138    .text               c_w.l(exit.o)
    0x08000fb6   0x00000002   PAD
    0x08000fb8   0x00000118   Code   RO         8657    CODE                os_cpu_a.o
    0x080010d0   0x000000a6   Code   RO            4    i.AGV_guide_task    main.o
    0x08001176   0x00000004   Code   RO         6545    i.AT24CXX_Init      24cxx.o
    0x0800117a   0x0000006a   Code   RO         6547    i.AT24CXX_ReadLenByte  24cxx.o
    0x080011e4   0x00000042   Code   RO         6548    i.AT24CXX_ReadOneByte  24cxx.o
    0x08001226   0x00000064   Code   RO         6550    i.AT24CXX_WriteLenByte  24cxx.o
    0x0800128a   0x0000003e   Code   RO         6551    i.AT24CXX_WriteOneByte  24cxx.o
    0x080012c8   0x00000002   Code   RO          520    i.BusFault_Handler  stm32f7xx_it.o
    0x080012ca   0x00000002   PAD
    0x080012cc   0x00000084   Code   RO         6870    i.CPU_Init          cpu_core.o
    0x08001350   0x0000002c   Code   RO         6872    i.CPU_IntDisMeasMaxCurReset  cpu_core.o
    0x0800137c   0x00000020   Code   RO         6873    i.CPU_IntDisMeasMaxGet  cpu_core.o
    0x0800139c   0x00000020   Code   RO         6874    i.CPU_IntDisMeasStart  cpu_core.o
    0x080013bc   0x00000034   Code   RO         6875    i.CPU_IntDisMeasStop  cpu_core.o
    0x080013f0   0x0000000c   Code   RO         6883    i.CPU_TS_TmrFreqSet  cpu_core.o
    0x080013fc   0x00000030   Code   RO         6764    i.CPU_TS_TmrInit    bsp.o
    0x0800142c   0x0000000c   Code   RO         6765    i.CPU_TS_TmrRd      bsp.o
    0x08001438   0x0000005c   Code   RO         6172    i.CT_IIC_Init       ctiic.o
    0x08001494   0x00000100   Code   RO         6174    i.CT_IIC_Read_Byte  ctiic.o
    0x08001594   0x00000080   Code   RO         6175    i.CT_IIC_Send_Byte  ctiic.o
    0x08001614   0x00000058   Code   RO         6176    i.CT_IIC_Start      ctiic.o
    0x0800166c   0x0000004c   Code   RO         6177    i.CT_IIC_Stop       ctiic.o
    0x080016b8   0x000000ac   Code   RO         6178    i.CT_IIC_Wait_Ack   ctiic.o
    0x08001764   0x0000007c   Code   RO         4570    i.Cache_Enable      sys.o
    0x080017e0   0x00000020   Code   RO         3805    i.DCMI_DMAError     stm32f7xx_hal_dcmi.o
    0x08001800   0x0000000c   Code   RO         4711    i.DCMI_IRQHandler   dcmi.o
    0x0800180c   0x000000d0   Code   RO         4716    i.DMA2_Stream1_IRQHandler  dcmi.o
    0x080018dc   0x00000002   Code   RO          521    i.DebugMon_Handler  stm32f7xx_it.o
    0x080018de   0x00000002   PAD
    0x080018e0   0x00000048   Code   RO         2954    i.FMC_NORSRAM_Extended_Timing_Init  stm32f7xx_ll_fmc.o
    0x08001928   0x0000007c   Code   RO         2955    i.FMC_NORSRAM_Init  stm32f7xx_ll_fmc.o
    0x080019a4   0x00000064   Code   RO         2956    i.FMC_NORSRAM_Timing_Init  stm32f7xx_ll_fmc.o
    0x08001a08   0x0000005e   Code   RO         2961    i.FMC_SDRAM_Init    stm32f7xx_ll_fmc.o
    0x08001a66   0x0000000c   Code   RO         2962    i.FMC_SDRAM_ProgramRefreshRate  stm32f7xx_ll_fmc.o
    0x08001a72   0x00000052   Code   RO         2963    i.FMC_SDRAM_SendCommand  stm32f7xx_ll_fmc.o
    0x08001ac4   0x00000092   Code   RO         2965    i.FMC_SDRAM_Timing_Init  stm32f7xx_ll_fmc.o
    0x08001b56   0x00000002   PAD
    0x08001b58   0x00000100   Code   RO         6242    i.FT5206_Init       ft5206.o
    0x08001c58   0x00000058   Code   RO         6243    i.FT5206_RD_Reg     ft5206.o
    0x08001cb0   0x000001ac   Code   RO         6244    i.FT5206_Scan       ft5206.o
    0x08001e5c   0x0000004a   Code   RO         6245    i.FT5206_WR_Reg     ft5206.o
    0x08001ea6   0x00000002   PAD
    0x08001ea8   0x00000190   Code   RO         6287    i.GT9147_Init       gt9147.o
    0x08002038   0x00000062   Code   RO         6288    i.GT9147_RD_Reg     gt9147.o
    0x0800209a   0x00000002   PAD
    0x0800209c   0x000001ec   Code   RO         6289    i.GT9147_Scan       gt9147.o
    0x08002288   0x00000054   Code   RO         6291    i.GT9147_WR_Reg     gt9147.o
    0x080022dc   0x00000184   Code   RO         6339    i.GT9271_Init       gt9271.o
    0x08002460   0x00000062   Code   RO         6340    i.GT9271_RD_Reg     gt9271.o
    0x080024c2   0x00000002   PAD
    0x080024c4   0x0000024c   Code   RO         6341    i.GT9271_Scan       gt9271.o
    0x08002710   0x00000054   Code   RO         6343    i.GT9271_WR_Reg     gt9271.o
    0x08002764   0x000000bc   Code   RO         9578    i.Get_HzMat         text.o
    0x08002820   0x00000002   Code   RO         3811    i.HAL_DCMI_ErrorCallback  stm32f7xx_hal_dcmi.o
    0x08002822   0x00000002   PAD
    0x08002824   0x0000002c   Code   RO         4717    i.HAL_DCMI_FrameEventCallback  dcmi.o
    0x08002850   0x000000b0   Code   RO         3815    i.HAL_DCMI_IRQHandler  stm32f7xx_hal_dcmi.o
    0x08002900   0x00000002   Code   RO         3817    i.HAL_DCMI_LineEventCallback  stm32f7xx_hal_dcmi.o
    0x08002902   0x00000002   Code   RO         3824    i.HAL_DCMI_VsyncEventCallback  stm32f7xx_hal_dcmi.o
    0x08002904   0x00000024   Code   RO         1040    i.HAL_DMA_Abort_IT  stm32f7xx_hal_dma.o
    0x08002928   0x00000230   Code   RO         1169    i.HAL_GPIO_Init     stm32f7xx_hal_gpio.o
    0x08002b58   0x0000000a   Code   RO         1171    i.HAL_GPIO_ReadPin  stm32f7xx_hal_gpio.o
    0x08002b62   0x00000008   Code   RO         1172    i.HAL_GPIO_TogglePin  stm32f7xx_hal_gpio.o
    0x08002b6a   0x0000000a   Code   RO         1173    i.HAL_GPIO_WritePin  stm32f7xx_hal_gpio.o
    0x08002b74   0x0000000c   Code   RO          767    i.HAL_GetTick       stm32f7xx_hal.o
    0x08002b80   0x00000010   Code   RO          768    i.HAL_IncTick       stm32f7xx_hal.o
    0x08002b90   0x00000024   Code   RO          769    i.HAL_Init          stm32f7xx_hal.o
    0x08002bb4   0x00000028   Code   RO          770    i.HAL_InitTick      stm32f7xx_hal.o
    0x08002bdc   0x00000058   Code   RO         4238    i.HAL_LTDC_ConfigLayer  stm32f7xx_hal_ltdc.o
    0x08002c34   0x0000010c   Code   RO         4255    i.HAL_LTDC_Init     stm32f7xx_hal_ltdc.o
    0x08002d40   0x000000f4   Code   RO         5113    i.HAL_LTDC_MspInit  ltdc.o
    0x08002e34   0x00000058   Code   RO         4270    i.HAL_LTDC_SetWindowPosition  stm32f7xx_hal_ltdc.o
    0x08002e8c   0x00000054   Code   RO         4272    i.HAL_LTDC_SetWindowSize  stm32f7xx_hal_ltdc.o
    0x08002ee0   0x00000054   Code   RO          921    i.HAL_MPU_ConfigRegion  stm32f7xx_hal_cortex.o
    0x08002f34   0x00000002   Code   RO          772    i.HAL_MspInit       stm32f7xx_hal.o
    0x08002f36   0x00000018   Code   RO          924    i.HAL_NVIC_EnableIRQ  stm32f7xx_hal_cortex.o
    0x08002f4e   0x00000002   PAD
    0x08002f50   0x00000064   Code   RO          930    i.HAL_NVIC_SetPriority  stm32f7xx_hal_cortex.o
    0x08002fb4   0x00000024   Code   RO          931    i.HAL_NVIC_SetPriorityGrouping  stm32f7xx_hal_cortex.o
    0x08002fd8   0x0000007c   Code   RO         1362    i.HAL_PWREx_EnableOverDrive  stm32f7xx_hal_pwr_ex.o
    0x08003054   0x00000092   Code   RO         3556    i.HAL_QSPI_Command  stm32f7xx_hal_qspi.o
    0x080030e6   0x00000002   PAD
    0x080030e8   0x000000c0   Code   RO         3565    i.HAL_QSPI_Init     stm32f7xx_hal_qspi.o
    0x080031a8   0x0000009c   Code   RO         5821    i.HAL_QSPI_MspInit  qspi.o
    0x08003244   0x000000c6   Code   RO         3569    i.HAL_QSPI_Receive  stm32f7xx_hal_qspi.o
    0x0800330a   0x000000bc   Code   RO         3578    i.HAL_QSPI_Transmit  stm32f7xx_hal_qspi.o
    0x080033c6   0x00000002   PAD
    0x080033c8   0x00000758   Code   RO         1551    i.HAL_RCCEx_PeriphCLKConfig  stm32f7xx_hal_rcc_ex.o
    0x08003b20   0x00000184   Code   RO         1449    i.HAL_RCC_ClockConfig  stm32f7xx_hal_rcc.o
    0x08003ca4   0x0000000c   Code   RO         1454    i.HAL_RCC_GetHCLKFreq  stm32f7xx_hal_rcc.o
    0x08003cb0   0x00000030   Code   RO         1456    i.HAL_RCC_GetPCLK1Freq  stm32f7xx_hal_rcc.o
    0x08003ce0   0x00000030   Code   RO         1457    i.HAL_RCC_GetPCLK2Freq  stm32f7xx_hal_rcc.o
    0x08003d10   0x00000098   Code   RO         1458    i.HAL_RCC_GetSysClockFreq  stm32f7xx_hal_rcc.o
    0x08003da8   0x000003c4   Code   RO         1552    i.HAL_RCC_OscConfig  stm32f7xx_hal_rcc_ex.o
    0x0800416c   0x00000042   Code   RO         3965    i.HAL_SDRAM_Init    stm32f7xx_hal_sdram.o
    0x080041ae   0x00000002   PAD
    0x080041b0   0x000000e0   Code   RO         5933    i.HAL_SDRAM_MspInit  sdram.o
    0x08004290   0x00000024   Code   RO         3968    i.HAL_SDRAM_ProgramRefreshRate  stm32f7xx_hal_sdram.o
    0x080042b4   0x0000002e   Code   RO         3974    i.HAL_SDRAM_SendCommand  stm32f7xx_hal_sdram.o
    0x080042e2   0x00000056   Code   RO         4119    i.HAL_SRAM_Init     stm32f7xx_hal_sram.o
    0x08004338   0x0000007c   Code   RO         4893    i.HAL_SRAM_MspInit  lcd.o
    0x080043b4   0x00000016   Code   RO          933    i.HAL_SYSTICK_CLKSourceConfig  stm32f7xx_hal_cortex.o
    0x080043ca   0x00000002   PAD
    0x080043cc   0x0000002c   Code   RO          935    i.HAL_SYSTICK_Config  stm32f7xx_hal_cortex.o
    0x080043f8   0x00000002   Code   RO         2677    i.HAL_TIMEx_BreakCallback  stm32f7xx_hal_tim_ex.o
    0x080043fa   0x00000002   Code   RO         2678    i.HAL_TIMEx_CommutationCallback  stm32f7xx_hal_tim_ex.o
    0x080043fc   0x00000032   Code   RO         2075    i.HAL_TIM_Base_Init  stm32f7xx_hal_tim.o
    0x0800442e   0x00000002   PAD
    0x08004430   0x0000003c   Code   RO         6633    i.HAL_TIM_Base_MspInit  timer.o
    0x0800446c   0x00000018   Code   RO         2080    i.HAL_TIM_Base_Start_IT  stm32f7xx_hal_tim.o
    0x08004484   0x00000088   Code   RO         6634    i.HAL_TIM_IC_CaptureCallback  timer.o
    0x0800450c   0x00000158   Code   RO         2105    i.HAL_TIM_IC_ConfigChannel  stm32f7xx_hal_tim.o
    0x08004664   0x00000036   Code   RO         2108    i.HAL_TIM_IC_Init   stm32f7xx_hal_tim.o
    0x0800469a   0x00000002   PAD
    0x0800469c   0x00000064   Code   RO         6635    i.HAL_TIM_IC_MspInit  timer.o
    0x08004700   0x0000004e   Code   RO         2113    i.HAL_TIM_IC_Start_IT  stm32f7xx_hal_tim.o
    0x0800474e   0x00000186   Code   RO         2117    i.HAL_TIM_IRQHandler  stm32f7xx_hal_tim.o
    0x080048d4   0x00000002   Code   RO         2120    i.HAL_TIM_OC_DelayElapsedCallback  stm32f7xx_hal_tim.o
    0x080048d6   0x00000002   Code   RO         2147    i.HAL_TIM_PWM_PulseFinishedCallback  stm32f7xx_hal_tim.o
    0x080048d8   0x00000030   Code   RO         6636    i.HAL_TIM_PeriodElapsedCallback  timer.o
    0x08004908   0x00000044   Code   RO         2155    i.HAL_TIM_ReadCapturedValue  stm32f7xx_hal_tim.o
    0x0800494c   0x00000002   Code   RO         2158    i.HAL_TIM_TriggerCallback  stm32f7xx_hal_tim.o
    0x0800494e   0x00000002   Code   RO         1606    i.HAL_UART_ErrorCallback  stm32f7xx_hal_uart.o
    0x08004950   0x0000000c   Code   RO         1608    i.HAL_UART_GetState  stm32f7xx_hal_uart.o
    0x0800495c   0x000001c4   Code   RO         1609    i.HAL_UART_IRQHandler  stm32f7xx_hal_uart.o
    0x08004b20   0x0000006e   Code   RO         1610    i.HAL_UART_Init     stm32f7xx_hal_uart.o
    0x08004b8e   0x00000002   PAD
    0x08004b90   0x00000084   Code   RO         4619    i.HAL_UART_MspInit  usart.o
    0x08004c14   0x000000f0   Code   RO         1613    i.HAL_UART_Receive  stm32f7xx_hal_uart.o
    0x08004d04   0x000000a0   Code   RO         1615    i.HAL_UART_Receive_IT  stm32f7xx_hal_uart.o
    0x08004da4   0x0000007c   Code   RO         4620    i.HAL_UART_RxCpltCallback  usart.o
    0x08004e20   0x000000ba   Code   RO         1618    i.HAL_UART_Transmit  stm32f7xx_hal_uart.o
    0x08004eda   0x00000002   Code   RO         1621    i.HAL_UART_TxCpltCallback  stm32f7xx_hal_uart.o
    0x08004edc   0x00000002   Code   RO          522    i.HardFault_Handler  stm32f7xx_it.o
    0x08004ede   0x00000002   PAD
    0x08004ee0   0x00000050   Code   RO         4799    i.IIC_Init          myiic.o
    0x08004f30   0x000000e8   Code   RO         4801    i.IIC_Read_Byte     myiic.o
    0x08005018   0x00000078   Code   RO         4802    i.IIC_Send_Byte     myiic.o
    0x08005090   0x00000050   Code   RO         4803    i.IIC_Start         myiic.o
    0x080050e0   0x00000050   Code   RO         4804    i.IIC_Stop          myiic.o
    0x08005130   0x000000ac   Code   RO         4805    i.IIC_Wait_Ack      myiic.o
    0x080051dc   0x00000080   Code   RO         4862    i.KEY_Init          key.o
    0x0800525c   0x000000e8   Code   RO         4863    i.KEY_Scan          key.o
    0x08005344   0x00000058   Code   RO         4895    i.LCD_Clear         lcd.o
    0x0800539c   0x00000090   Code   RO         4896    i.LCD_Color_Fill    lcd.o
    0x0800542c   0x00000104   Code   RO         4899    i.LCD_Display_Dir   lcd.o
    0x08005530   0x000000d0   Code   RO         4900    i.LCD_DrawLine      lcd.o
    0x08005600   0x00000038   Code   RO         4901    i.LCD_DrawPoint     lcd.o
    0x08005638   0x0000003a   Code   RO         4902    i.LCD_DrawRectangle  lcd.o
    0x08005672   0x00000002   PAD
    0x08005674   0x000001e0   Code   RO         4903    i.LCD_Draw_Circle   lcd.o
    0x08005854   0x00000260   Code   RO         4904    i.LCD_Fast_DrawPoint  lcd.o
    0x08005ab4   0x00000078   Code   RO         4905    i.LCD_Fill          lcd.o
    0x08005b2c   0x00004a38   Code   RO         4906    i.LCD_Init          lcd.o
    0x0800a564   0x0000006c   Code   RO         4907    i.LCD_MPU_Config    lcd.o
    0x0800a5d0   0x000000d4   Code   RO         4910    i.LCD_ReadPoint     lcd.o
    0x0800a6a4   0x00000004   PAD
    0x0800a6a8   0x000000c0   Code   RO         4912    i.LCD_SSD_BackLightSet  lcd.o
    0x0800a768   0x0000031c   Code   RO         4913    i.LCD_Scan_Dir      lcd.o
    0x0800aa84   0x000002bc   Code   RO         4914    i.LCD_SetCursor     lcd.o
    0x0800ad40   0x0000011c   Code   RO         4916    i.LCD_ShowChar      lcd.o
    0x0800ae5c   0x000000a4   Code   RO         4917    i.LCD_ShowNum       lcd.o
    0x0800af00   0x00000062   Code   RO         4918    i.LCD_ShowString    lcd.o
    0x0800af62   0x00000002   PAD
    0x0800af64   0x000000b8   Code   RO         4919    i.LCD_ShowxNum      lcd.o
    0x0800b01c   0x0000004c   Code   RO         4685    i.LED_Init          led.o
    0x0800b068   0x00000020   Code   RO         5114    i.LTDC_Clear        ltdc.o
    0x0800b088   0x000000bc   Code   RO         5116    i.LTDC_Color_Fill   ltdc.o
    0x0800b144   0x00000028   Code   RO         5117    i.LTDC_Display_Dir  ltdc.o
    0x0800b16c   0x00000044   Code   RO         5118    i.LTDC_Draw_Point   ltdc.o
    0x0800b1b0   0x000000b8   Code   RO         5119    i.LTDC_Fill         ltdc.o
    0x0800b268   0x000001ec   Code   RO         5120    i.LTDC_Init         ltdc.o
    0x0800b454   0x00000060   Code   RO         5121    i.LTDC_Layer_Parameter_Config  ltdc.o
    0x0800b4b4   0x00000034   Code   RO         5122    i.LTDC_Layer_Switch  ltdc.o
    0x0800b4e8   0x00000024   Code   RO         5123    i.LTDC_Layer_Window_Config  ltdc.o
    0x0800b50c   0x000000bc   Code   RO         5124    i.LTDC_PanelID_Read  ltdc.o
    0x0800b5c8   0x00000040   Code   RO         5125    i.LTDC_Read_Point   ltdc.o
    0x0800b608   0x0000000c   Code   RO         5126    i.LTDC_Select_Layer  ltdc.o
    0x0800b614   0x000001c4   Code   RO         4274    i.LTDC_SetConfig    stm32f7xx_hal_ltdc.o
    0x0800b7d8   0x00000024   Code   RO         5127    i.LTDC_Switch       ltdc.o
    0x0800b7fc   0x00000078   Code   RO         5226    i.MemManage_Handler  mpu.o
    0x0800b874   0x00000046   Code   RO         7301    i.Mem_Clr           lib_mem.o
    0x0800b8ba   0x00000002   Code   RO          523    i.NMI_Handler       stm32f7xx_it.o
    0x0800b8bc   0x00000002   Code   RO         7465    i.OSCfg_Init        os_cfg_app.o
    0x0800b8be   0x00000002   PAD
    0x0800b8c0   0x00000010   Code   RO         8572    i.OSIdleTaskHook    os_cpu_c.o
    0x0800b8d0   0x000001d8   Code   RO         7529    i.OSInit            os_core.o
    0x0800baa8   0x00000024   Code   RO         8573    i.OSInitHook        os_cpu_c.o
    0x0800bacc   0x00000020   Code   RO         7530    i.OSIntEnter        os_core.o
    0x0800baec   0x00000090   Code   RO         7531    i.OSIntExit         os_core.o
    0x0800bb7c   0x0000006c   Code   RO         7884    i.OSMutexCreate     os_mutex.o
    0x0800bbe8   0x00000184   Code   RO         7885    i.OSMutexPend       os_mutex.o
    0x0800bd6c   0x00000168   Code   RO         7886    i.OSMutexPost       os_mutex.o
    0x0800bed4   0x00000084   Code   RO         7532    i.OSSched           os_core.o
    0x0800bf58   0x0000004c   Code   RO         7533    i.OSSchedLock       os_core.o
    0x0800bfa4   0x00000064   Code   RO         7534    i.OSSchedUnlock     os_core.o
    0x0800c008   0x0000005c   Code   RO         7535    i.OSStart           os_core.o
    0x0800c064   0x000000f0   Code   RO         8157    i.OSStatReset       os_stat.o
    0x0800c154   0x000000bc   Code   RO         8158    i.OSStatTaskCPUUsageInit  os_stat.o
    0x0800c210   0x00000010   Code   RO         8574    i.OSStatTaskHook    os_cpu_c.o
    0x0800c220   0x0000012c   Code   RO         8188    i.OSTaskCreate      os_task.o
    0x0800c34c   0x00000010   Code   RO         8575    i.OSTaskCreateHook  os_cpu_c.o
    0x0800c35c   0x0000016c   Code   RO         8189    i.OSTaskDel         os_task.o
    0x0800c4c8   0x00000010   Code   RO         8576    i.OSTaskDelHook     os_cpu_c.o
    0x0800c4d8   0x00000026   Code   RO         8197    i.OSTaskResume      os_task.o
    0x0800c4fe   0x00000002   PAD
    0x0800c500   0x00000010   Code   RO         8577    i.OSTaskReturnHook  os_cpu_c.o
    0x0800c510   0x00000138   Code   RO         8198    i.OSTaskSemPend     os_task.o
    0x0800c648   0x0000001c   Code   RO         8200    i.OSTaskSemPost     os_task.o
    0x0800c664   0x0000009c   Code   RO         8202    i.OSTaskStkChk      os_task.o
    0x0800c700   0x000001d0   Code   RO         8578    i.OSTaskStkInit     os_cpu_c.o
    0x0800c8d0   0x00000018   Code   RO         8203    i.OSTaskSuspend     os_task.o
    0x0800c8e8   0x00000078   Code   RO         8579    i.OSTaskSwHook      os_cpu_c.o
    0x0800c960   0x00000090   Code   RO         8389    i.OSTimeDly         os_time.o
    0x0800c9f0   0x000000d4   Code   RO         8390    i.OSTimeDlyHMSM     os_time.o
    0x0800cac4   0x00000040   Code   RO         8393    i.OSTimeTick        os_time.o
    0x0800cb04   0x00000010   Code   RO         8580    i.OSTimeTickHook    os_cpu_c.o
    0x0800cb14   0x00000002   Code   RO         7719    i.OS_Dbg_Init       os_dbg.o
    0x0800cb16   0x00000002   PAD
    0x0800cb18   0x00000018   Code   RO         7744    i.OS_FlagInit       os_flag.o
    0x0800cb30   0x00000034   Code   RO         7537    i.OS_IdleTask       os_core.o
    0x0800cb64   0x0000006c   Code   RO         7538    i.OS_IdleTaskInit   os_core.o
    0x0800cbd0   0x00000018   Code   RO         7816    i.OS_MemInit        os_mem.o
    0x0800cbe8   0x0000005c   Code   RO         7848    i.OS_MsgPoolInit    os_msg.o
    0x0800cc44   0x0000003c   Code   RO         7849    i.OS_MsgQFreeAll    os_msg.o
    0x0800cc80   0x0000000e   Code   RO         7851    i.OS_MsgQInit       os_msg.o
    0x0800cc8e   0x00000002   PAD
    0x0800cc90   0x00000024   Code   RO         7888    i.OS_MutexDbgListAdd  os_mutex.o
    0x0800ccb4   0x00000070   Code   RO         7891    i.OS_MutexGrpPostAll  os_mutex.o
    0x0800cd24   0x00000026   Code   RO         7892    i.OS_MutexGrpPrioFindHighest  os_mutex.o
    0x0800cd4a   0x00000002   PAD
    0x0800cd4c   0x00000018   Code   RO         7894    i.OS_MutexInit      os_mutex.o
    0x0800cd64   0x000000c4   Code   RO         7539    i.OS_Pend           os_core.o
    0x0800ce28   0x0000004c   Code   RO         7543    i.OS_PendDbgNameAdd  os_core.o
    0x0800ce74   0x000000ba   Code   RO         7545    i.OS_PendListChangePrio  os_core.o
    0x0800cf2e   0x0000000a   Code   RO         7546    i.OS_PendListInit   os_core.o
    0x0800cf38   0x00000064   Code   RO         7548    i.OS_PendListInsertPrio  os_core.o
    0x0800cf9c   0x00000072   Code   RO         7549    i.OS_PendListRemove  os_core.o
    0x0800d00e   0x00000002   PAD
    0x0800d010   0x00000120   Code   RO         7553    i.OS_Post           os_core.o
    0x0800d130   0x00000028   Code   RO         7981    i.OS_PrioGetHighest  os_prio.o
    0x0800d158   0x00000018   Code   RO         7982    i.OS_PrioInit       os_prio.o
    0x0800d170   0x00000024   Code   RO         7983    i.OS_PrioInsert     os_prio.o
    0x0800d194   0x00000024   Code   RO         7984    i.OS_PrioRemove     os_prio.o
    0x0800d1b8   0x00000018   Code   RO         8027    i.OS_QInit          os_q.o
    0x0800d1d0   0x00000070   Code   RO         7556    i.OS_RdyListInsert  os_core.o
    0x0800d240   0x00000038   Code   RO         7557    i.OS_RdyListInsertHead  os_core.o
    0x0800d278   0x00000034   Code   RO         7558    i.OS_RdyListInsertTail  os_core.o
    0x0800d2ac   0x00000054   Code   RO         7560    i.OS_RdyListRemove  os_core.o
    0x0800d300   0x00000018   Code   RO         8096    i.OS_SemInit        os_sem.o
    0x0800d318   0x0000026c   Code   RO         8159    i.OS_StatTask       os_stat.o
    0x0800d584   0x000000c8   Code   RO         8160    i.OS_StatTaskInit   os_stat.o
    0x0800d64c   0x000000bc   Code   RO         8204    i.OS_TaskChangePrio  os_task.o
    0x0800d708   0x00000020   Code   RO         8207    i.OS_TaskInit       os_task.o
    0x0800d728   0x000000c4   Code   RO         8208    i.OS_TaskInitTCB    os_task.o
    0x0800d7ec   0x000000c0   Code   RO         8210    i.OS_TaskResume     os_task.o
    0x0800d8ac   0x00000018   Code   RO         8211    i.OS_TaskReturn     os_task.o
    0x0800d8c4   0x000000b8   Code   RO         8212    i.OS_TaskSemPost    os_task.o
    0x0800d97c   0x000000e4   Code   RO         8213    i.OS_TaskSuspend    os_task.o
    0x0800da60   0x0000008c   Code   RO         8353    i.OS_TickListInsert  os_tick.o
    0x0800daec   0x00000084   Code   RO         8354    i.OS_TickListInsertDly  os_tick.o
    0x0800db70   0x00000078   Code   RO         8355    i.OS_TickListRemove  os_tick.o
    0x0800dbe8   0x000001a4   Code   RO         8356    i.OS_TickTask       os_tick.o
    0x0800dd8c   0x000000c4   Code   RO         8357    i.OS_TickTaskInit   os_tick.o
    0x0800de50   0x0000012c   Code   RO         8434    i.OS_TmrInit        os_tmr.o
    0x0800df7c   0x000000d8   Code   RO         8435    i.OS_TmrTask        os_tmr.o
    0x0800e054   0x000000f8   Code   RO         6389    i.OTT2001A_Init     ott2001a.o
    0x0800e14c   0x00000062   Code   RO         6390    i.OTT2001A_RD_Reg   ott2001a.o
    0x0800e1ae   0x00000002   PAD
    0x0800e1b0   0x000001ec   Code   RO         6391    i.OTT2001A_Scan     ott2001a.o
    0x0800e39c   0x0000007c   Code   RO         5774    i.PCF8574_Init      pcf8574.o
    0x0800e418   0x00000054   Code   RO         5777    i.PCF8574_WriteBit  pcf8574.o
    0x0800e46c   0x00000244   Code   RO         3583    i.QSPI_Config       stm32f7xx_hal_qspi.o
    0x0800e6b0   0x00000044   Code   RO         5822    i.QSPI_Init         qspi.o
    0x0800e6f4   0x00000024   Code   RO         5823    i.QSPI_Receive      qspi.o
    0x0800e718   0x0000003c   Code   RO         5824    i.QSPI_Send_CMD     qspi.o
    0x0800e754   0x00000024   Code   RO         5825    i.QSPI_Transmit     qspi.o
    0x0800e778   0x0000005a   Code   RO         3590    i.QSPI_WaitFlagStateUntilTimeout  stm32f7xx_hal_qspi.o
    0x0800e7d2   0x00000002   PAD
    0x0800e7d4   0x000000b0   Code   RO            5    i.RFID_task         main.o
    0x0800e884   0x000000a4   Code   RO         6707    i.RS485_Init        rs485.o
    0x0800e928   0x0000005c   Code   RO         6708    i.RS485_Receive_Data  rs485.o
    0x0800e984   0x00000034   Code   RO         6709    i.RS485_Send_Data   rs485.o
    0x0800e9b8   0x000000a0   Code   RO         5934    i.SDRAM_Init        sdram.o
    0x0800ea58   0x00000040   Code   RO         5936    i.SDRAM_Send_Cmd    sdram.o
    0x0800ea98   0x00000002   Code   RO          524    i.SVC_Handler       stm32f7xx_it.o
    0x0800ea9a   0x00000002   PAD
    0x0800ea9c   0x00000188   Code   RO         9580    i.Show_Str          text.o
    0x0800ec24   0x000000a0   Code   RO         4573    i.Stm32_Clock_Init  sys.o
    0x0800ecc4   0x00000024   Code   RO         4510    i.SysTick_Handler   delay.o
    0x0800ece8   0x00000058   Code   RO          585    i.SystemInit        system_stm32f7xx.o
    0x0800ed40   0x0000000c   Code   RO         6637    i.TIM3_IRQHandler   timer.o
    0x0800ed4c   0x00000034   Code   RO         9619    i.TIM4_IRQHandler   usmart.o
    0x0800ed80   0x0000004c   Code   RO         6639    i.TIM5_CH1_Cap_Init  timer.o
    0x0800edcc   0x0000000c   Code   RO         6640    i.TIM5_IRQHandler   timer.o
    0x0800edd8   0x000000c4   Code   RO         2159    i.TIM_Base_SetConfig  stm32f7xx_hal_tim.o
    0x0800ee9c   0x0000001a   Code   RO         2160    i.TIM_CCxChannelCmd  stm32f7xx_hal_tim.o
    0x0800eeb6   0x0000008c   Code   RO         2171    i.TIM_TI1_SetConfig  stm32f7xx_hal_tim.o
    0x0800ef42   0x00000002   PAD
    0x0800ef44   0x00000170   Code   RO         6439    i.TP_Adj_Info_Show  touch.o
    0x0800f0b4   0x00000004   PAD
    0x0800f0b8   0x000006e4   Code   RO         6440    i.TP_Adjust         touch.o
    0x0800f79c   0x00000070   Code   RO         6442    i.TP_Drow_Touch_Point  touch.o
    0x0800f80c   0x00000094   Code   RO         6443    i.TP_Get_Adjdata    touch.o
    0x0800f8a0   0x00000160   Code   RO         6444    i.TP_Init           touch.o
    0x0800fa00   0x00000100   Code   RO         6445    i.TP_Read_AD        touch.o
    0x0800fb00   0x00000070   Code   RO         6446    i.TP_Read_XOY       touch.o
    0x0800fb70   0x00000094   Code   RO         6448    i.TP_Read_XY2       touch.o
    0x0800fc04   0x00000078   Code   RO         6449    i.TP_Save_Adjdata   touch.o
    0x0800fc7c   0x000000c0   Code   RO         6450    i.TP_Scan           touch.o
    0x0800fd3c   0x000000da   Code   RO         1623    i.UART_AdvFeatureConfig  stm32f7xx_hal_uart.o
    0x0800fe16   0x00000060   Code   RO         1624    i.UART_CheckIdleState  stm32f7xx_hal_uart.o
    0x0800fe76   0x00000014   Code   RO         1625    i.UART_DMAAbortOnError  stm32f7xx_hal_uart.o
    0x0800fe8a   0x0000007c   Code   RO         1631    i.UART_Receive_IT   stm32f7xx_hal_uart.o
    0x0800ff06   0x00000002   PAD
    0x0800ff08   0x0000028c   Code   RO         1632    i.UART_SetConfig    stm32f7xx_hal_uart.o
    0x08010194   0x00000074   Code   RO         1633    i.UART_WaitOnFlagUntilTimeout  stm32f7xx_hal_uart.o
    0x08010208   0x00000060   Code   RO         4621    i.USART1_IRQHandler  usart.o
    0x08010268   0x00000044   Code   RO         6711    i.USART2_IRQHandler  rs485.o
    0x080102ac   0x00000002   Code   RO          525    i.UsageFault_Handler  stm32f7xx_it.o
    0x080102ae   0x00000002   PAD
    0x080102b0   0x000000cc   Code   RO         5992    i.W25QXX_Init       w25qxx.o
    0x0801037c   0x00000032   Code   RO         5995    i.W25QXX_Read       w25qxx.o
    0x080103ae   0x00000002   PAD
    0x080103b0   0x00000068   Code   RO         5997    i.W25QXX_ReadSR     w25qxx.o
    0x08010418   0x00000040   Code   RO         6001    i.W25QXX_Write_Enable  w25qxx.o
    0x08010458   0x0000005c   Code   RO         6004    i.W25QXX_Write_SR   w25qxx.o
    0x080104b4   0x00000066   Code   RO        11908    i.__hardfp_sqrt     m_wv.l(sqrt.o)
    0x0801051a   0x0000000e   Code   RO        11838    i._is_digit         c_w.l(__printf_wp.o)
    0x08010528   0x00000002   Code   RO         4622    i._sys_exit         usart.o
    0x0801052a   0x00000002   PAD
    0x0801052c   0x0000017c   Code   RO        10285    i._zbar_decode_code128  ATK_QR_V1.4.lib(code128.o)
    0x080106a8   0x00000166   Code   RO        11244    i._zbar_decode_code39  ATK_QR_V1.4.lib(code39.o)
    0x0801080e   0x0000009c   Code   RO        11301    i._zbar_decode_ean  ATK_QR_V1.4.lib(ean.o)
    0x080108aa   0x00000102   Code   RO        11393    i._zbar_decode_i25  ATK_QR_V1.4.lib(i25.o)
    0x080109ac   0x000000de   Code   RO        10390    i._zbar_find_qr     ATK_QR_V1.4.lib(qr_finder.o)
    0x08010a8a   0x0000001e   Code   RO         9939    i._zbar_image_free  ATK_QR_V1.4.lib(image.o)
    0x08010aa8   0x0000002a   Code   RO         9940    i._zbar_image_refcnt  ATK_QR_V1.4.lib(image.o)
    0x08010ad2   0x0000007c   Code   RO        10119    i._zbar_image_scanner_recycle_syms  ATK_QR_V1.4.lib(img_scanner.o)
    0x08010b4e   0x00000002   PAD
    0x08010b50   0x00000104   Code   RO        10877    i._zbar_qr_decode   ATK_QR_V1.4.lib(qrdec.o)
    0x08010c54   0x0000000c   Code   RO        10880    i._zbar_qr_reset    ATK_QR_V1.4.lib(qrdec.o)
    0x08010c60   0x00000002   Code   RO        10596    i._zbar_refcnt_init  ATK_QR_V1.4.lib(refcnt.o)
    0x08010c62   0x00000032   Code   RO        10706    i._zbar_symbol_free  ATK_QR_V1.4.lib(symbol.o)
    0x08010c94   0x00000012   Code   RO        10707    i._zbar_symbol_refcnt  ATK_QR_V1.4.lib(symbol.o)
    0x08010ca6   0x00000022   Code   RO        10708    i._zbar_symbol_set_create  ATK_QR_V1.4.lib(symbol.o)
    0x08010cc8   0x0000002a   Code   RO        10845    i._zbar_symbol_set_free  ATK_QR_V1.4.lib(symbol.o)
    0x08010cf2   0x0000001c   Code   RO         9811    i.atk_guess_utf8    ATK_QR_V1.4.lib(atk_zbar.o)
    0x08010d0e   0x00000006   Code   RO         8744    i.atk_qr_convert    atk_qrdecode.o
    0x08010d14   0x0000003e   Code   RO         9812    i.atk_qr_count_gbk  ATK_QR_V1.4.lib(atk_zbar.o)
    0x08010d52   0x00000062   Code   RO         9813    i.atk_qr_count_utf8  ATK_QR_V1.4.lib(atk_zbar.o)
    0x08010db4   0x00000134   Code   RO         9814    i.atk_qr_decode     ATK_QR_V1.4.lib(atk_zbar.o)
    0x08010ee8   0x00000008   Code   RO         8745    i.atk_qr_free       atk_qrdecode.o
    0x08010ef0   0x00000008   Code   RO         8746    i.atk_qr_malloc     atk_qrdecode.o
    0x08010ef8   0x00000004   Code   RO         8747    i.atk_qr_memcpy     atk_qrdecode.o
    0x08010efc   0x00000004   Code   RO         8748    i.atk_qr_memset     atk_qrdecode.o
    0x08010f00   0x0000000a   Code   RO         8749    i.atk_qr_realloc    atk_qrdecode.o
    0x08010f0a   0x000000a2   Code   RO         9817    i.atk_qr_utf8tounicode  ATK_QR_V1.4.lib(atk_zbar.o)
    0x08010fac   0x00000088   Code   RO        11302    i.aux_end           ATK_QR_V1.4.lib(ean.o)
    0x08011034   0x0000009c   Code   RO        11303    i.aux_start         ATK_QR_V1.4.lib(ean.o)
    0x080110d0   0x0000007c   Code   RO        11455    i.bch15_5_calc_epos  ATK_QR_V1.4.lib(bch15_5.o)
    0x0801114c   0x00000070   Code   RO        11456    i.bch15_5_calc_omega  ATK_QR_V1.4.lib(bch15_5.o)
    0x080111bc   0x0000009c   Code   RO        11457    i.bch15_5_calc_syndrome  ATK_QR_V1.4.lib(bch15_5.o)
    0x08011258   0x00000050   Code   RO        11458    i.bch15_5_correct   ATK_QR_V1.4.lib(bch15_5.o)
    0x080112a8   0x00000044   Code   RO        11459    i.bch15_5_encode    ATK_QR_V1.4.lib(bch15_5.o)
    0x080112ec   0x00000036   Code   RO        10611    i.calc_thresh       ATK_QR_V1.4.lib(scanner.o)
    0x08011322   0x0000000e   Code   RO        10449    i.code128_reset     ATK_QR_V1.4.lib(decoder.o)
    0x08011330   0x00000032   Code   RO        11245    i.code39_decode1    ATK_QR_V1.4.lib(code39.o)
    0x08011362   0x00000002   PAD
    0x08011364   0x000000c0   Code   RO        11246    i.code39_decode9    ATK_QR_V1.4.lib(code39.o)
    0x08011424   0x0000008c   Code   RO        11247    i.code39_postprocess  ATK_QR_V1.4.lib(code39.o)
    0x080114b0   0x0000000e   Code   RO        10450    i.code39_reset      ATK_QR_V1.4.lib(decoder.o)
    0x080114be   0x000000c8   Code   RO        11304    i.decode4           ATK_QR_V1.4.lib(ean.o)
    0x08011586   0x00000002   PAD
    0x08011588   0x000001fc   Code   RO        10286    i.decode6           ATK_QR_V1.4.lib(code128.o)
    0x08011784   0x0000001c   Code   RO        10287    i.decode_e          ATK_QR_V1.4.lib(code128.o)
    0x080117a0   0x0000001c   Code   RO        10391    i.decode_e          ATK_QR_V1.4.lib(qr_finder.o)
    0x080117bc   0x0000001c   Code   RO        11305    i.decode_e          ATK_QR_V1.4.lib(ean.o)
    0x080117d8   0x0000001c   Code   RO        11394    i.decode_e          ATK_QR_V1.4.lib(i25.o)
    0x080117f4   0x000000dc   Code   RO        10288    i.decode_hi         ATK_QR_V1.4.lib(code128.o)
    0x080118d0   0x00000104   Code   RO        11306    i.decode_pass       ATK_QR_V1.4.lib(ean.o)
    0x080119d4   0x0000004c   Code   RO         4511    i.delay_init        delay.o
    0x08011a20   0x00000078   Code   RO         4512    i.delay_ms          delay.o
    0x08011a98   0x0000003c   Code   RO         4516    i.delay_us          delay.o
    0x08011ad4   0x000000b4   Code   RO        11307    i.ean_expand_upce   ATK_QR_V1.4.lib(ean.o)
    0x08011b88   0x00000012   Code   RO        10452    i.ean_new_scan      ATK_QR_V1.4.lib(decoder.o)
    0x08011b9a   0x00000002   PAD
    0x08011b9c   0x000000d8   Code   RO        11308    i.ean_part_end7     ATK_QR_V1.4.lib(ean.o)
    0x08011c74   0x00000054   Code   RO        11309    i.ean_verify_checksum  ATK_QR_V1.4.lib(ean.o)
    0x08011cc8   0x00000078   Code   RO         9414    i.ff_convert        mycc936.o
    0x08011d40   0x0000003c   Code   RO         9527    i.font_init         fontupd.o
    0x08011d7c   0x00000014   Code   RO         4623    i.fputc             usart.o
    0x08011d90   0x00000010   Code   RO        10289    i.get_width         ATK_QR_V1.4.lib(code128.o)
    0x08011da0   0x00000010   Code   RO        10392    i.get_width         ATK_QR_V1.4.lib(qr_finder.o)
    0x08011db0   0x00000010   Code   RO        11248    i.get_width         ATK_QR_V1.4.lib(code39.o)
    0x08011dc0   0x00000010   Code   RO        11310    i.get_width         ATK_QR_V1.4.lib(ean.o)
    0x08011dd0   0x00000010   Code   RO        11395    i.get_width         ATK_QR_V1.4.lib(i25.o)
    0x08011de0   0x00000014   Code   RO        11460    i.gf16_hmul         ATK_QR_V1.4.lib(bch15_5.o)
    0x08011df4   0x0000001c   Code   RO        11461    i.gf16_mul          ATK_QR_V1.4.lib(bch15_5.o)
    0x08011e10   0x0000002a   Code   RO        11396    i.i25_decode1       ATK_QR_V1.4.lib(i25.o)
    0x08011e3a   0x00000070   Code   RO        11397    i.i25_decode10      ATK_QR_V1.4.lib(i25.o)
    0x08011eaa   0x00000002   PAD
    0x08011eac   0x0000010c   Code   RO        11398    i.i25_decode_end    ATK_QR_V1.4.lib(i25.o)
    0x08011fb8   0x000000aa   Code   RO        11399    i.i25_decode_start  ATK_QR_V1.4.lib(i25.o)
    0x08012062   0x0000000e   Code   RO        10453    i.i25_reset         ATK_QR_V1.4.lib(decoder.o)
    0x08012070   0x000001d6   Code   RO        11311    i.integrate_partial  ATK_QR_V1.4.lib(ean.o)
    0x08012246   0x00000002   PAD
    0x08012248   0x000000f0   Code   RO            6    i.interface_task    main.o
    0x08012338   0x00000022   Code   RO        11536    i.isaac_next_uint   ATK_QR_V1.4.lib(isaac.o)
    0x0801235a   0x0000001c   Code   RO        11537    i.isaac_next_uint32  ATK_QR_V1.4.lib(isaac.o)
    0x08012376   0x00000002   PAD
    0x08012378   0x000001c6   Code   RO        11538    i.isaac_update      ATK_QR_V1.4.lib(isaac.o)
    0x0801253e   0x00000002   PAD
    0x08012540   0x00000054   Code   RO            7    i.lidar_task        main.o
    0x08012594   0x00000160   Code   RO            8    i.main              main.o
    0x080126f4   0x0000003c   Code   RO         9446    i.my_mem_init       malloc.o
    0x08012730   0x00000094   Code   RO         9447    i.my_mem_malloc     malloc.o
    0x080127c4   0x00000044   Code   RO         9448    i.my_mem_perused    malloc.o
    0x08012808   0x00000070   Code   RO         9449    i.myfree            malloc.o
    0x08012878   0x00000024   Code   RO         9450    i.mymalloc          malloc.o
    0x0801289c   0x00000014   Code   RO         9451    i.mymemcpy          malloc.o
    0x080128b0   0x00000010   Code   RO         9452    i.mymemset          malloc.o
    0x080128c0   0x0000004c   Code   RO         9453    i.myrealloc         malloc.o
    0x0801290c   0x000000d4   Code   RO            9    i.ov5640_task       main.o
    0x080129e0   0x0000001a   Code   RO        10393    i.pair_width        ATK_QR_V1.4.lib(qr_finder.o)
    0x080129fa   0x00000002   PAD
    0x080129fc   0x0000013c   Code   RO        10290    i.postprocess       ATK_QR_V1.4.lib(code128.o)
    0x08012b38   0x0000013c   Code   RO        11312    i.postprocess       ATK_QR_V1.4.lib(ean.o)
    0x08012c74   0x00000096   Code   RO        10291    i.postprocess_c     ATK_QR_V1.4.lib(code128.o)
    0x08012d0a   0x00000028   Code   RO        10612    i.process_edge      ATK_QR_V1.4.lib(scanner.o)
    0x08012d32   0x0000009c   Code   RO        10881    i.qr_aff_init       ATK_QR_V1.4.lib(qrdec.o)
    0x08012dce   0x000000c6   Code   RO        10882    i.qr_aff_line_step  ATK_QR_V1.4.lib(qrdec.o)
    0x08012e94   0x00000040   Code   RO        10883    i.qr_aff_project    ATK_QR_V1.4.lib(qrdec.o)
    0x08012ed4   0x0000002c   Code   RO        10884    i.qr_aff_unproject  ATK_QR_V1.4.lib(qrdec.o)
    0x08012f00   0x00000062   Code   RO        10885    i.qr_alignment_pattern_fetch  ATK_QR_V1.4.lib(qrdec.o)
    0x08012f62   0x00000002   PAD
    0x08012f64   0x00000450   Code   RO        10886    i.qr_alignment_pattern_search  ATK_QR_V1.4.lib(qrdec.o)
    0x080133b4   0x00000228   Code   RO        11503    i.qr_binarize       ATK_QR_V1.4.lib(binarize.o)
    0x080135dc   0x0000004a   Code   RO        10887    i.qr_cmp_edge_pt    ATK_QR_V1.4.lib(qrdec.o)
    0x08013626   0x00000002   PAD
    0x08013628   0x00000038   Code   RO        10888    i.qr_code_data_clear  ATK_QR_V1.4.lib(qrdec.o)
    0x08013660   0x0000002c   Code   RO        10889    i.qr_code_data_list_clear  ATK_QR_V1.4.lib(qrdec.o)
    0x0801368c   0x0000000a   Code   RO        10890    i.qr_code_data_list_init  ATK_QR_V1.4.lib(qrdec.o)
    0x08013696   0x00000002   PAD
    0x08013698   0x000003b0   Code   RO        10891    i.qr_code_data_parse  ATK_QR_V1.4.lib(qrdec.o)
    0x08013a48   0x000001d4   Code   RO        10892    i.qr_code_decode    ATK_QR_V1.4.lib(qrdec.o)
    0x08013c1c   0x0000020c   Code   RO        10893    i.qr_data_mask_fill  ATK_QR_V1.4.lib(qrdec.o)
    0x08013e28   0x00000214   Code   RO           11    i.qr_decode         main.o
    0x0801403c   0x00000076   Code   RO        10894    i.qr_finder_center_cmp  ATK_QR_V1.4.lib(qrdec.o)
    0x080140b2   0x00000002   PAD
    0x080140b4   0x000000ec   Code   RO        10895    i.qr_finder_centers_locate  ATK_QR_V1.4.lib(qrdec.o)
    0x080141a0   0x000001b4   Code   RO        10896    i.qr_finder_cluster_lines  ATK_QR_V1.4.lib(qrdec.o)
    0x08014354   0x000000d0   Code   RO        10897    i.qr_finder_edge_pts_aff_classify  ATK_QR_V1.4.lib(qrdec.o)
    0x08014424   0x0000008c   Code   RO        10898    i.qr_finder_edge_pts_fill  ATK_QR_V1.4.lib(qrdec.o)
    0x080144b0   0x000000e8   Code   RO        10899    i.qr_finder_edge_pts_hom_classify  ATK_QR_V1.4.lib(qrdec.o)
    0x08014598   0x00000166   Code   RO        10900    i.qr_finder_estimate_module_size_and_version  ATK_QR_V1.4.lib(qrdec.o)
    0x080146fe   0x00000002   PAD
    0x08014700   0x00000230   Code   RO        10901    i.qr_finder_find_crossings  ATK_QR_V1.4.lib(qrdec.o)
    0x08014930   0x000002fe   Code   RO        10902    i.qr_finder_fmt_info_decode  ATK_QR_V1.4.lib(qrdec.o)
    0x08014c2e   0x0000002a   Code   RO        10903    i.qr_finder_lines_are_crossing  ATK_QR_V1.4.lib(qrdec.o)
    0x08014c58   0x00000158   Code   RO        10904    i.qr_finder_locate_crossing  ATK_QR_V1.4.lib(qrdec.o)
    0x08014db0   0x00000084   Code   RO        10905    i.qr_finder_quick_crossing_check  ATK_QR_V1.4.lib(qrdec.o)
    0x08014e34   0x00000194   Code   RO        10906    i.qr_finder_ransac  ATK_QR_V1.4.lib(qrdec.o)
    0x08014fc8   0x00000164   Code   RO        10907    i.qr_finder_version_decode  ATK_QR_V1.4.lib(qrdec.o)
    0x0801512c   0x00000018   Code   RO        10909    i.qr_hamming_dist   ATK_QR_V1.4.lib(qrdec.o)
    0x08015144   0x00000060   Code   RO        10910    i.qr_hom_cell_fproject  ATK_QR_V1.4.lib(qrdec.o)
    0x080151a4   0x0000080c   Code   RO        10911    i.qr_hom_cell_init  ATK_QR_V1.4.lib(qrdec.o)
    0x080159b0   0x00000048   Code   RO        10912    i.qr_hom_cell_project  ATK_QR_V1.4.lib(qrdec.o)
    0x080159f8   0x00000ae6   Code   RO        10913    i.qr_hom_fit        ATK_QR_V1.4.lib(qrdec.o)
    0x080164de   0x00000060   Code   RO        10914    i.qr_hom_fproject   ATK_QR_V1.4.lib(qrdec.o)
    0x0801653e   0x00000784   Code   RO        10915    i.qr_hom_init       ATK_QR_V1.4.lib(qrdec.o)
    0x08016cc2   0x00000098   Code   RO        10916    i.qr_hom_unproject  ATK_QR_V1.4.lib(qrdec.o)
    0x08016d5a   0x00000002   PAD
    0x08016d5c   0x000000b4   Code   RO        11676    i.qr_ihypot         ATK_QR_V1.4.lib(util.o)
    0x08016e10   0x00000046   Code   RO        11677    i.qr_ilog           ATK_QR_V1.4.lib(util.o)
    0x08016e56   0x000000a4   Code   RO        10917    i.qr_img_get_bit    ATK_QR_V1.4.lib(qrdec.o)
    0x08016efa   0x00000002   PAD
    0x08016efc   0x0000002a   Code   RO        11678    i.qr_isqrt          ATK_QR_V1.4.lib(util.o)
    0x08016f26   0x00000010   Code   RO        10918    i.qr_line_eval      ATK_QR_V1.4.lib(qrdec.o)
    0x08016f36   0x00000132   Code   RO        10919    i.qr_line_fit       ATK_QR_V1.4.lib(qrdec.o)
    0x08017068   0x00000066   Code   RO        10920    i.qr_line_fit_finder_edge  ATK_QR_V1.4.lib(qrdec.o)
    0x080170ce   0x00000002   PAD
    0x080170d0   0x0000012c   Code   RO        10921    i.qr_line_fit_finder_pair  ATK_QR_V1.4.lib(qrdec.o)
    0x080171fc   0x00000250   Code   RO        10922    i.qr_line_fit_points  ATK_QR_V1.4.lib(qrdec.o)
    0x0801744c   0x00000020   Code   RO        10923    i.qr_line_orient    ATK_QR_V1.4.lib(qrdec.o)
    0x0801746c   0x0000000e   Code   RO        10924    i.qr_pack_buf_avail  ATK_QR_V1.4.lib(qrdec.o)
    0x0801747a   0x00000068   Code   RO        10925    i.qr_pack_buf_read  ATK_QR_V1.4.lib(qrdec.o)
    0x080174e2   0x0000001e   Code   RO        10926    i.qr_point_ccw      ATK_QR_V1.4.lib(qrdec.o)
    0x08017500   0x00000014   Code   RO        10927    i.qr_point_distance2  ATK_QR_V1.4.lib(qrdec.o)
    0x08017514   0x0000000e   Code   RO        10928    i.qr_point_translate  ATK_QR_V1.4.lib(qrdec.o)
    0x08017522   0x00000002   PAD
    0x08017524   0x00000212   Code   RO        10929    i.qr_reader_match_centers  ATK_QR_V1.4.lib(qrdec.o)
    0x08017736   0x00000002   PAD
    0x08017738   0x000002f8   Code   RO        10930    i.qr_reader_try_configuration  ATK_QR_V1.4.lib(qrdec.o)
    0x08017a30   0x000001ac   Code   RO        10931    i.qr_samples_unpack  ATK_QR_V1.4.lib(qrdec.o)
    0x08017bdc   0x00000054   Code   RO        10932    i.qr_sampling_grid_fp_mask_rect  ATK_QR_V1.4.lib(qrdec.o)
    0x08017c30   0x00000720   Code   RO        10933    i.qr_sampling_grid_init  ATK_QR_V1.4.lib(qrdec.o)
    0x08018350   0x00000154   Code   RO        10934    i.qr_sampling_grid_sample  ATK_QR_V1.4.lib(qrdec.o)
    0x080184a4   0x0000001a   Code   RO        10122    i.quiet_border      ATK_QR_V1.4.lib(img_scanner.o)
    0x080184be   0x00000004   Code   RO         9621    i.read_addr         usmart.o
    0x080184c2   0x00000020   Code   RO        10123    i.recycle_syms      ATK_QR_V1.4.lib(img_scanner.o)
    0x080184e2   0x00000190   Code   RO        11588    i.rs_correct        ATK_QR_V1.4.lib(rs.o)
    0x08018672   0x00000118   Code   RO        11589    i.rs_cubic_solve    ATK_QR_V1.4.lib(rs.o)
    0x0801878a   0x00000002   PAD
    0x0801878c   0x000000a4   Code   RO        11591    i.rs_find_roots     ATK_QR_V1.4.lib(rs.o)
    0x08018830   0x00000014   Code   RO        11592    i.rs_gdiv           ATK_QR_V1.4.lib(rs.o)
    0x08018844   0x00000016   Code   RO        11594    i.rs_gmul           ATK_QR_V1.4.lib(rs.o)
    0x0801885a   0x0000001c   Code   RO        11595    i.rs_gsqrt          ATK_QR_V1.4.lib(rs.o)
    0x08018876   0x00000012   Code   RO        11596    i.rs_hgmul          ATK_QR_V1.4.lib(rs.o)
    0x08018888   0x0000018c   Code   RO        11597    i.rs_modified_berlekamp_massey  ATK_QR_V1.4.lib(rs.o)
    0x08018a14   0x00000004   Code   RO        11598    i.rs_poly_zero      ATK_QR_V1.4.lib(rs.o)
    0x08018a18   0x000001d8   Code   RO        11599    i.rs_quadratic_solve  ATK_QR_V1.4.lib(rs.o)
    0x08018bf0   0x0000015a   Code   RO        11600    i.rs_quartic_solve  ATK_QR_V1.4.lib(rs.o)
    0x08018d4a   0x00000002   PAD
    0x08018d4c   0x00000118   Code   RO           13    i.runing_task       main.o
    0x08018e64   0x0000003a   Code   RO        10292    i.size_buf          ATK_QR_V1.4.lib(code128.o)
    0x08018e9e   0x00000002   PAD
    0x08018ea0   0x000001f0   Code   RO           14    i.start_task        main.o
    0x08019090   0x00000038   Code   RO         4624    i.uart_init         usart.o
    0x080190c8   0x00000040   Code   RO         6609    i.ultrasonic_init   ultrasonic.o
    0x08019108   0x00000050   Code   RO           15    i.ultrasonic_task   main.o
    0x08019158   0x000000b0   Code   RO         9622    i.usmart_cmd_rec    usmart.o
    0x08019208   0x000002b8   Code   RO         9623    i.usmart_exe        usmart.o
    0x080194c0   0x000000ae   Code   RO         9732    i.usmart_get_aparm  usmart_str.o
    0x0801956e   0x00000046   Code   RO         9733    i.usmart_get_cmdname  usmart_str.o
    0x080195b4   0x000001b0   Code   RO         9734    i.usmart_get_fname  usmart_str.o
    0x08019764   0x0000012c   Code   RO         9735    i.usmart_get_fparam  usmart_str.o
    0x08019890   0x00000028   Code   RO         9736    i.usmart_get_parmpos  usmart_str.o
    0x080198b8   0x0000006c   Code   RO         9625    i.usmart_init       usmart.o
    0x08019924   0x000000ac   Code   RO         9627    i.usmart_scan       usmart.o
    0x080199d0   0x000000f8   Code   RO         9739    i.usmart_str2num    usmart_str.o
    0x08019ac8   0x0000001a   Code   RO         9740    i.usmart_strcmp     usmart_str.o
    0x08019ae2   0x00000002   PAD
    0x08019ae4   0x00000698   Code   RO         9628    i.usmart_sys_cmd_exe  usmart.o
    0x0801a17c   0x00000004   Code   RO         9629    i.write_addr        usmart.o
    0x0801a180   0x00000094   Code   RO        10454    i.zbar_decode_width  ATK_QR_V1.4.lib(decoder.o)
    0x0801a214   0x0000003c   Code   RO        10462    i.zbar_decoder_new_scan  ATK_QR_V1.4.lib(decoder.o)
    0x0801a250   0x0000003c   Code   RO        10463    i.zbar_decoder_reset  ATK_QR_V1.4.lib(decoder.o)
    0x0801a28c   0x0000002e   Code   RO         9942    i.zbar_image_create  ATK_QR_V1.4.lib(image.o)
    0x0801a2ba   0x00000002   PAD
    0x0801a2bc   0x0000004c   Code   RO        10081    i.zbar_image_free_data  ATK_QR_V1.4.lib(image.o)
    0x0801a308   0x00000044   Code   RO        10217    i.zbar_image_scanner_recycle_image  ATK_QR_V1.4.lib(img_scanner.o)
    0x0801a34c   0x0000001a   Code   RO         9954    i.zbar_image_set_data  ATK_QR_V1.4.lib(image.o)
    0x0801a366   0x00000006   Code   RO         9957    i.zbar_image_set_size  ATK_QR_V1.4.lib(image.o)
    0x0801a36c   0x000002a8   Code   RO        10132    i.zbar_scan_image   ATK_QR_V1.4.lib(img_scanner.o)
    0x0801a614   0x0000013a   Code   RO        10613    i.zbar_scan_y       ATK_QR_V1.4.lib(scanner.o)
    0x0801a74e   0x00000046   Code   RO        10686    i.zbar_scanner_flush  ATK_QR_V1.4.lib(scanner.o)
    0x0801a794   0x0000002a   Code   RO        10620    i.zbar_scanner_new_scan  ATK_QR_V1.4.lib(scanner.o)
    0x0801a7be   0x00000022   Code   RO        10621    i.zbar_scanner_reset  ATK_QR_V1.4.lib(scanner.o)
    0x0801a7e0   0x00000012   Code   RO        10725    i.zbar_symbol_set_ref  ATK_QR_V1.4.lib(symbol.o)
    0x0801a7f2   0x0000000a   Code   RO        12111    x$fpl$fpinit        fz_wv.l(fpinit.o)
    0x0801a7fc   0x00000000   Code   RO        12030    x$fpl$usenofp       fz_wv.l(usenofp.o)
    0x0801a7fc   0x00000010   Data   RO          586    .constdata          system_stm32f7xx.o
    0x0801a80c   0x00000008   Data   RO          587    .constdata          system_stm32f7xx.o
    0x0801a814   0x00004740   Data   RO         4927    .constdata          lcd.o
    0x0801ef54   0x0000000a   Data   RO         6246    .constdata          ft5206.o
    0x0801ef5e   0x000000c2   Data   RO         6292    .constdata          gt9147.o
    0x0801f020   0x000000ce   Data   RO         6344    .constdata          gt9271.o
    0x0801f0ee   0x0000000a   Data   RO         6394    .constdata          ott2001a.o
    0x0801f0f8   0x00000004   Data   RO         6452    .constdata          touch.o
    0x0801f0fc   0x00000004   Data   RO         7472    .constdata          os_cfg_app.o
    0x0801f100   0x00000004   Data   RO         7473    .constdata          os_cfg_app.o
    0x0801f104   0x00000004   Data   RO         7474    .constdata          os_cfg_app.o
    0x0801f108   0x00000004   Data   RO         7483    .constdata          os_cfg_app.o
    0x0801f10c   0x00000004   Data   RO         7484    .constdata          os_cfg_app.o
    0x0801f110   0x00000002   Data   RO         7486    .constdata          os_cfg_app.o
    0x0801f112   0x00000002   PAD
    0x0801f114   0x00000004   Data   RO         7488    .constdata          os_cfg_app.o
    0x0801f118   0x00000001   Data   RO         7489    .constdata          os_cfg_app.o
    0x0801f119   0x00000003   PAD
    0x0801f11c   0x00000004   Data   RO         7490    .constdata          os_cfg_app.o
    0x0801f120   0x00000004   Data   RO         7491    .constdata          os_cfg_app.o
    0x0801f124   0x00000004   Data   RO         7492    .constdata          os_cfg_app.o
    0x0801f128   0x00000004   Data   RO         7493    .constdata          os_cfg_app.o
    0x0801f12c   0x00000004   Data   RO         7495    .constdata          os_cfg_app.o
    0x0801f130   0x00000004   Data   RO         7496    .constdata          os_cfg_app.o
    0x0801f134   0x00000001   Data   RO         7497    .constdata          os_cfg_app.o
    0x0801f135   0x00000003   PAD
    0x0801f138   0x00000004   Data   RO         7498    .constdata          os_cfg_app.o
    0x0801f13c   0x00000004   Data   RO         7499    .constdata          os_cfg_app.o
    0x0801f140   0x00000004   Data   RO         7500    .constdata          os_cfg_app.o
    0x0801f144   0x00000001   Data   RO         7502    .constdata          os_cfg_app.o
    0x0801f145   0x00000003   PAD
    0x0801f148   0x00000004   Data   RO         7503    .constdata          os_cfg_app.o
    0x0801f14c   0x00000004   Data   RO         7504    .constdata          os_cfg_app.o
    0x0801f150   0x00000004   Data   RO         7505    .constdata          os_cfg_app.o
    0x0801f154   0x00000004   Data   RO         7506    .constdata          os_cfg_app.o
    0x0801f158   0x00000024   Data   RO         9460    .constdata          malloc.o
    0x0801f17c   0x000001b4   Data   RO        10294    .constdata          ATK_QR_V1.4.lib(code128.o)
    0x0801f330   0x00000244   Data   RO        10935    .constdata          ATK_QR_V1.4.lib(qrdec.o)
    0x0801f574   0x000000d0   Data   RO        11249    .constdata          ATK_QR_V1.4.lib(code39.o)
    0x0801f644   0x00000034   Data   RO        11313    .constdata          ATK_QR_V1.4.lib(ean.o)
    0x0801f678   0x0000002f   Data   RO        11462    .constdata          ATK_QR_V1.4.lib(bch15_5.o)
    0x0801f6a7   0x00000028   Data   RO        11820    .constdata          c_w.l(_printf_hex_int_ptr.o)
    0x0801f6cf   0x00000011   Data   RO        11846    .constdata          c_w.l(__printf_flags_ss_wp.o)
    0x0801f6e0   0x00000079   Data   RO         6453    .conststring        touch.o
    0x0801f759   0x00000003   PAD
    0x0801f75c   0x00000028   Data   RO         9631    .conststring        usmart.o
    0x0801f784   0x000003fb   Data   RO         9706    .conststring        usmart_config.o
    0x0801fb7f   0x00000001   PAD
    0x0801fb80   0x00000020   Data   RO        12213    Region$$Table       anon$$obj.o


    Execution Region RW_IRAM1 (Base: 0x20020000, Size: 0x00031178, Max: 0x00060000, ABSOLUTE, COMPRESSED[0x0000011c])

    Base Addr    Size         Type   Attr      Idx    E Section Name        Object

    0x20020000   0x00000014   Data   RW           17    .data               main.o
    0x20020014   0x00000004   Data   RW          588    .data               system_stm32f7xx.o
    0x20020018   0x00000004   Data   RW          775    .data               stm32f7xx_hal.o
    0x2002001c   0x00000008   Data   RW         4517    .data               delay.o
    0x20020024   0x00000004   Data   RW         4626    .data               usart.o
    0x20020028   0x00000004   Data   RW         4627    .data               usart.o
    0x2002002c   0x00000008   Data   RW         4720    .data               dcmi.o
    0x20020034   0x00000001   Data   RW         4864    .data               key.o
    0x20020035   0x00000003   PAD
    0x20020038   0x00000008   Data   RW         4928    .data               lcd.o
    0x20020040   0x00000008   Data   RW         5131    .data               ltdc.o
    0x20020048   0x00000004   Data   RW         6006    .data               w25qxx.o
    0x2002004c   0x00000001   Data   RW         6247    .data               ft5206.o
    0x2002004d   0x00000001   Data   RW         6293    .data               gt9147.o
    0x2002004e   0x00000001   Data   RW         6345    .data               gt9271.o
    0x2002004f   0x00000001   Data   RW         6395    .data               ott2001a.o
    0x20020050   0x0000004c   Data   RW         6454    .data               touch.o
    0x2002009c   0x00000008   Data   RW         6642    .data               timer.o
    0x200200a4   0x00000001   Data   RW         6713    .data               rs485.o
    0x200200a5   0x00000003   PAD
    0x200200a8   0x0000001c   Data   RW         6888    .data               cpu_core.o
    0x200200c4   0x00000008   Data   RW         7985    .data               os_prio.o
    0x200200cc   0x00000004   Data   RW         8509    .data               os_var.o
    0x200200d0   0x00000004   Data   RW         8510    .data               os_var.o
    0x200200d4   0x00000004   Data   RW         8511    .data               os_var.o
    0x200200d8   0x00000004   Data   RW         8512    .data               os_var.o
    0x200200dc   0x00000004   Data   RW         8513    .data               os_var.o
    0x200200e0   0x00000004   Data   RW         8514    .data               os_var.o
    0x200200e4   0x00000004   Data   RW         8515    .data               os_var.o
    0x200200e8   0x00000004   Data   RW         8516    .data               os_var.o
    0x200200ec   0x00000001   Data   RW         8517    .data               os_var.o
    0x200200ed   0x00000003   PAD
    0x200200f0   0x00000004   Data   RW         8518    .data               os_var.o
    0x200200f4   0x00000001   Data   RW         8519    .data               os_var.o
    0x200200f5   0x00000003   PAD
    0x200200f8   0x00000004   Data   RW         8520    .data               os_var.o
    0x200200fc   0x00000002   Data   RW         8521    .data               os_var.o
    0x200200fe   0x00000002   PAD
    0x20020100   0x00000004   Data   RW         8522    .data               os_var.o
    0x20020104   0x00000002   Data   RW         8523    .data               os_var.o
    0x20020106   0x00000002   PAD
    0x20020108   0x00000004   Data   RW         8524    .data               os_var.o
    0x2002010c   0x00000002   Data   RW         8525    .data               os_var.o
    0x2002010e   0x00000001   Data   RW         8526    .data               os_var.o
    0x2002010f   0x00000001   Data   RW         8527    .data               os_var.o
    0x20020110   0x00000001   Data   RW         8528    .data               os_var.o
    0x20020111   0x00000003   PAD
    0x20020114   0x00000004   Data   RW         8529    .data               os_var.o
    0x20020118   0x00000002   Data   RW         8530    .data               os_var.o
    0x2002011a   0x00000001   Data   RW         8531    .data               os_var.o
    0x2002011b   0x00000001   PAD
    0x2002011c   0x00000004   Data   RW         8532    .data               os_var.o
    0x20020120   0x00000002   Data   RW         8533    .data               os_var.o
    0x20020122   0x00000001   Data   RW         8534    .data               os_var.o
    0x20020123   0x00000001   PAD
    0x20020124   0x00000002   Data   RW         8535    .data               os_var.o
    0x20020126   0x00000002   Data   RW         8536    .data               os_var.o
    0x20020128   0x00000004   Data   RW         8537    .data               os_var.o
    0x2002012c   0x00000004   Data   RW         8538    .data               os_var.o
    0x20020130   0x00000004   Data   RW         8539    .data               os_var.o
    0x20020134   0x00000001   Data   RW         8540    .data               os_var.o
    0x20020135   0x00000003   PAD
    0x20020138   0x00000004   Data   RW         8541    .data               os_var.o
    0x2002013c   0x00000004   Data   RW         8542    .data               os_var.o
    0x20020140   0x00000004   Data   RW         8543    .data               os_var.o
    0x20020144   0x00000002   Data   RW         8544    .data               os_var.o
    0x20020146   0x00000001   Data   RW         8545    .data               os_var.o
    0x20020147   0x00000001   PAD
    0x20020148   0x00000004   Data   RW         8546    .data               os_var.o
    0x2002014c   0x00000004   Data   RW         8547    .data               os_var.o
    0x20020150   0x00000008   Data   RW         8548    .data               os_var.o
    0x20020158   0x00000008   Data   RW         8549    .data               os_var.o
    0x20020160   0x00000004   Data   RW         8550    .data               os_var.o
    0x20020164   0x00000002   Data   RW         8551    .data               os_var.o
    0x20020166   0x00000002   PAD
    0x20020168   0x00000004   Data   RW         8552    .data               os_var.o
    0x2002016c   0x00000004   Data   RW         8554    .data               os_var.o
    0x20020170   0x00000004   Data   RW         8555    .data               os_var.o
    0x20020174   0x00000004   Data   RW         8556    .data               os_var.o
    0x20020178   0x00000004   Data   RW         8557    .data               os_var.o
    0x2002017c   0x00000004   Data   RW         8558    .data               os_var.o
    0x20020180   0x00000004   Data   RW         8559    .data               os_var.o
    0x20020184   0x00000004   Data   RW         8583    .data               os_cpu_c.o
    0x20020188   0x00000024   Data   RW         9461    .data               malloc.o
    0x200201ac   0x0000001c   Data   RW         9632    .data               usmart.o
    0x200201c8   0x000000c0   Data   RW         9707    .data               usmart_config.o
    0x20020288   0x000000f4   Data   RW         9708    .data               usmart_config.o
    0x2002037c   0x00000010   Data   RW         9819    .data               ATK_QR_V1.4.lib(atk_zbar.o)
    0x2002038c   0x00000008   Data   RW        10296    .data               ATK_QR_V1.4.lib(code128.o)
    0x20020394   0x00000004   PAD
    0x20020398   0x00004400   Zero   RW           16    .bss                main.o
    0x20024798   0x00000138   Zero   RW         4625    .bss                usart.o
    0x200248d0   0x000000b0   Zero   RW         4719    .bss                dcmi.o
    0x20024980   0x0000005a   Zero   RW         4926    .bss                lcd.o
    0x200249da   0x00000002   PAD
    0x200249dc   0x000000c8   Zero   RW         5129    .bss                ltdc.o
    0x20024aa4   0x00000044   Zero   RW         5826    .bss                qspi.o
    0x20024ae8   0x00000034   Zero   RW         5937    .bss                sdram.o
    0x20024b1c   0x00000078   Zero   RW         6641    .bss                timer.o
    0x20024b94   0x000000b0   Zero   RW         6712    .bss                rs485.o
    0x20024c44   0x00000010   Zero   RW         6885    .bss                cpu_core.o
    0x20024c54   0x00000200   Zero   RW         7466    .bss                os_cfg_app.o
    0x20024e54   0x00000190   Zero   RW         7467    .bss                os_cfg_app.o
    0x20024fe4   0x00000640   Zero   RW         7468    .bss                os_cfg_app.o
    0x20025624   0x00000190   Zero   RW         7469    .bss                os_cfg_app.o
    0x200257b4   0x00000200   Zero   RW         7470    .bss                os_cfg_app.o
    0x200259b4   0x00000200   Zero   RW         7471    .bss                os_cfg_app.o
    0x20025bb4   0x000000c0   Zero   RW         8502    .bss                os_var.o
    0x20025c74   0x0000000c   Zero   RW         8503    .bss                os_var.o
    0x20025c80   0x00000300   Zero   RW         8504    .bss                os_var.o
    0x20025f80   0x000000c0   Zero   RW         8505    .bss                os_var.o
    0x20026040   0x000000c0   Zero   RW         8506    .bss                os_var.o
    0x20026100   0x00000030   Zero   RW         8507    .bss                os_var.o
    0x20026130   0x000000c0   Zero   RW         8508    .bss                os_var.o
    0x200261f0   0x00000010   PAD
    0x20026200   0x00028000   Zero   RW         9458    .bss                malloc.o
    0x2004e200   0x00002800   Zero   RW         9459    .bss                malloc.o
    0x20050a00   0x00000029   Zero   RW         9531    .bss                fontupd.o
    0x20050a29   0x00000003   PAD
    0x20050a2c   0x0000003c   Zero   RW         9630    .bss                usmart.o
    0x20050a68   0x00000014   Zero   RW         9818    .bss                ATK_QR_V1.4.lib(atk_zbar.o)
    0x20050a7c   0x00000096   Zero   RW        10293    .bss                ATK_QR_V1.4.lib(code128.o)
    0x20050b12   0x00000002   PAD
    0x20050b14   0x00000060   Zero   RW        12062    .bss                c_w.l(libspace.o)
    0x20050b74   0x00000004   PAD
    0x20050b78   0x00000200   Zero   RW          741    HEAP                startup_stm32f767xx.o
    0x20050d78   0x00000400   Zero   RW          740    STACK               startup_stm32f767xx.o



  Load Region LR$$.ARM.__AT_0x20000000 (Base: 0x20000000, Size: 0x00000000, Max: 0x0000f000, ABSOLUTE)

    Execution Region ER$$.ARM.__AT_0x20000000 (Base: 0x20000000, Size: 0x0000f000, Max: 0x0000f000, ABSOLUTE, UNINIT)

    Base Addr    Size         Type   Attr      Idx    E Section Name        Object

    0x20000000   0x0000f000   Zero   RW         9454    .ARM.__AT_0x20000000  malloc.o



  Load Region LR$$.ARM.__AT_0x2000F000 (Base: 0x2000f000, Size: 0x00000000, Max: 0x00000f00, ABSOLUTE)

    Execution Region ER$$.ARM.__AT_0x2000F000 (Base: 0x2000f000, Size: 0x00000f00, Max: 0x00000f00, ABSOLUTE, UNINIT)

    Base Addr    Size         Type   Attr      Idx    E Section Name        Object

    0x2000f000   0x00000f00   Zero   RW         9455    .ARM.__AT_0x2000F000  malloc.o



  Load Region LR$$.ARM.__AT_0xC0000000 (Base: 0xc0000000, Size: 0x00000000, Max: 0x001f4000, ABSOLUTE)

    Execution Region ER$$.ARM.__AT_0xC0000000 (Base: 0xc0000000, Size: 0x001f4000, Max: 0x001f4000, ABSOLUTE, UNINIT)

    Base Addr    Size         Type   Attr      Idx    E Section Name        Object

    0xc0000000   0x001f4000   Zero   RW         5128    .ARM.__AT_0xC0000000  ltdc.o



  Load Region LR$$.ARM.__AT_0xC01F4000 (Base: 0xc01f4000, Size: 0x00000000, Max: 0x01c3c000, ABSOLUTE)

    Execution Region ER$$.ARM.__AT_0xC01F4000 (Base: 0xc01f4000, Size: 0x01c3c000, Max: 0x01c3c000, ABSOLUTE, UNINIT)

    Base Addr    Size         Type   Attr      Idx    E Section Name        Object

    0xc01f4000   0x01c3c000   Zero   RW         9456    .ARM.__AT_0xC01F4000  malloc.o



  Load Region LR$$.ARM.__AT_0xC1E30000 (Base: 0xc1e30000, Size: 0x00000000, Max: 0x001c3c00, ABSOLUTE)

    Execution Region ER$$.ARM.__AT_0xC1E30000 (Base: 0xc1e30000, Size: 0x001c3c00, Max: 0x001c3c00, ABSOLUTE, UNINIT)

    Base Addr    Size         Type   Attr      Idx    E Section Name        Object

    0xc1e30000   0x001c3c00   Zero   RW         9457    .ARM.__AT_0xC1E30000  malloc.o


==============================================================================

Image component sizes


      Code (inc. data)   RO Data    RW Data    ZI Data      Debug   Object Name

       338          0          0          0          0       3711   24cxx.o
        40          0          0          0          0       3196   atk_qrdecode.o
        60         16          0          0          0      11482   bsp.o
        52          0          0          0          0        364   cpu_a.o
       304         36          0         28         16       7089   cpu_core.o
       812         60          0          0          0       4775   ctiic.o
       264         66          0          8        176      34398   dcmi.o
       292         34          0          8          0       3655   delay.o
        60          4          0          0         41       2307   fontupd.o
       846         48         10          1          0       4207   ft5206.o
      1074         82        194          1          0       4502   gt9147.o
      1158         80        206          1          0       4618   gt9271.o
       360         32          0          1          0       1882   key.o
     23884        320      18240          8         90      91004   lcd.o
        76          8          0          0          0        935   led.o
        70          0          0          0          0      13492   lib_mem.o
      1732        158          0          8    2048200      12284   ltdc.o
      2618        406          0         20      17408     530092   main.o
       536         56         36         36   31695616       7275   malloc.o
       120         56          0          0          0      32219   mpu.o
       120          4          0          0          0        849   mycc936.o
       764         32          0          0          0       4382   myiic.o
         2          0         81          0       3936      19285   os_cfg_app.o
      2482        360          0          0          0      16436   os_core.o
       280         14          0          0          0        456   os_cpu_a.o
       716        160          0          4          0      25636   os_cpu_c.o
         2          0          0          0          0        978   os_dbg.o
        24         10          0          0          0       1202   os_flag.o
        24         10          0          0          0       1012   os_mem.o
       166         16          0          0          0       2272   os_msg.o
      1066         62          0          0          0       6605   os_mutex.o
       136         20          0          8          0       2990   os_prio.o
        24         10          0          0          0       1335   os_q.o
        24         10          0          0          0       1150   os_sem.o
      1248        204          0          0          0       3959   os_stat.o
      2266        162          0          0          0      11860   os_task.o
      1008         86          0          0          0       5107   os_tick.o
       420         38          0          0          0       2641   os_time.o
       516        134          0          0          0       2510   os_tmr.o
         0          0          0        163       1596      17818   os_var.o
       838         72         10          1          0       3783   ott2001a.o
       208         10          0          0          0       2069   pcf8574.o
       356         44          0          0         68       3889   qspi.o
       376         52          0          1        176       3527   rs485.o
       448         40          0          0         52       3072   sdram.o
       104         34        504          0       1536        876   startup_stm32f767xx.o
       106         22          0          4          0       3941   stm32f7xx_hal.o
       310         22          0          0          0      36400   stm32f7xx_hal_cortex.o
       214          6          0          0          0       3954   stm32f7xx_hal_dcmi.o
        36          0          0          0          0       1599   stm32f7xx_hal_dma.o
       588         16          0          0          0       3680   stm32f7xx_hal_gpio.o
       980          6          0          0          0       4481   stm32f7xx_hal_ltdc.o
       124         10          0          0          0       1344   stm32f7xx_hal_pwr_ex.o
      1394          4          0          0          0       6414   stm32f7xx_hal_qspi.o
       648         70          0          0          0       4382   stm32f7xx_hal_rcc.o
      2844         62          0          0          0       3836   stm32f7xx_hal_rcc_ex.o
       148          0          0          0          0       2708   stm32f7xx_hal_sdram.o
        86          0          0          0          0       1208   stm32f7xx_hal_sram.o
      1376         20          0          0          0      11609   stm32f7xx_hal_tim.o
         4          0          0          0          0       1974   stm32f7xx_hal_tim_ex.o
      2390         40          0          0          0      12091   stm32f7xx_hal_uart.o
        12          0          0          0          0       2879   stm32f7xx_it.o
       630         12          0          0          0       5816   stm32f7xx_ll_fmc.o
       284         26          0          0          0      33493   sys.o
        88         24         24          4          0       1195   system_stm32f7xx.o
       580         14          0          0          0       2917   text.o
       444         50          0          8        120       5096   timer.o
      3572        254        125         76          0      10981   touch.o
        64         10          0          0          0       1010   ultrasonic.o
       430         50          0          8        312       5849   usart.o
      2900       1342         40         28         60       7263   usmart.o
         0          0       1019        436          0       1688   usmart_config.o
      1290         18          0          0          0       7619   usmart_str.o
       514         16          0          4          0       4787   w25qxx.o

    ----------------------------------------------------------------------
     70444       5148      20536        892   33769424    1109400   Object Totals
         0          0         32          0          0          0   (incl. Generated)
        74          8         15         27         21          0   (incl. Padding)

    ----------------------------------------------------------------------

      Code (inc. data)   RO Data    RW Data    ZI Data      Debug   Library Member Name

       658         20          0         16         20      14654   atk_zbar.o
       588         26         47          0          0       6195   bch15_5.o
       552          0          0          0          0       1610   binarize.o
      1676         16        436          8        150      15965   code128.o
       756         20        208          0          0      11441   code39.o
       328          4          0          0          0      11755   decoder.o
      2218         30         52          0          0      18707   ean.o
       894         14          0          0          0      12055   i25.o
       226          0          0          0          0      10568   image.o
       930         30          0          0          0      17934   img_scanner.o
       516          0          0          0          0       3306   isaac.o
       292          0          0          0          0       7946   qr_finder.o
     21262         74        580          0          0      92436   qrdec.o
         2          0          0          0          0        492   refcnt.o
      2150          0          0          0          0      13913   rs.o
       554          0          0          0          0       8990   scanner.o
       162          0          0          0          0       8778   symbol.o
       292          4          0          0          0       2089   util.o
        24          4          0          0          0         84   __2printf.o
        90          0          0          0          0          0   __dczerorl2.o
         8          0          0          0          0         68   __main.o
       392          4         17          0          0         92   __printf_flags_ss_wp.o
        14          0          0          0          0         68   __printf_wp.o
         0          0          0          0          0          0   __rtentry.o
        12          0          0          0          0          0   __rtentry2.o
         6          0          0          0          0          0   __rtentry4.o
        52          8          0          0          0          0   __scatter.o
        28          0          0          0          0          0   __scatter_zi.o
         6          0          0          0          0          0   _printf_c.o
        44          0          0          0          0        108   _printf_char.o
        48          6          0          0          0         96   _printf_char_common.o
        36          4          0          0          0         80   _printf_char_file.o
         6          0          0          0          0          0   _printf_d.o
       120         16          0          0          0         92   _printf_dec.o
       124          4         40          0          0        144   _printf_hex_int_ptr.o
       178          0          0          0          0         88   _printf_intcommon.o
        78          0          0          0          0        108   _printf_pad.o
         0          0          0          0          0          0   _printf_percent.o
         4          0          0          0          0          0   _printf_percent_end.o
         6          0          0          0          0          0   _printf_s.o
        82          0          0          0          0         80   _printf_str.o
         6          0          0          0          0          0   _printf_u.o
         6          0          0          0          0          0   _printf_x.o
        22          0          0          0          0        100   _rserrno.o
        12          0          0          0          0         72   exit.o
         8          0          0          0          0         68   ferror.o
         6          0          0          0          0        152   heapauxi.o
         2          0          0          0          0          0   libinit.o
         6          0          0          0          0          0   libinit2.o
         2          0          0          0          0          0   libshutdown.o
         2          0          0          0          0          0   libshutdown2.o
         8          4          0          0         96         68   libspace.o
        72          0          0          0          0         76   llsdiv.o
        38          0          0          0          0         68   llsshr.o
       238          0          0          0          0        100   lludivv7m.o
       612          0          0          0          0        136   qsortnoex.o
         8          4          0          0          0         68   rt_errno_addr_intlibspace.o
        68          0          0          0          0         68   rt_memclr.o
        78          0          0          0          0         80   rt_memclr_w.o
       138          0          0          0          0         68   rt_memcpy_v6.o
       100          0          0          0          0         80   rt_memcpy_w.o
       132          0          0          0          0         68   rt_memmove_v6.o
       122          0          0          0          0         80   rt_memmove_w.o
         2          0          0          0          0          0   rtexit.o
        10          0          0          0          0          0   rtexit2.o
       104          0          0          0          0         68   strcmpv7m_pel.o
        72          0          0          0          0         80   strcpy.o
        62          0          0          0          0         76   strlen.o
        74          0          0          0          0         80   sys_stackheap_outer.o
         2          0          0          0          0         68   use_no_semi.o
         2          0          0          0          0         68   use_no_semi_2.o
        10          0          0          0          0        116   fpinit.o
         0          0          0          0          0          0   usenofp.o
       102          0          0          0          0        140   sqrt.o

    ----------------------------------------------------------------------
     37592        292       1380         24        276     261990   Library Totals
        52          0          0          0         10          0   (incl. Padding)

    ----------------------------------------------------------------------

      Code (inc. data)   RO Data    RW Data    ZI Data      Debug   Library Name

     34056        238       1323         24        170     258834   ATK_QR_V1.4.lib
      3372         54         57          0         96       2900   c_w.l
        10          0          0          0          0        116   fz_wv.l
       102          0          0          0          0        140   m_wv.l

    ----------------------------------------------------------------------
     37592        292       1380         24        276     261990   Library Totals

    ----------------------------------------------------------------------

==============================================================================


      Code (inc. data)   RO Data    RW Data    ZI Data      Debug   

    108036       5440      21916        916   33769700    1321630   Grand Totals
    108036       5440      21916        284   33769700    1321630   ELF Image Totals (compressed)
    108036       5440      21916        284          0          0   ROM Totals

==============================================================================

    Total RO  Size (Code + RO Data)               129952 ( 126.91kB)
    Total RW  Size (RW Data + ZI Data)          33770616 (32979.12kB)
    Total ROM Size (Code + RO Data + RW Data)     130236 ( 127.18kB)

==============================================================================

